2026-07-07 15:06:52,854 - INFO - Args: Namespace(variant='lineB_downsampled_x4_up_ear', data_root=PosixPath('/home/woody/iwnt/iwnt189h/thesis_pointcloud/modelnet40_pointnet2_upsampling/pointnet2_inputs/lineB_downsampled_x4_up/ear'), output_dir=PosixPath('/home/woody/iwnt/iwnt189h/thesis_pointcloud/modelnet40_pointnet2_upsampling/pointnet2_results/x4_two_line_final/lineB_downsampled_x4_up/ear'), log_file=PosixPath('/home/woody/iwnt/iwnt189h/thesis_pointcloud/modelnet40_pointnet2_upsampling/pointnet2_results/x4_two_line_final/lineB_downsampled_x4_up/ear/train.log'), model='pointnet2_cls_ssg', num_category=40, num_point=1024, allow_resample=False, reports_dir=PosixPath('/home/woody/iwnt/iwnt189h/thesis_pointcloud/modelnet40_pointnet2_upsampling/pointnet2_results/x4_two_line_final/lineB_downsampled_x4_up/ear'), batch_size=24, epoch=200, learning_rate=0.001, decay_rate=0.0001, optimizer='Adam', seed=42, gpu='0', use_cpu=False, num_workers=4, max_train_batches=0, max_eval_batches=0)
2026-07-07 15:06:52,908 - INFO - PointNet++ repo: /home/woody/iwnt/iwnt189h/thesis_pointcloud/modelnet40_pointnet2_upsampling/external/Pointnet_Pointnet2_pytorch
2026-07-07 15:06:52,908 - INFO - Data root: /home/woody/iwnt/iwnt189h/thesis_pointcloud/modelnet40_pointnet2_upsampling/pointnet2_inputs/lineB_downsampled_x4_up/ear
2026-07-07 15:06:52,908 - INFO - num_point=1024 allow_resample=False
2026-07-07 15:07:03,159 - INFO - First train sample shape after loader: (1024, 3)
2026-07-07 15:07:03,160 - INFO - Dataset sizes: train=9843 test=2468
2026-07-07 15:07:08,923 - INFO - First train batch tensor shape before device move: (24, 3, 1024) (batch=24, channels=3, points=1024)
2026-07-07 15:07:11,269 - INFO - First train batch loss: 3.663548
2026-07-07 15:09:18,280 - INFO - Epoch 1/200 train_acc=0.4230 test_overall=0.4211 test_class=0.3554
2026-07-07 15:09:18,864 - INFO - Saved checkpoint to /home/woody/iwnt/iwnt189h/thesis_pointcloud/modelnet40_pointnet2_upsampling/pointnet2_results/x4_two_line_final/lineB_downsampled_x4_up/ear/checkpoints/best_model.pth
2026-07-07 15:11:47,212 - INFO - Epoch 2/200 train_acc=0.5475 test_overall=0.5689 test_class=0.5076
2026-07-07 15:11:48,122 - INFO - Saved checkpoint to /home/woody/iwnt/iwnt189h/thesis_pointcloud/modelnet40_pointnet2_upsampling/pointnet2_results/x4_two_line_final/lineB_downsampled_x4_up/ear/checkpoints/best_model.pth
2026-07-07 15:14:15,743 - INFO - Epoch 3/200 train_acc=0.6027 test_overall=0.5799 test_class=0.5153
2026-07-07 15:14:16,319 - INFO - Saved checkpoint to /home/woody/iwnt/iwnt189h/thesis_pointcloud/modelnet40_pointnet2_upsampling/pointnet2_results/x4_two_line_final/lineB_downsampled_x4_up/ear/checkpoints/best_model.pth
2026-07-07 15:16:46,492 - INFO - Epoch 4/200 train_acc=0.6395 test_overall=0.6457 test_class=0.5874
2026-07-07 15:16:47,316 - INFO - Saved checkpoint to /home/woody/iwnt/iwnt189h/thesis_pointcloud/modelnet40_pointnet2_upsampling/pointnet2_results/x4_two_line_final/lineB_downsampled_x4_up/ear/checkpoints/best_model.pth
2026-07-07 15:19:17,512 - INFO - Epoch 5/200 train_acc=0.6750 test_overall=0.7034 test_class=0.6148
2026-07-07 15:19:18,307 - INFO - Saved checkpoint to /home/woody/iwnt/iwnt189h/thesis_pointcloud/modelnet40_pointnet2_upsampling/pointnet2_results/x4_two_line_final/lineB_downsampled_x4_up/ear/checkpoints/best_model.pth
2026-07-07 15:21:51,748 - INFO - Epoch 6/200 train_acc=0.6894 test_overall=0.7397 test_class=0.6570
2026-07-07 15:21:52,317 - INFO - Saved checkpoint to /home/woody/iwnt/iwnt189h/thesis_pointcloud/modelnet40_pointnet2_upsampling/pointnet2_results/x4_two_line_final/lineB_downsampled_x4_up/ear/checkpoints/best_model.pth
2026-07-07 15:24:26,534 - INFO - Epoch 7/200 train_acc=0.7146 test_overall=0.7369 test_class=0.6690
2026-07-07 15:26:59,016 - INFO - Epoch 8/200 train_acc=0.7254 test_overall=0.7028 test_class=0.6387
2026-07-07 15:29:29,506 - INFO - Epoch 9/200 train_acc=0.7403 test_overall=0.7974 test_class=0.7361
2026-07-07 15:29:29,697 - INFO - Saved checkpoint to /home/woody/iwnt/iwnt189h/thesis_pointcloud/modelnet40_pointnet2_upsampling/pointnet2_results/x4_two_line_final/lineB_downsampled_x4_up/ear/checkpoints/best_model.pth
2026-07-07 15:32:03,469 - INFO - Epoch 10/200 train_acc=0.7464 test_overall=0.7938 test_class=0.7345
2026-07-07 15:34:36,007 - INFO - Epoch 11/200 train_acc=0.7590 test_overall=0.7557 test_class=0.6952
2026-07-07 15:37:03,183 - INFO - Epoch 12/200 train_acc=0.7641 test_overall=0.8082 test_class=0.7554
2026-07-07 15:37:03,765 - INFO - Saved checkpoint to /home/woody/iwnt/iwnt189h/thesis_pointcloud/modelnet40_pointnet2_upsampling/pointnet2_results/x4_two_line_final/lineB_downsampled_x4_up/ear/checkpoints/best_model.pth
2026-07-07 15:39:33,602 - INFO - Epoch 13/200 train_acc=0.7812 test_overall=0.8028 test_class=0.7450
2026-07-07 15:42:06,407 - INFO - Epoch 14/200 train_acc=0.7796 test_overall=0.8121 test_class=0.7472
2026-07-07 15:42:07,328 - INFO - Saved checkpoint to /home/woody/iwnt/iwnt189h/thesis_pointcloud/modelnet40_pointnet2_upsampling/pointnet2_results/x4_two_line_final/lineB_downsampled_x4_up/ear/checkpoints/best_model.pth
2026-07-07 15:44:39,084 - INFO - Epoch 15/200 train_acc=0.7822 test_overall=0.7761 test_class=0.7292
2026-07-07 15:47:13,029 - INFO - Epoch 16/200 train_acc=0.7905 test_overall=0.8209 test_class=0.7559
2026-07-07 15:47:13,610 - INFO - Saved checkpoint to /home/woody/iwnt/iwnt189h/thesis_pointcloud/modelnet40_pointnet2_upsampling/pointnet2_results/x4_two_line_final/lineB_downsampled_x4_up/ear/checkpoints/best_model.pth
2026-07-07 15:49:46,596 - INFO - Epoch 17/200 train_acc=0.7864 test_overall=0.8222 test_class=0.7673
2026-07-07 15:49:47,170 - INFO - Saved checkpoint to /home/woody/iwnt/iwnt189h/thesis_pointcloud/modelnet40_pointnet2_upsampling/pointnet2_results/x4_two_line_final/lineB_downsampled_x4_up/ear/checkpoints/best_model.pth
2026-07-07 15:52:16,918 - INFO - Epoch 18/200 train_acc=0.7976 test_overall=0.8069 test_class=0.7533
2026-07-07 15:54:46,216 - INFO - Epoch 19/200 train_acc=0.7972 test_overall=0.8227 test_class=0.7697
2026-07-07 15:54:46,798 - INFO - Saved checkpoint to /home/woody/iwnt/iwnt189h/thesis_pointcloud/modelnet40_pointnet2_upsampling/pointnet2_results/x4_two_line_final/lineB_downsampled_x4_up/ear/checkpoints/best_model.pth
2026-07-07 15:57:18,956 - INFO - Epoch 20/200 train_acc=0.8167 test_overall=0.8556 test_class=0.7913
2026-07-07 15:57:19,412 - INFO - Saved checkpoint to /home/woody/iwnt/iwnt189h/thesis_pointcloud/modelnet40_pointnet2_upsampling/pointnet2_results/x4_two_line_final/lineB_downsampled_x4_up/ear/checkpoints/best_model.pth
2026-07-07 16:00:12,309 - INFO - Epoch 21/200 train_acc=0.8280 test_overall=0.8519 test_class=0.7942
2026-07-07 16:01:50,540 - INFO - Epoch 22/200 train_acc=0.8240 test_overall=0.8451 test_class=0.8001
2026-07-07 16:03:28,415 - INFO - Epoch 23/200 train_acc=0.8255 test_overall=0.8519 test_class=0.8026
2026-07-07 16:05:06,989 - INFO - Epoch 24/200 train_acc=0.8324 test_overall=0.8617 test_class=0.8123
2026-07-07 16:05:07,219 - INFO - Saved checkpoint to /home/woody/iwnt/iwnt189h/thesis_pointcloud/modelnet40_pointnet2_upsampling/pointnet2_results/x4_two_line_final/lineB_downsampled_x4_up/ear/checkpoints/best_model.pth
2026-07-07 16:06:46,369 - INFO - Epoch 25/200 train_acc=0.8349 test_overall=0.8537 test_class=0.7962
2026-07-07 16:08:53,544 - INFO - Epoch 26/200 train_acc=0.8305 test_overall=0.8464 test_class=0.7855
2026-07-07 16:11:22,909 - INFO - Epoch 27/200 train_acc=0.8330 test_overall=0.8483 test_class=0.7907
2026-07-07 16:13:52,663 - INFO - Epoch 28/200 train_acc=0.8327 test_overall=0.8379 test_class=0.7835
2026-07-07 16:16:21,357 - INFO - Epoch 29/200 train_acc=0.8351 test_overall=0.8570 test_class=0.8055
2026-07-07 16:18:50,253 - INFO - Epoch 30/200 train_acc=0.8445 test_overall=0.8245 test_class=0.7768
2026-07-07 16:21:20,785 - INFO - Epoch 31/200 train_acc=0.8387 test_overall=0.8512 test_class=0.8103
2026-07-07 16:23:50,263 - INFO - Epoch 32/200 train_acc=0.8415 test_overall=0.8553 test_class=0.8028
2026-07-07 16:26:49,436 - INFO - Epoch 33/200 train_acc=0.8404 test_overall=0.8511 test_class=0.7977
2026-07-07 16:29:16,973 - INFO - Epoch 34/200 train_acc=0.8487 test_overall=0.8540 test_class=0.8064
2026-07-07 16:32:17,242 - INFO - Epoch 35/200 train_acc=0.8527 test_overall=0.8464 test_class=0.7852
2026-07-07 16:34:42,569 - INFO - Epoch 36/200 train_acc=0.8481 test_overall=0.8612 test_class=0.8112
2026-07-07 16:37:18,113 - INFO - Epoch 37/200 train_acc=0.8491 test_overall=0.8607 test_class=0.7890
2026-07-07 16:39:48,333 - INFO - Epoch 38/200 train_acc=0.8511 test_overall=0.8626 test_class=0.8124
2026-07-07 16:39:49,253 - INFO - Saved checkpoint to /home/woody/iwnt/iwnt189h/thesis_pointcloud/modelnet40_pointnet2_upsampling/pointnet2_results/x4_two_line_final/lineB_downsampled_x4_up/ear/checkpoints/best_model.pth
2026-07-07 16:42:20,590 - INFO - Epoch 39/200 train_acc=0.8566 test_overall=0.8589 test_class=0.8055
2026-07-07 16:45:00,517 - INFO - Epoch 40/200 train_acc=0.8623 test_overall=0.8706 test_class=0.8150
2026-07-07 16:45:01,455 - INFO - Saved checkpoint to /home/woody/iwnt/iwnt189h/thesis_pointcloud/modelnet40_pointnet2_upsampling/pointnet2_results/x4_two_line_final/lineB_downsampled_x4_up/ear/checkpoints/best_model.pth
2026-07-07 16:47:36,389 - INFO - Epoch 41/200 train_acc=0.8677 test_overall=0.8725 test_class=0.8215
2026-07-07 16:47:36,597 - INFO - Saved checkpoint to /home/woody/iwnt/iwnt189h/thesis_pointcloud/modelnet40_pointnet2_upsampling/pointnet2_results/x4_two_line_final/lineB_downsampled_x4_up/ear/checkpoints/best_model.pth
2026-07-07 16:50:18,138 - INFO - Epoch 42/200 train_acc=0.8714 test_overall=0.8706 test_class=0.8258
2026-07-07 16:51:52,309 - INFO - Epoch 43/200 train_acc=0.8728 test_overall=0.8771 test_class=0.8216
2026-07-07 16:51:52,534 - INFO - Saved checkpoint to /home/woody/iwnt/iwnt189h/thesis_pointcloud/modelnet40_pointnet2_upsampling/pointnet2_results/x4_two_line_final/lineB_downsampled_x4_up/ear/checkpoints/best_model.pth
2026-07-07 16:53:27,246 - INFO - Epoch 44/200 train_acc=0.8704 test_overall=0.8652 test_class=0.8118
2026-07-07 16:55:01,409 - INFO - Epoch 45/200 train_acc=0.8694 test_overall=0.8743 test_class=0.8224
2026-07-07 16:56:37,338 - INFO - Epoch 46/200 train_acc=0.8788 test_overall=0.8794 test_class=0.8296
2026-07-07 16:56:37,593 - INFO - Saved checkpoint to /home/woody/iwnt/iwnt189h/thesis_pointcloud/modelnet40_pointnet2_upsampling/pointnet2_results/x4_two_line_final/lineB_downsampled_x4_up/ear/checkpoints/best_model.pth
2026-07-07 16:58:17,369 - INFO - Epoch 47/200 train_acc=0.8744 test_overall=0.8710 test_class=0.8180
2026-07-07 16:59:56,280 - INFO - Epoch 48/200 train_acc=0.8726 test_overall=0.8689 test_class=0.8318
2026-07-07 17:01:39,839 - INFO - Epoch 49/200 train_acc=0.8795 test_overall=0.8689 test_class=0.8207
2026-07-07 17:03:53,019 - INFO - Epoch 50/200 train_acc=0.8836 test_overall=0.8661 test_class=0.8240
2026-07-07 17:06:25,770 - INFO - Epoch 51/200 train_acc=0.8818 test_overall=0.8743 test_class=0.8233
2026-07-07 17:08:56,089 - INFO - Epoch 52/200 train_acc=0.8747 test_overall=0.8713 test_class=0.8169
2026-07-07 17:11:25,153 - INFO - Epoch 53/200 train_acc=0.8798 test_overall=0.8644 test_class=0.8181
2026-07-07 17:13:51,811 - INFO - Epoch 54/200 train_acc=0.8772 test_overall=0.8621 test_class=0.8185
2026-07-07 17:16:12,999 - INFO - Epoch 55/200 train_acc=0.8807 test_overall=0.8711 test_class=0.8227
2026-07-07 17:19:11,320 - INFO - Epoch 56/200 train_acc=0.8803 test_overall=0.8693 test_class=0.8165
2026-07-07 17:21:52,731 - INFO - Epoch 57/200 train_acc=0.8807 test_overall=0.8716 test_class=0.8134
2026-07-07 17:24:21,669 - INFO - Epoch 58/200 train_acc=0.8855 test_overall=0.8697 test_class=0.8347
2026-07-07 17:26:04,048 - INFO - Epoch 59/200 train_acc=0.8865 test_overall=0.8646 test_class=0.8197
2026-07-07 17:27:59,999 - INFO - Epoch 60/200 train_acc=0.8916 test_overall=0.8779 test_class=0.8339
2026-07-07 17:30:31,562 - INFO - Epoch 61/200 train_acc=0.8913 test_overall=0.8791 test_class=0.8446
2026-07-07 17:33:04,925 - INFO - Epoch 62/200 train_acc=0.8981 test_overall=0.8753 test_class=0.8377
2026-07-07 17:35:31,851 - INFO - Epoch 63/200 train_acc=0.8988 test_overall=0.8838 test_class=0.8277
2026-07-07 17:35:32,725 - INFO - Saved checkpoint to /home/woody/iwnt/iwnt189h/thesis_pointcloud/modelnet40_pointnet2_upsampling/pointnet2_results/x4_two_line_final/lineB_downsampled_x4_up/ear/checkpoints/best_model.pth
2026-07-07 17:37:57,978 - INFO - Epoch 64/200 train_acc=0.8936 test_overall=0.8790 test_class=0.8302
2026-07-07 17:40:59,714 - INFO - Epoch 65/200 train_acc=0.8986 test_overall=0.8829 test_class=0.8302
2026-07-07 17:43:27,528 - INFO - Epoch 66/200 train_acc=0.8943 test_overall=0.8770 test_class=0.8425
2026-07-07 17:46:00,169 - INFO - Epoch 67/200 train_acc=0.8992 test_overall=0.8786 test_class=0.8396
2026-07-07 17:50:01,960 - INFO - Epoch 68/200 train_acc=0.9034 test_overall=0.8790 test_class=0.8409
2026-07-07 17:52:15,465 - INFO - Epoch 69/200 train_acc=0.9028 test_overall=0.8788 test_class=0.8388
2026-07-07 17:54:47,485 - INFO - Epoch 70/200 train_acc=0.9022 test_overall=0.8749 test_class=0.8222
2026-07-07 17:57:14,068 - INFO - Epoch 71/200 train_acc=0.8990 test_overall=0.8781 test_class=0.8303
2026-07-07 18:00:51,558 - INFO - Epoch 72/200 train_acc=0.9004 test_overall=0.8837 test_class=0.8365
2026-07-07 18:02:41,876 - INFO - Epoch 73/200 train_acc=0.9055 test_overall=0.8743 test_class=0.8276
2026-07-07 18:04:13,870 - INFO - Epoch 74/200 train_acc=0.9074 test_overall=0.8769 test_class=0.8224
2026-07-07 18:05:45,642 - INFO - Epoch 75/200 train_acc=0.8989 test_overall=0.8774 test_class=0.8452
2026-07-07 18:07:22,538 - INFO - Epoch 76/200 train_acc=0.9063 test_overall=0.8764 test_class=0.8424
2026-07-07 18:08:59,355 - INFO - Epoch 77/200 train_acc=0.9044 test_overall=0.8811 test_class=0.8339
2026-07-07 18:10:36,640 - INFO - Epoch 78/200 train_acc=0.9055 test_overall=0.8705 test_class=0.8232
2026-07-07 18:12:12,479 - INFO - Epoch 79/200 train_acc=0.9083 test_overall=0.8711 test_class=0.8363
2026-07-07 18:13:48,274 - INFO - Epoch 80/200 train_acc=0.9131 test_overall=0.8807 test_class=0.8330
2026-07-07 18:15:23,864 - INFO - Epoch 81/200 train_acc=0.9162 test_overall=0.8881 test_class=0.8390
2026-07-07 18:15:24,083 - INFO - Saved checkpoint to /home/woody/iwnt/iwnt189h/thesis_pointcloud/modelnet40_pointnet2_upsampling/pointnet2_results/x4_two_line_final/lineB_downsampled_x4_up/ear/checkpoints/best_model.pth
2026-07-07 18:16:59,065 - INFO - Epoch 82/200 train_acc=0.9217 test_overall=0.8755 test_class=0.8317
2026-07-07 18:18:34,675 - INFO - Epoch 83/200 train_acc=0.9167 test_overall=0.8819 test_class=0.8467
2026-07-07 18:21:07,063 - INFO - Epoch 84/200 train_acc=0.9177 test_overall=0.8800 test_class=0.8434
2026-07-07 18:22:58,165 - INFO - Epoch 85/200 train_acc=0.9185 test_overall=0.8793 test_class=0.8401
2026-07-07 18:24:53,622 - INFO - Epoch 86/200 train_acc=0.9245 test_overall=0.8815 test_class=0.8326
2026-07-07 18:27:14,298 - INFO - Epoch 87/200 train_acc=0.9193 test_overall=0.8786 test_class=0.8356
2026-07-07 18:29:53,339 - INFO - Epoch 88/200 train_acc=0.9192 test_overall=0.8880 test_class=0.8431
2026-07-07 18:31:38,272 - INFO - Epoch 89/200 train_acc=0.9171 test_overall=0.8809 test_class=0.8359
2026-07-07 18:33:26,544 - INFO - Epoch 90/200 train_acc=0.9206 test_overall=0.8733 test_class=0.8322
2026-07-07 18:35:34,960 - INFO - Epoch 91/200 train_acc=0.9237 test_overall=0.8776 test_class=0.8351
2026-07-07 18:37:42,338 - INFO - Epoch 92/200 train_acc=0.9215 test_overall=0.8753 test_class=0.8415
2026-07-07 18:39:58,992 - INFO - Epoch 93/200 train_acc=0.9229 test_overall=0.8718 test_class=0.8397
2026-07-07 18:42:20,775 - INFO - Epoch 94/200 train_acc=0.9163 test_overall=0.8819 test_class=0.8421
2026-07-07 18:44:40,016 - INFO - Epoch 95/200 train_acc=0.9200 test_overall=0.8806 test_class=0.8457
2026-07-07 18:47:02,118 - INFO - Epoch 96/200 train_acc=0.9252 test_overall=0.8762 test_class=0.8456
2026-07-07 18:49:24,167 - INFO - Epoch 97/200 train_acc=0.9235 test_overall=0.8855 test_class=0.8358
2026-07-07 18:52:27,910 - INFO - Epoch 98/200 train_acc=0.9223 test_overall=0.8828 test_class=0.8553
2026-07-07 18:54:50,752 - INFO - Epoch 99/200 train_acc=0.9247 test_overall=0.8716 test_class=0.8334
2026-07-07 18:57:11,419 - INFO - Epoch 100/200 train_acc=0.9319 test_overall=0.8818 test_class=0.8455
2026-07-07 18:59:23,153 - INFO - Epoch 101/200 train_acc=0.9337 test_overall=0.8826 test_class=0.8483
2026-07-07 19:01:24,218 - INFO - Epoch 102/200 train_acc=0.9336 test_overall=0.8843 test_class=0.8461
2026-07-07 19:03:26,139 - INFO - Epoch 103/200 train_acc=0.9322 test_overall=0.8844 test_class=0.8509
2026-07-07 19:05:43,098 - INFO - Epoch 104/200 train_acc=0.9369 test_overall=0.8816 test_class=0.8454
2026-07-07 19:08:01,284 - INFO - Epoch 105/200 train_acc=0.9339 test_overall=0.8771 test_class=0.8450
2026-07-07 19:10:20,995 - INFO - Epoch 106/200 train_acc=0.9372 test_overall=0.8820 test_class=0.8537
2026-07-07 19:12:35,797 - INFO - Epoch 107/200 train_acc=0.9340 test_overall=0.8799 test_class=0.8444
2026-07-07 19:14:53,699 - INFO - Epoch 108/200 train_acc=0.9378 test_overall=0.8749 test_class=0.8404
2026-07-07 19:17:10,279 - INFO - Epoch 109/200 train_acc=0.9335 test_overall=0.8802 test_class=0.8477
2026-07-07 19:19:19,391 - INFO - Epoch 110/200 train_acc=0.9375 test_overall=0.8773 test_class=0.8468
2026-07-07 19:22:55,236 - INFO - Epoch 111/200 train_acc=0.9377 test_overall=0.8754 test_class=0.8293
2026-07-07 19:24:42,021 - INFO - Epoch 112/200 train_acc=0.9417 test_overall=0.8827 test_class=0.8391
2026-07-07 19:26:27,882 - INFO - Epoch 113/200 train_acc=0.9390 test_overall=0.8748 test_class=0.8407
2026-07-07 19:28:13,990 - INFO - Epoch 114/200 train_acc=0.9386 test_overall=0.8852 test_class=0.8512
2026-07-07 19:29:57,739 - INFO - Epoch 115/200 train_acc=0.9419 test_overall=0.8815 test_class=0.8421
2026-07-07 19:31:43,840 - INFO - Epoch 116/200 train_acc=0.9388 test_overall=0.8881 test_class=0.8450
2026-07-07 19:31:44,050 - INFO - Saved checkpoint to /home/woody/iwnt/iwnt189h/thesis_pointcloud/modelnet40_pointnet2_upsampling/pointnet2_results/x4_two_line_final/lineB_downsampled_x4_up/ear/checkpoints/best_model.pth
2026-07-07 19:33:29,141 - INFO - Epoch 117/200 train_acc=0.9427 test_overall=0.8826 test_class=0.8415
2026-07-07 19:35:28,839 - INFO - Epoch 118/200 train_acc=0.9383 test_overall=0.8810 test_class=0.8492
2026-07-07 19:37:14,304 - INFO - Epoch 119/200 train_acc=0.9407 test_overall=0.8840 test_class=0.8494
2026-07-07 19:38:59,991 - INFO - Epoch 120/200 train_acc=0.9463 test_overall=0.8801 test_class=0.8560
2026-07-07 19:40:45,074 - INFO - Epoch 121/200 train_acc=0.9446 test_overall=0.8855 test_class=0.8485
2026-07-07 19:42:30,487 - INFO - Epoch 122/200 train_acc=0.9429 test_overall=0.8850 test_class=0.8458
2026-07-07 19:44:14,912 - INFO - Epoch 123/200 train_acc=0.9466 test_overall=0.8831 test_class=0.8427
2026-07-07 19:46:00,973 - INFO - Epoch 124/200 train_acc=0.9446 test_overall=0.8761 test_class=0.8445
2026-07-07 19:47:47,563 - INFO - Epoch 125/200 train_acc=0.9519 test_overall=0.8803 test_class=0.8457
2026-07-07 19:49:33,947 - INFO - Epoch 126/200 train_acc=0.9470 test_overall=0.8806 test_class=0.8453
2026-07-07 19:51:20,297 - INFO - Epoch 127/200 train_acc=0.9500 test_overall=0.8813 test_class=0.8388
2026-07-07 19:53:02,050 - INFO - Epoch 128/200 train_acc=0.9511 test_overall=0.8867 test_class=0.8524
2026-07-07 19:54:42,257 - INFO - Epoch 129/200 train_acc=0.9504 test_overall=0.8830 test_class=0.8370
2026-07-07 19:56:23,615 - INFO - Epoch 130/200 train_acc=0.9471 test_overall=0.8870 test_class=0.8525
2026-07-07 19:58:05,992 - INFO - Epoch 131/200 train_acc=0.9498 test_overall=0.8810 test_class=0.8442
2026-07-07 19:59:48,036 - INFO - Epoch 132/200 train_acc=0.9448 test_overall=0.8810 test_class=0.8358
2026-07-07 20:01:30,148 - INFO - Epoch 133/200 train_acc=0.9490 test_overall=0.8852 test_class=0.8407
2026-07-07 20:03:11,922 - INFO - Epoch 134/200 train_acc=0.9499 test_overall=0.8790 test_class=0.8511
2026-07-07 20:04:53,343 - INFO - Epoch 135/200 train_acc=0.9509 test_overall=0.8740 test_class=0.8390
2026-07-07 20:06:34,966 - INFO - Epoch 136/200 train_acc=0.9522 test_overall=0.8756 test_class=0.8396
2026-07-07 20:08:16,552 - INFO - Epoch 137/200 train_acc=0.9503 test_overall=0.8711 test_class=0.8273
2026-07-07 20:09:59,026 - INFO - Epoch 138/200 train_acc=0.9510 test_overall=0.8791 test_class=0.8436
2026-07-07 20:11:40,596 - INFO - Epoch 139/200 train_acc=0.9528 test_overall=0.8732 test_class=0.8299
2026-07-07 20:13:22,129 - INFO - Epoch 140/200 train_acc=0.9502 test_overall=0.8846 test_class=0.8464
2026-07-07 20:15:03,175 - INFO - Epoch 141/200 train_acc=0.9570 test_overall=0.8714 test_class=0.8433
2026-07-07 20:16:42,299 - INFO - Epoch 142/200 train_acc=0.9569 test_overall=0.8778 test_class=0.8468
2026-07-07 20:18:20,785 - INFO - Epoch 143/200 train_acc=0.9582 test_overall=0.8786 test_class=0.8360
2026-07-07 20:19:59,206 - INFO - Epoch 144/200 train_acc=0.9547 test_overall=0.8798 test_class=0.8460
2026-07-07 20:21:37,720 - INFO - Epoch 145/200 train_acc=0.9574 test_overall=0.8838 test_class=0.8417
2026-07-07 20:23:16,064 - INFO - Epoch 146/200 train_acc=0.9557 test_overall=0.8834 test_class=0.8390
2026-07-07 20:24:54,695 - INFO - Epoch 147/200 train_acc=0.9569 test_overall=0.8786 test_class=0.8448
2026-07-07 20:26:32,901 - INFO - Epoch 148/200 train_acc=0.9566 test_overall=0.8794 test_class=0.8428
2026-07-07 20:28:11,550 - INFO - Epoch 149/200 train_acc=0.9567 test_overall=0.8777 test_class=0.8405
2026-07-07 20:29:49,934 - INFO - Epoch 150/200 train_acc=0.9578 test_overall=0.8758 test_class=0.8374
2026-07-07 20:31:27,663 - INFO - Epoch 151/200 train_acc=0.9579 test_overall=0.8750 test_class=0.8333
2026-07-07 20:33:05,686 - INFO - Epoch 152/200 train_acc=0.9600 test_overall=0.8819 test_class=0.8488
2026-07-07 20:34:44,210 - INFO - Epoch 153/200 train_acc=0.9560 test_overall=0.8782 test_class=0.8376
2026-07-07 20:36:22,434 - INFO - Epoch 154/200 train_acc=0.9587 test_overall=0.8803 test_class=0.8552
2026-07-07 20:38:00,093 - INFO - Epoch 155/200 train_acc=0.9579 test_overall=0.8790 test_class=0.8480
2026-07-07 20:39:35,875 - INFO - Epoch 156/200 train_acc=0.9615 test_overall=0.8778 test_class=0.8458
2026-07-07 20:41:13,977 - INFO - Epoch 157/200 train_acc=0.9615 test_overall=0.8798 test_class=0.8529
2026-07-07 20:42:51,425 - INFO - Epoch 158/200 train_acc=0.9604 test_overall=0.8854 test_class=0.8548
2026-07-07 20:44:29,802 - INFO - Epoch 159/200 train_acc=0.9597 test_overall=0.8839 test_class=0.8514
2026-07-07 20:46:05,826 - INFO - Epoch 160/200 train_acc=0.9606 test_overall=0.8811 test_class=0.8525
2026-07-07 20:47:40,298 - INFO - Epoch 161/200 train_acc=0.9643 test_overall=0.8830 test_class=0.8516
2026-07-07 20:49:14,969 - INFO - Epoch 162/200 train_acc=0.9607 test_overall=0.8790 test_class=0.8430
2026-07-07 20:50:49,510 - INFO - Epoch 163/200 train_acc=0.9612 test_overall=0.8765 test_class=0.8456
2026-07-07 20:52:24,032 - INFO - Epoch 164/200 train_acc=0.9616 test_overall=0.8807 test_class=0.8482
2026-07-07 20:53:58,455 - INFO - Epoch 165/200 train_acc=0.9657 test_overall=0.8794 test_class=0.8439
2026-07-07 20:55:33,158 - INFO - Epoch 166/200 train_acc=0.9647 test_overall=0.8798 test_class=0.8408
2026-07-07 20:57:05,862 - INFO - Epoch 167/200 train_acc=0.9634 test_overall=0.8741 test_class=0.8395
2026-07-07 20:58:37,557 - INFO - Epoch 168/200 train_acc=0.9612 test_overall=0.8826 test_class=0.8451
2026-07-07 21:00:09,859 - INFO - Epoch 169/200 train_acc=0.9674 test_overall=0.8818 test_class=0.8477
2026-07-07 21:01:41,546 - INFO - Epoch 170/200 train_acc=0.9642 test_overall=0.8802 test_class=0.8415
2026-07-07 21:03:14,940 - INFO - Epoch 171/200 train_acc=0.9641 test_overall=0.8815 test_class=0.8500
2026-07-07 21:04:46,453 - INFO - Epoch 172/200 train_acc=0.9652 test_overall=0.8830 test_class=0.8494
2026-07-07 21:06:18,483 - INFO - Epoch 173/200 train_acc=0.9634 test_overall=0.8831 test_class=0.8549
2026-07-07 21:07:49,977 - INFO - Epoch 174/200 train_acc=0.9647 test_overall=0.8842 test_class=0.8530
2026-07-07 21:09:21,628 - INFO - Epoch 175/200 train_acc=0.9657 test_overall=0.8826 test_class=0.8429
2026-07-07 21:10:54,369 - INFO - Epoch 176/200 train_acc=0.9664 test_overall=0.8838 test_class=0.8465
2026-07-07 21:12:26,258 - INFO - Epoch 177/200 train_acc=0.9653 test_overall=0.8790 test_class=0.8398
2026-07-07 21:13:58,657 - INFO - Epoch 178/200 train_acc=0.9675 test_overall=0.8862 test_class=0.8451
2026-07-07 21:15:30,199 - INFO - Epoch 179/200 train_acc=0.9636 test_overall=0.8798 test_class=0.8473
2026-07-07 21:17:02,115 - INFO - Epoch 180/200 train_acc=0.9688 test_overall=0.8834 test_class=0.8485
2026-07-07 21:18:33,877 - INFO - Epoch 181/200 train_acc=0.9664 test_overall=0.8820 test_class=0.8442
2026-07-07 21:20:05,593 - INFO - Epoch 182/200 train_acc=0.9646 test_overall=0.8810 test_class=0.8461
2026-07-07 21:21:37,495 - INFO - Epoch 183/200 train_acc=0.9692 test_overall=0.8837 test_class=0.8478
2026-07-07 21:23:09,769 - INFO - Epoch 184/200 train_acc=0.9679 test_overall=0.8817 test_class=0.8406
2026-07-07 21:24:41,366 - INFO - Epoch 185/200 train_acc=0.9649 test_overall=0.8838 test_class=0.8491
2026-07-07 21:26:13,162 - INFO - Epoch 186/200 train_acc=0.9669 test_overall=0.8851 test_class=0.8462
2026-07-07 21:27:44,554 - INFO - Epoch 187/200 train_acc=0.9680 test_overall=0.8813 test_class=0.8412
2026-07-07 21:29:15,639 - INFO - Epoch 188/200 train_acc=0.9663 test_overall=0.8858 test_class=0.8486
2026-07-07 21:30:46,858 - INFO - Epoch 189/200 train_acc=0.9677 test_overall=0.8794 test_class=0.8412
2026-07-07 21:32:18,707 - INFO - Epoch 190/200 train_acc=0.9678 test_overall=0.8811 test_class=0.8443
2026-07-07 21:33:49,470 - INFO - Epoch 191/200 train_acc=0.9699 test_overall=0.8798 test_class=0.8427
2026-07-07 21:35:21,408 - INFO - Epoch 192/200 train_acc=0.9723 test_overall=0.8810 test_class=0.8448
2026-07-07 21:36:52,889 - INFO - Epoch 193/200 train_acc=0.9683 test_overall=0.8841 test_class=0.8460
2026-07-07 21:38:24,554 - INFO - Epoch 194/200 train_acc=0.9697 test_overall=0.8794 test_class=0.8454
2026-07-07 21:39:55,943 - INFO - Epoch 195/200 train_acc=0.9698 test_overall=0.8811 test_class=0.8439
2026-07-07 21:41:27,470 - INFO - Epoch 196/200 train_acc=0.9685 test_overall=0.8765 test_class=0.8348
2026-07-07 21:42:58,823 - INFO - Epoch 197/200 train_acc=0.9694 test_overall=0.8773 test_class=0.8378
2026-07-07 21:44:30,272 - INFO - Epoch 198/200 train_acc=0.9684 test_overall=0.8786 test_class=0.8367
2026-07-07 21:46:01,110 - INFO - Epoch 199/200 train_acc=0.9686 test_overall=0.8782 test_class=0.8463
2026-07-07 21:47:33,770 - INFO - Epoch 200/200 train_acc=0.9686 test_overall=0.8802 test_class=0.8413
2026-07-07 21:47:33,779 - INFO - Training finished. best_overall=0.8881 best_class=0.8450
