2026-07-07 15:07:10,707 - INFO - Args: Namespace(variant='lineB_downsampled_x4_baseline', data_root=PosixPath('/home/woody/iwnt/iwnt189h/thesis_pointcloud/modelnet40_pointnet2_upsampling/pointnet2_inputs/lineB_downsampled_x4_baseline'), output_dir=PosixPath('/home/woody/iwnt/iwnt189h/thesis_pointcloud/modelnet40_pointnet2_upsampling/pointnet2_results/x4_two_line_final/lineB_downsampled_x4_baseline'), log_file=PosixPath('/home/woody/iwnt/iwnt189h/thesis_pointcloud/modelnet40_pointnet2_upsampling/pointnet2_results/x4_two_line_final/lineB_downsampled_x4_baseline/train.log'), model='pointnet2_cls_ssg', num_category=40, num_point=256, allow_resample=False, reports_dir=PosixPath('/home/woody/iwnt/iwnt189h/thesis_pointcloud/modelnet40_pointnet2_upsampling/pointnet2_results/x4_two_line_final/lineB_downsampled_x4_baseline'), batch_size=24, epoch=200, learning_rate=0.001, decay_rate=0.0001, optimizer='Adam', seed=42, gpu='0', use_cpu=False, num_workers=4, max_train_batches=0, max_eval_batches=0)
2026-07-07 15:07:10,708 - INFO - PointNet++ repo: /home/woody/iwnt/iwnt189h/thesis_pointcloud/modelnet40_pointnet2_upsampling/external/Pointnet_Pointnet2_pytorch
2026-07-07 15:07:10,709 - INFO - Data root: /home/woody/iwnt/iwnt189h/thesis_pointcloud/modelnet40_pointnet2_upsampling/pointnet2_inputs/lineB_downsampled_x4_baseline
2026-07-07 15:07:10,709 - INFO - num_point=256 allow_resample=False
2026-07-07 15:07:15,681 - INFO - First train sample shape after loader: (256, 3)
2026-07-07 15:07:15,682 - INFO - Dataset sizes: train=9843 test=2468
2026-07-07 15:07:18,779 - INFO - First train batch tensor shape before device move: (24, 3, 256) (batch=24, channels=3, points=256)
2026-07-07 15:07:19,595 - INFO - First train batch loss: 3.680660
2026-07-07 15:09:25,895 - INFO - Epoch 1/200 train_acc=0.3352 test_overall=0.3228 test_class=0.2630
2026-07-07 15:09:26,671 - INFO - Saved checkpoint to /home/woody/iwnt/iwnt189h/thesis_pointcloud/modelnet40_pointnet2_upsampling/pointnet2_results/x4_two_line_final/lineB_downsampled_x4_baseline/checkpoints/best_model.pth
2026-07-07 15:11:46,738 - INFO - Epoch 2/200 train_acc=0.4316 test_overall=0.4226 test_class=0.3649
2026-07-07 15:11:49,083 - INFO - Saved checkpoint to /home/woody/iwnt/iwnt189h/thesis_pointcloud/modelnet40_pointnet2_upsampling/pointnet2_results/x4_two_line_final/lineB_downsampled_x4_baseline/checkpoints/best_model.pth
2026-07-07 15:14:10,376 - INFO - Epoch 3/200 train_acc=0.5084 test_overall=0.4815 test_class=0.4070
2026-07-07 15:14:10,936 - INFO - Saved checkpoint to /home/woody/iwnt/iwnt189h/thesis_pointcloud/modelnet40_pointnet2_upsampling/pointnet2_results/x4_two_line_final/lineB_downsampled_x4_baseline/checkpoints/best_model.pth
2026-07-07 15:16:30,642 - INFO - Epoch 4/200 train_acc=0.5671 test_overall=0.5960 test_class=0.5347
2026-07-07 15:16:31,232 - INFO - Saved checkpoint to /home/woody/iwnt/iwnt189h/thesis_pointcloud/modelnet40_pointnet2_upsampling/pointnet2_results/x4_two_line_final/lineB_downsampled_x4_baseline/checkpoints/best_model.pth
2026-07-07 15:18:55,778 - INFO - Epoch 5/200 train_acc=0.6102 test_overall=0.6626 test_class=0.5854
2026-07-07 15:18:56,598 - INFO - Saved checkpoint to /home/woody/iwnt/iwnt189h/thesis_pointcloud/modelnet40_pointnet2_upsampling/pointnet2_results/x4_two_line_final/lineB_downsampled_x4_baseline/checkpoints/best_model.pth
2026-07-07 15:21:24,114 - INFO - Epoch 6/200 train_acc=0.6509 test_overall=0.7039 test_class=0.6188
2026-07-07 15:21:24,316 - INFO - Saved checkpoint to /home/woody/iwnt/iwnt189h/thesis_pointcloud/modelnet40_pointnet2_upsampling/pointnet2_results/x4_two_line_final/lineB_downsampled_x4_baseline/checkpoints/best_model.pth
2026-07-07 15:23:48,702 - INFO - Epoch 7/200 train_acc=0.6814 test_overall=0.7345 test_class=0.6633
2026-07-07 15:23:48,899 - INFO - Saved checkpoint to /home/woody/iwnt/iwnt189h/thesis_pointcloud/modelnet40_pointnet2_upsampling/pointnet2_results/x4_two_line_final/lineB_downsampled_x4_baseline/checkpoints/best_model.pth
2026-07-07 15:26:16,121 - INFO - Epoch 8/200 train_acc=0.7018 test_overall=0.7158 test_class=0.6619
2026-07-07 15:28:41,032 - INFO - Epoch 9/200 train_acc=0.7178 test_overall=0.7854 test_class=0.7415
2026-07-07 15:28:41,880 - INFO - Saved checkpoint to /home/woody/iwnt/iwnt189h/thesis_pointcloud/modelnet40_pointnet2_upsampling/pointnet2_results/x4_two_line_final/lineB_downsampled_x4_baseline/checkpoints/best_model.pth
2026-07-07 15:31:12,388 - INFO - Epoch 10/200 train_acc=0.7280 test_overall=0.7998 test_class=0.7494
2026-07-07 15:31:12,583 - INFO - Saved checkpoint to /home/woody/iwnt/iwnt189h/thesis_pointcloud/modelnet40_pointnet2_upsampling/pointnet2_results/x4_two_line_final/lineB_downsampled_x4_baseline/checkpoints/best_model.pth
2026-07-07 15:33:39,201 - INFO - Epoch 11/200 train_acc=0.7377 test_overall=0.8008 test_class=0.7461
2026-07-07 15:33:39,966 - INFO - Saved checkpoint to /home/woody/iwnt/iwnt189h/thesis_pointcloud/modelnet40_pointnet2_upsampling/pointnet2_results/x4_two_line_final/lineB_downsampled_x4_baseline/checkpoints/best_model.pth
2026-07-07 15:36:08,502 - INFO - Epoch 12/200 train_acc=0.7453 test_overall=0.7815 test_class=0.7163
2026-07-07 15:38:38,643 - INFO - Epoch 13/200 train_acc=0.7560 test_overall=0.7741 test_class=0.7146
2026-07-07 15:41:07,540 - INFO - Epoch 14/200 train_acc=0.7577 test_overall=0.7689 test_class=0.7049
2026-07-07 15:43:36,948 - INFO - Epoch 15/200 train_acc=0.7612 test_overall=0.8218 test_class=0.7587
2026-07-07 15:43:37,620 - INFO - Saved checkpoint to /home/woody/iwnt/iwnt189h/thesis_pointcloud/modelnet40_pointnet2_upsampling/pointnet2_results/x4_two_line_final/lineB_downsampled_x4_baseline/checkpoints/best_model.pth
2026-07-07 15:46:07,737 - INFO - Epoch 16/200 train_acc=0.7673 test_overall=0.8380 test_class=0.7720
2026-07-07 15:46:14,419 - INFO - Saved checkpoint to /home/woody/iwnt/iwnt189h/thesis_pointcloud/modelnet40_pointnet2_upsampling/pointnet2_results/x4_two_line_final/lineB_downsampled_x4_baseline/checkpoints/best_model.pth
2026-07-07 15:48:43,696 - INFO - Epoch 17/200 train_acc=0.7693 test_overall=0.8280 test_class=0.7819
2026-07-07 15:51:12,601 - INFO - Epoch 18/200 train_acc=0.7736 test_overall=0.8105 test_class=0.7484
2026-07-07 15:53:33,002 - INFO - Epoch 19/200 train_acc=0.7787 test_overall=0.8242 test_class=0.7731
2026-07-07 15:56:02,598 - INFO - Epoch 20/200 train_acc=0.7990 test_overall=0.8491 test_class=0.7862
2026-07-07 15:56:02,790 - INFO - Saved checkpoint to /home/woody/iwnt/iwnt189h/thesis_pointcloud/modelnet40_pointnet2_upsampling/pointnet2_results/x4_two_line_final/lineB_downsampled_x4_baseline/checkpoints/best_model.pth
2026-07-07 15:58:37,882 - INFO - Epoch 21/200 train_acc=0.8006 test_overall=0.8567 test_class=0.8021
2026-07-07 15:58:38,745 - INFO - Saved checkpoint to /home/woody/iwnt/iwnt189h/thesis_pointcloud/modelnet40_pointnet2_upsampling/pointnet2_results/x4_two_line_final/lineB_downsampled_x4_baseline/checkpoints/best_model.pth
2026-07-07 16:00:52,697 - INFO - Epoch 22/200 train_acc=0.8022 test_overall=0.8441 test_class=0.7921
2026-07-07 16:02:21,944 - INFO - Epoch 23/200 train_acc=0.8013 test_overall=0.8444 test_class=0.7941
2026-07-07 16:03:51,643 - INFO - Epoch 24/200 train_acc=0.8099 test_overall=0.8383 test_class=0.7900
2026-07-07 16:05:21,551 - INFO - Epoch 25/200 train_acc=0.8107 test_overall=0.8588 test_class=0.8000
2026-07-07 16:05:21,759 - INFO - Saved checkpoint to /home/woody/iwnt/iwnt189h/thesis_pointcloud/modelnet40_pointnet2_upsampling/pointnet2_results/x4_two_line_final/lineB_downsampled_x4_baseline/checkpoints/best_model.pth
2026-07-07 16:06:54,254 - INFO - Epoch 26/200 train_acc=0.8128 test_overall=0.8612 test_class=0.8121
2026-07-07 16:06:54,447 - INFO - Saved checkpoint to /home/woody/iwnt/iwnt189h/thesis_pointcloud/modelnet40_pointnet2_upsampling/pointnet2_results/x4_two_line_final/lineB_downsampled_x4_baseline/checkpoints/best_model.pth
2026-07-07 16:08:54,837 - INFO - Epoch 27/200 train_acc=0.8075 test_overall=0.8561 test_class=0.8026
2026-07-07 16:11:20,470 - INFO - Epoch 28/200 train_acc=0.8146 test_overall=0.8541 test_class=0.7818
2026-07-07 16:13:46,194 - INFO - Epoch 29/200 train_acc=0.8129 test_overall=0.8625 test_class=0.8227
2026-07-07 16:13:47,060 - INFO - Saved checkpoint to /home/woody/iwnt/iwnt189h/thesis_pointcloud/modelnet40_pointnet2_upsampling/pointnet2_results/x4_two_line_final/lineB_downsampled_x4_baseline/checkpoints/best_model.pth
2026-07-07 16:16:14,220 - INFO - Epoch 30/200 train_acc=0.8139 test_overall=0.8604 test_class=0.8171
2026-07-07 16:18:39,275 - INFO - Epoch 31/200 train_acc=0.8175 test_overall=0.8645 test_class=0.8187
2026-07-07 16:18:40,186 - INFO - Saved checkpoint to /home/woody/iwnt/iwnt189h/thesis_pointcloud/modelnet40_pointnet2_upsampling/pointnet2_results/x4_two_line_final/lineB_downsampled_x4_baseline/checkpoints/best_model.pth
2026-07-07 16:21:08,275 - INFO - Epoch 32/200 train_acc=0.8200 test_overall=0.8663 test_class=0.8114
2026-07-07 16:21:09,009 - INFO - Saved checkpoint to /home/woody/iwnt/iwnt189h/thesis_pointcloud/modelnet40_pointnet2_upsampling/pointnet2_results/x4_two_line_final/lineB_downsampled_x4_baseline/checkpoints/best_model.pth
2026-07-07 16:23:34,439 - INFO - Epoch 33/200 train_acc=0.8242 test_overall=0.8769 test_class=0.8276
2026-07-07 16:23:35,024 - INFO - Saved checkpoint to /home/woody/iwnt/iwnt189h/thesis_pointcloud/modelnet40_pointnet2_upsampling/pointnet2_results/x4_two_line_final/lineB_downsampled_x4_baseline/checkpoints/best_model.pth
2026-07-07 16:26:46,978 - INFO - Epoch 34/200 train_acc=0.8227 test_overall=0.8578 test_class=0.8173
2026-07-07 16:29:14,968 - INFO - Epoch 35/200 train_acc=0.8341 test_overall=0.8519 test_class=0.8007
2026-07-07 16:32:12,887 - INFO - Epoch 36/200 train_acc=0.8234 test_overall=0.8528 test_class=0.8000
2026-07-07 16:34:41,271 - INFO - Epoch 37/200 train_acc=0.8189 test_overall=0.8644 test_class=0.8262
2026-07-07 16:37:13,190 - INFO - Epoch 38/200 train_acc=0.8282 test_overall=0.8660 test_class=0.8203
2026-07-07 16:39:35,070 - INFO - Epoch 39/200 train_acc=0.8269 test_overall=0.8501 test_class=0.7949
2026-07-07 16:41:58,331 - INFO - Epoch 40/200 train_acc=0.8373 test_overall=0.8841 test_class=0.8372
2026-07-07 16:41:58,533 - INFO - Saved checkpoint to /home/woody/iwnt/iwnt189h/thesis_pointcloud/modelnet40_pointnet2_upsampling/pointnet2_results/x4_two_line_final/lineB_downsampled_x4_baseline/checkpoints/best_model.pth
2026-07-07 16:44:33,308 - INFO - Epoch 41/200 train_acc=0.8418 test_overall=0.8718 test_class=0.8381
2026-07-07 16:46:59,216 - INFO - Epoch 42/200 train_acc=0.8473 test_overall=0.8731 test_class=0.8373
2026-07-07 16:49:54,328 - INFO - Epoch 43/200 train_acc=0.8475 test_overall=0.8809 test_class=0.8277
2026-07-07 16:51:30,593 - INFO - Epoch 44/200 train_acc=0.8482 test_overall=0.8734 test_class=0.8040
2026-07-07 16:53:06,859 - INFO - Epoch 45/200 train_acc=0.8486 test_overall=0.8836 test_class=0.8286
2026-07-07 16:54:43,581 - INFO - Epoch 46/200 train_acc=0.8475 test_overall=0.8771 test_class=0.8354
2026-07-07 16:56:19,766 - INFO - Epoch 47/200 train_acc=0.8528 test_overall=0.8781 test_class=0.8432
2026-07-07 16:57:55,415 - INFO - Epoch 48/200 train_acc=0.8460 test_overall=0.8802 test_class=0.8423
2026-07-07 16:59:31,005 - INFO - Epoch 49/200 train_acc=0.8573 test_overall=0.8863 test_class=0.8446
2026-07-07 16:59:31,246 - INFO - Saved checkpoint to /home/woody/iwnt/iwnt189h/thesis_pointcloud/modelnet40_pointnet2_upsampling/pointnet2_results/x4_two_line_final/lineB_downsampled_x4_baseline/checkpoints/best_model.pth
2026-07-07 17:01:08,522 - INFO - Epoch 50/200 train_acc=0.8580 test_overall=0.8833 test_class=0.8338
2026-07-07 17:03:03,876 - INFO - Epoch 51/200 train_acc=0.8535 test_overall=0.8823 test_class=0.8408
2026-07-07 17:05:33,351 - INFO - Epoch 52/200 train_acc=0.8580 test_overall=0.8850 test_class=0.8237
2026-07-07 17:08:01,165 - INFO - Epoch 53/200 train_acc=0.8514 test_overall=0.8862 test_class=0.8538
2026-07-07 17:10:27,743 - INFO - Epoch 54/200 train_acc=0.8538 test_overall=0.8761 test_class=0.8413
2026-07-07 17:12:52,209 - INFO - Epoch 55/200 train_acc=0.8627 test_overall=0.8750 test_class=0.8252
2026-07-07 17:15:15,070 - INFO - Epoch 56/200 train_acc=0.8553 test_overall=0.8824 test_class=0.8335
2026-07-07 17:17:37,728 - INFO - Epoch 57/200 train_acc=0.8551 test_overall=0.8788 test_class=0.8221
2026-07-07 17:20:56,123 - INFO - Epoch 58/200 train_acc=0.8507 test_overall=0.8858 test_class=0.8415
2026-07-07 17:23:39,565 - INFO - Epoch 59/200 train_acc=0.8581 test_overall=0.8755 test_class=0.8367
2026-07-07 17:25:13,841 - INFO - Epoch 60/200 train_acc=0.8648 test_overall=0.8896 test_class=0.8550
2026-07-07 17:25:14,035 - INFO - Saved checkpoint to /home/woody/iwnt/iwnt189h/thesis_pointcloud/modelnet40_pointnet2_upsampling/pointnet2_results/x4_two_line_final/lineB_downsampled_x4_baseline/checkpoints/best_model.pth
2026-07-07 17:26:55,449 - INFO - Epoch 61/200 train_acc=0.8677 test_overall=0.8894 test_class=0.8363
2026-07-07 17:29:03,378 - INFO - Epoch 62/200 train_acc=0.8620 test_overall=0.8871 test_class=0.8387
2026-07-07 17:31:36,058 - INFO - Epoch 63/200 train_acc=0.8731 test_overall=0.8880 test_class=0.8352
2026-07-07 17:34:02,659 - INFO - Epoch 64/200 train_acc=0.8704 test_overall=0.8878 test_class=0.8403
2026-07-07 17:36:22,818 - INFO - Epoch 65/200 train_acc=0.8718 test_overall=0.8834 test_class=0.8432
2026-07-07 17:38:48,894 - INFO - Epoch 66/200 train_acc=0.8737 test_overall=0.8939 test_class=0.8492
2026-07-07 17:38:49,758 - INFO - Saved checkpoint to /home/woody/iwnt/iwnt189h/thesis_pointcloud/modelnet40_pointnet2_upsampling/pointnet2_results/x4_two_line_final/lineB_downsampled_x4_baseline/checkpoints/best_model.pth
2026-07-07 17:41:45,686 - INFO - Epoch 67/200 train_acc=0.8706 test_overall=0.8928 test_class=0.8547
2026-07-07 17:44:13,900 - INFO - Epoch 68/200 train_acc=0.8782 test_overall=0.8858 test_class=0.8416
2026-07-07 17:46:38,533 - INFO - Epoch 69/200 train_acc=0.8746 test_overall=0.8837 test_class=0.8337
2026-07-07 17:50:00,647 - INFO - Epoch 70/200 train_acc=0.8770 test_overall=0.8859 test_class=0.8410
2026-07-07 17:52:13,716 - INFO - Epoch 71/200 train_acc=0.8684 test_overall=0.8854 test_class=0.8351
2026-07-07 17:54:41,379 - INFO - Epoch 72/200 train_acc=0.8753 test_overall=0.8935 test_class=0.8505
2026-07-07 17:57:06,442 - INFO - Epoch 73/200 train_acc=0.8797 test_overall=0.8803 test_class=0.8431
2026-07-07 18:00:27,859 - INFO - Epoch 74/200 train_acc=0.8808 test_overall=0.8955 test_class=0.8568
2026-07-07 18:00:28,704 - INFO - Saved checkpoint to /home/woody/iwnt/iwnt189h/thesis_pointcloud/modelnet40_pointnet2_upsampling/pointnet2_results/x4_two_line_final/lineB_downsampled_x4_baseline/checkpoints/best_model.pth
2026-07-07 18:02:35,440 - INFO - Epoch 75/200 train_acc=0.8833 test_overall=0.8883 test_class=0.8530
2026-07-07 18:04:06,983 - INFO - Epoch 76/200 train_acc=0.8758 test_overall=0.8936 test_class=0.8612
2026-07-07 18:05:38,201 - INFO - Epoch 77/200 train_acc=0.8811 test_overall=0.8943 test_class=0.8532
2026-07-07 18:07:10,700 - INFO - Epoch 78/200 train_acc=0.8819 test_overall=0.8900 test_class=0.8454
2026-07-07 18:08:43,029 - INFO - Epoch 79/200 train_acc=0.8752 test_overall=0.8972 test_class=0.8739
2026-07-07 18:08:43,254 - INFO - Saved checkpoint to /home/woody/iwnt/iwnt189h/thesis_pointcloud/modelnet40_pointnet2_upsampling/pointnet2_results/x4_two_line_final/lineB_downsampled_x4_baseline/checkpoints/best_model.pth
2026-07-07 18:10:15,088 - INFO - Epoch 80/200 train_acc=0.8818 test_overall=0.8855 test_class=0.8484
2026-07-07 18:11:42,430 - INFO - Epoch 81/200 train_acc=0.8875 test_overall=0.8945 test_class=0.8383
2026-07-07 18:13:10,281 - INFO - Epoch 82/200 train_acc=0.8856 test_overall=0.9042 test_class=0.8659
2026-07-07 18:13:10,502 - INFO - Saved checkpoint to /home/woody/iwnt/iwnt189h/thesis_pointcloud/modelnet40_pointnet2_upsampling/pointnet2_results/x4_two_line_final/lineB_downsampled_x4_baseline/checkpoints/best_model.pth
2026-07-07 18:14:38,250 - INFO - Epoch 83/200 train_acc=0.8902 test_overall=0.8992 test_class=0.8631
2026-07-07 18:16:06,411 - INFO - Epoch 84/200 train_acc=0.8916 test_overall=0.8960 test_class=0.8586
2026-07-07 18:17:33,916 - INFO - Epoch 85/200 train_acc=0.8873 test_overall=0.9001 test_class=0.8594
2026-07-07 18:19:02,715 - INFO - Epoch 86/200 train_acc=0.8880 test_overall=0.8995 test_class=0.8650
2026-07-07 18:21:28,247 - INFO - Epoch 87/200 train_acc=0.8895 test_overall=0.8988 test_class=0.8543
2026-07-07 18:23:02,362 - INFO - Epoch 88/200 train_acc=0.8903 test_overall=0.9016 test_class=0.8600
2026-07-07 18:24:40,801 - INFO - Epoch 89/200 train_acc=0.8902 test_overall=0.9001 test_class=0.8574
2026-07-07 18:26:48,899 - INFO - Epoch 90/200 train_acc=0.8931 test_overall=0.8951 test_class=0.8580
2026-07-07 18:29:21,935 - INFO - Epoch 91/200 train_acc=0.8882 test_overall=0.8959 test_class=0.8549
2026-07-07 18:30:51,924 - INFO - Epoch 92/200 train_acc=0.8904 test_overall=0.8972 test_class=0.8578
2026-07-07 18:32:23,765 - INFO - Epoch 93/200 train_acc=0.8936 test_overall=0.8943 test_class=0.8526
2026-07-07 18:33:56,589 - INFO - Epoch 94/200 train_acc=0.8960 test_overall=0.8964 test_class=0.8541
2026-07-07 18:35:56,690 - INFO - Epoch 95/200 train_acc=0.8925 test_overall=0.8968 test_class=0.8541
2026-07-07 18:37:48,238 - INFO - Epoch 96/200 train_acc=0.8888 test_overall=0.8956 test_class=0.8536
2026-07-07 18:39:52,110 - INFO - Epoch 97/200 train_acc=0.8962 test_overall=0.8933 test_class=0.8521
2026-07-07 18:41:57,145 - INFO - Epoch 98/200 train_acc=0.8968 test_overall=0.8941 test_class=0.8541
2026-07-07 18:43:59,915 - INFO - Epoch 99/200 train_acc=0.8931 test_overall=0.8981 test_class=0.8603
2026-07-07 18:46:05,184 - INFO - Epoch 100/200 train_acc=0.8992 test_overall=0.8986 test_class=0.8639
2026-07-07 18:48:10,180 - INFO - Epoch 101/200 train_acc=0.9025 test_overall=0.9015 test_class=0.8614
2026-07-07 18:50:15,007 - INFO - Epoch 102/200 train_acc=0.8976 test_overall=0.8992 test_class=0.8535
2026-07-07 18:52:24,587 - INFO - Epoch 103/200 train_acc=0.9008 test_overall=0.9011 test_class=0.8627
2026-07-07 18:54:28,205 - INFO - Epoch 104/200 train_acc=0.9047 test_overall=0.9036 test_class=0.8639
2026-07-07 18:56:34,134 - INFO - Epoch 105/200 train_acc=0.9026 test_overall=0.8994 test_class=0.8597
2026-07-07 18:58:34,035 - INFO - Epoch 106/200 train_acc=0.8991 test_overall=0.9010 test_class=0.8669
2026-07-07 19:00:22,294 - INFO - Epoch 107/200 train_acc=0.9027 test_overall=0.8997 test_class=0.8610
2026-07-07 19:02:13,592 - INFO - Epoch 108/200 train_acc=0.9049 test_overall=0.9040 test_class=0.8694
2026-07-07 19:04:08,475 - INFO - Epoch 109/200 train_acc=0.9013 test_overall=0.8978 test_class=0.8584
2026-07-07 19:06:11,635 - INFO - Epoch 110/200 train_acc=0.9072 test_overall=0.9053 test_class=0.8758
2026-07-07 19:06:11,841 - INFO - Saved checkpoint to /home/woody/iwnt/iwnt189h/thesis_pointcloud/modelnet40_pointnet2_upsampling/pointnet2_results/x4_two_line_final/lineB_downsampled_x4_baseline/checkpoints/best_model.pth
2026-07-07 19:08:13,137 - INFO - Epoch 111/200 train_acc=0.9045 test_overall=0.9030 test_class=0.8717
2026-07-07 19:10:17,594 - INFO - Epoch 112/200 train_acc=0.9036 test_overall=0.9015 test_class=0.8611
2026-07-07 19:12:22,760 - INFO - Epoch 113/200 train_acc=0.9080 test_overall=0.9029 test_class=0.8670
2026-07-07 19:14:23,675 - INFO - Epoch 114/200 train_acc=0.9040 test_overall=0.9009 test_class=0.8697
2026-07-07 19:16:31,519 - INFO - Epoch 115/200 train_acc=0.9087 test_overall=0.9006 test_class=0.8657
2026-07-07 19:18:20,953 - INFO - Epoch 116/200 train_acc=0.8992 test_overall=0.9016 test_class=0.8616
2026-07-07 19:20:21,258 - INFO - Epoch 117/200 train_acc=0.9068 test_overall=0.9029 test_class=0.8700
2026-07-07 19:23:30,991 - INFO - Epoch 118/200 train_acc=0.9023 test_overall=0.8972 test_class=0.8520
2026-07-07 19:25:00,894 - INFO - Epoch 119/200 train_acc=0.9068 test_overall=0.8956 test_class=0.8629
2026-07-07 19:26:30,546 - INFO - Epoch 120/200 train_acc=0.9072 test_overall=0.9014 test_class=0.8695
2026-07-07 19:28:00,312 - INFO - Epoch 121/200 train_acc=0.9078 test_overall=0.9006 test_class=0.8697
2026-07-07 19:29:29,602 - INFO - Epoch 122/200 train_acc=0.9102 test_overall=0.9006 test_class=0.8661
2026-07-07 19:30:58,422 - INFO - Epoch 123/200 train_acc=0.9103 test_overall=0.9058 test_class=0.8769
2026-07-07 19:30:58,649 - INFO - Saved checkpoint to /home/woody/iwnt/iwnt189h/thesis_pointcloud/modelnet40_pointnet2_upsampling/pointnet2_results/x4_two_line_final/lineB_downsampled_x4_baseline/checkpoints/best_model.pth
2026-07-07 19:32:28,907 - INFO - Epoch 124/200 train_acc=0.9111 test_overall=0.9085 test_class=0.8737
2026-07-07 19:32:29,151 - INFO - Saved checkpoint to /home/woody/iwnt/iwnt189h/thesis_pointcloud/modelnet40_pointnet2_upsampling/pointnet2_results/x4_two_line_final/lineB_downsampled_x4_baseline/checkpoints/best_model.pth
2026-07-07 19:33:58,554 - INFO - Epoch 125/200 train_acc=0.9103 test_overall=0.9012 test_class=0.8722
2026-07-07 19:35:49,977 - INFO - Epoch 126/200 train_acc=0.9088 test_overall=0.9033 test_class=0.8771
2026-07-07 19:37:19,935 - INFO - Epoch 127/200 train_acc=0.9104 test_overall=0.9053 test_class=0.8732
2026-07-07 19:38:49,808 - INFO - Epoch 128/200 train_acc=0.9174 test_overall=0.9008 test_class=0.8677
2026-07-07 19:40:19,624 - INFO - Epoch 129/200 train_acc=0.9165 test_overall=0.9008 test_class=0.8618
2026-07-07 19:41:49,462 - INFO - Epoch 130/200 train_acc=0.9115 test_overall=0.9066 test_class=0.8753
2026-07-07 19:43:19,021 - INFO - Epoch 131/200 train_acc=0.9136 test_overall=0.9053 test_class=0.8664
2026-07-07 19:44:48,729 - INFO - Epoch 132/200 train_acc=0.9119 test_overall=0.9049 test_class=0.8667
2026-07-07 19:46:18,748 - INFO - Epoch 133/200 train_acc=0.9124 test_overall=0.8985 test_class=0.8642
2026-07-07 19:47:48,354 - INFO - Epoch 134/200 train_acc=0.9151 test_overall=0.9020 test_class=0.8620
2026-07-07 19:49:18,372 - INFO - Epoch 135/200 train_acc=0.9110 test_overall=0.8957 test_class=0.8593
2026-07-07 19:50:48,358 - INFO - Epoch 136/200 train_acc=0.9167 test_overall=0.9054 test_class=0.8720
2026-07-07 19:52:18,371 - INFO - Epoch 137/200 train_acc=0.9138 test_overall=0.9002 test_class=0.8658
2026-07-07 19:53:46,886 - INFO - Epoch 138/200 train_acc=0.9143 test_overall=0.8956 test_class=0.8591
2026-07-07 19:55:15,671 - INFO - Epoch 139/200 train_acc=0.9168 test_overall=0.9010 test_class=0.8665
2026-07-07 19:56:45,026 - INFO - Epoch 140/200 train_acc=0.9172 test_overall=0.9010 test_class=0.8666
2026-07-07 19:58:14,566 - INFO - Epoch 141/200 train_acc=0.9189 test_overall=0.9014 test_class=0.8672
2026-07-07 19:59:43,624 - INFO - Epoch 142/200 train_acc=0.9202 test_overall=0.9022 test_class=0.8625
2026-07-07 20:01:12,743 - INFO - Epoch 143/200 train_acc=0.9194 test_overall=0.9018 test_class=0.8647
2026-07-07 20:02:42,259 - INFO - Epoch 144/200 train_acc=0.9214 test_overall=0.9018 test_class=0.8627
2026-07-07 20:04:11,136 - INFO - Epoch 145/200 train_acc=0.9195 test_overall=0.9020 test_class=0.8696
2026-07-07 20:05:40,275 - INFO - Epoch 146/200 train_acc=0.9187 test_overall=0.9039 test_class=0.8677
2026-07-07 20:07:08,979 - INFO - Epoch 147/200 train_acc=0.9174 test_overall=0.9012 test_class=0.8678
2026-07-07 20:08:38,187 - INFO - Epoch 148/200 train_acc=0.9190 test_overall=0.8997 test_class=0.8665
2026-07-07 20:10:07,326 - INFO - Epoch 149/200 train_acc=0.9251 test_overall=0.9066 test_class=0.8779
2026-07-07 20:11:36,990 - INFO - Epoch 150/200 train_acc=0.9185 test_overall=0.8981 test_class=0.8662
2026-07-07 20:13:06,445 - INFO - Epoch 151/200 train_acc=0.9231 test_overall=0.9026 test_class=0.8609
2026-07-07 20:14:35,178 - INFO - Epoch 152/200 train_acc=0.9180 test_overall=0.8997 test_class=0.8672
2026-07-07 20:16:05,350 - INFO - Epoch 153/200 train_acc=0.9257 test_overall=0.8989 test_class=0.8710
2026-07-07 20:17:36,197 - INFO - Epoch 154/200 train_acc=0.9217 test_overall=0.8985 test_class=0.8657
2026-07-07 20:19:07,019 - INFO - Epoch 155/200 train_acc=0.9184 test_overall=0.9013 test_class=0.8651
2026-07-07 20:20:37,771 - INFO - Epoch 156/200 train_acc=0.9208 test_overall=0.9006 test_class=0.8715
2026-07-07 20:22:08,625 - INFO - Epoch 157/200 train_acc=0.9210 test_overall=0.9022 test_class=0.8717
2026-07-07 20:23:39,782 - INFO - Epoch 158/200 train_acc=0.9210 test_overall=0.9040 test_class=0.8739
2026-07-07 20:25:10,615 - INFO - Epoch 159/200 train_acc=0.9195 test_overall=0.9042 test_class=0.8780
2026-07-07 20:26:41,613 - INFO - Epoch 160/200 train_acc=0.9255 test_overall=0.9046 test_class=0.8778
2026-07-07 20:28:12,788 - INFO - Epoch 161/200 train_acc=0.9213 test_overall=0.9018 test_class=0.8681
2026-07-07 20:29:43,210 - INFO - Epoch 162/200 train_acc=0.9236 test_overall=0.9022 test_class=0.8659
2026-07-07 20:31:12,984 - INFO - Epoch 163/200 train_acc=0.9223 test_overall=0.9006 test_class=0.8643
2026-07-07 20:32:42,728 - INFO - Epoch 164/200 train_acc=0.9190 test_overall=0.8994 test_class=0.8664
2026-07-07 20:34:13,587 - INFO - Epoch 165/200 train_acc=0.9239 test_overall=0.9030 test_class=0.8707
2026-07-07 20:35:45,661 - INFO - Epoch 166/200 train_acc=0.9246 test_overall=0.9005 test_class=0.8638
2026-07-07 20:37:18,816 - INFO - Epoch 167/200 train_acc=0.9221 test_overall=0.9026 test_class=0.8722
2026-07-07 20:38:53,146 - INFO - Epoch 168/200 train_acc=0.9262 test_overall=0.8994 test_class=0.8623
2026-07-07 20:40:27,495 - INFO - Epoch 169/200 train_acc=0.9255 test_overall=0.9050 test_class=0.8744
2026-07-07 20:42:01,617 - INFO - Epoch 170/200 train_acc=0.9265 test_overall=0.8989 test_class=0.8615
2026-07-07 20:43:34,910 - INFO - Epoch 171/200 train_acc=0.9251 test_overall=0.8972 test_class=0.8678
2026-07-07 20:45:09,390 - INFO - Epoch 172/200 train_acc=0.9265 test_overall=0.9049 test_class=0.8740
2026-07-07 20:46:43,698 - INFO - Epoch 173/200 train_acc=0.9270 test_overall=0.9038 test_class=0.8759
2026-07-07 20:48:18,180 - INFO - Epoch 174/200 train_acc=0.9248 test_overall=0.9042 test_class=0.8753
2026-07-07 20:49:53,109 - INFO - Epoch 175/200 train_acc=0.9284 test_overall=0.9041 test_class=0.8757
2026-07-07 20:51:27,618 - INFO - Epoch 176/200 train_acc=0.9252 test_overall=0.9054 test_class=0.8753
2026-07-07 20:53:02,032 - INFO - Epoch 177/200 train_acc=0.9283 test_overall=0.9006 test_class=0.8654
2026-07-07 20:54:36,332 - INFO - Epoch 178/200 train_acc=0.9322 test_overall=0.9006 test_class=0.8653
2026-07-07 20:56:10,867 - INFO - Epoch 179/200 train_acc=0.9297 test_overall=0.9018 test_class=0.8742
2026-07-07 20:57:43,546 - INFO - Epoch 180/200 train_acc=0.9282 test_overall=0.9046 test_class=0.8728
2026-07-07 20:59:14,787 - INFO - Epoch 181/200 train_acc=0.9276 test_overall=0.9017 test_class=0.8706
2026-07-07 21:00:45,976 - INFO - Epoch 182/200 train_acc=0.9283 test_overall=0.9026 test_class=0.8756
2026-07-07 21:02:17,234 - INFO - Epoch 183/200 train_acc=0.9316 test_overall=0.9026 test_class=0.8744
2026-07-07 21:03:48,159 - INFO - Epoch 184/200 train_acc=0.9306 test_overall=0.9030 test_class=0.8752
2026-07-07 21:05:19,350 - INFO - Epoch 185/200 train_acc=0.9257 test_overall=0.9053 test_class=0.8774
2026-07-07 21:06:50,488 - INFO - Epoch 186/200 train_acc=0.9276 test_overall=0.9026 test_class=0.8780
2026-07-07 21:08:21,243 - INFO - Epoch 187/200 train_acc=0.9324 test_overall=0.9038 test_class=0.8730
2026-07-07 21:09:52,264 - INFO - Epoch 188/200 train_acc=0.9299 test_overall=0.9054 test_class=0.8806
2026-07-07 21:11:23,392 - INFO - Epoch 189/200 train_acc=0.9269 test_overall=0.9005 test_class=0.8669
2026-07-07 21:12:54,522 - INFO - Epoch 190/200 train_acc=0.9287 test_overall=0.9012 test_class=0.8735
2026-07-07 21:14:25,669 - INFO - Epoch 191/200 train_acc=0.9286 test_overall=0.9026 test_class=0.8718
2026-07-07 21:15:56,512 - INFO - Epoch 192/200 train_acc=0.9282 test_overall=0.9049 test_class=0.8699
2026-07-07 21:17:27,350 - INFO - Epoch 193/200 train_acc=0.9292 test_overall=0.9018 test_class=0.8661
2026-07-07 21:18:58,069 - INFO - Epoch 194/200 train_acc=0.9327 test_overall=0.9074 test_class=0.8785
2026-07-07 21:20:28,880 - INFO - Epoch 195/200 train_acc=0.9324 test_overall=0.9062 test_class=0.8769
2026-07-07 21:22:04,641 - INFO - Epoch 196/200 train_acc=0.9331 test_overall=0.9018 test_class=0.8725
2026-07-07 21:23:35,863 - INFO - Epoch 197/200 train_acc=0.9306 test_overall=0.8994 test_class=0.8755
2026-07-07 21:25:07,202 - INFO - Epoch 198/200 train_acc=0.9320 test_overall=0.9034 test_class=0.8728
2026-07-07 21:26:38,340 - INFO - Epoch 199/200 train_acc=0.9316 test_overall=0.9038 test_class=0.8744
2026-07-07 21:28:09,233 - INFO - Epoch 200/200 train_acc=0.9298 test_overall=0.9046 test_class=0.8752
2026-07-07 21:28:09,249 - INFO - Training finished. best_overall=0.9085 best_class=0.8737
