2026-08-03 16:34:23,165 - INFO - Args: Namespace(variant='mesh_ref_baseline_4096', data_root=PosixPath('/home/woody/iwnt/iwnt189h/thesis_pointcloud/modelnet40_pointnet2_upsampling/pointnet2_inputs/mesh_ref_baseline_4096'), output_dir=PosixPath('/home/woody/iwnt/iwnt189h/thesis_pointcloud/modelnet40_pointnet2_upsampling/pointnet2_results/x4_two_line_final/mesh_ref_baseline_4096'), log_file=PosixPath('/home/woody/iwnt/iwnt189h/thesis_pointcloud/modelnet40_pointnet2_upsampling/pointnet2_results/x4_two_line_final/mesh_ref_baseline_4096/train.log'), model='pointnet2_cls_ssg', num_category=40, num_point=4096, allow_resample=False, reports_dir=PosixPath('/home/woody/iwnt/iwnt189h/thesis_pointcloud/modelnet40_pointnet2_upsampling/pointnet2_results/x4_two_line_final/mesh_ref_baseline_4096'), batch_size=24, epoch=200, learning_rate=0.001, decay_rate=0.0001, optimizer='Adam', seed=42, gpu='0', use_cpu=False, num_workers=4, max_train_batches=0, max_eval_batches=0)
2026-08-03 16:34:23,165 - INFO - PointNet++ repo: /home/woody/iwnt/iwnt189h/thesis_pointcloud/modelnet40_pointnet2_upsampling/external/Pointnet_Pointnet2_pytorch
2026-08-03 16:34:23,166 - INFO - Data root: /home/woody/iwnt/iwnt189h/thesis_pointcloud/modelnet40_pointnet2_upsampling/pointnet2_inputs/mesh_ref_baseline_4096
2026-08-03 16:34:23,166 - INFO - num_point=4096 allow_resample=False
2026-08-03 16:34:26,229 - INFO - First train sample shape after loader: (4096, 3)
2026-08-03 16:34:26,229 - INFO - Dataset sizes: train=9843 test=2468
2026-08-03 16:34:30,191 - INFO - First train batch tensor shape before device move: (24, 3, 4096) (batch=24, channels=3, points=4096)
2026-08-03 16:34:32,019 - INFO - First train batch loss: 3.734762
2026-08-03 16:37:00,367 - INFO - Epoch 1/200 train_acc=0.5862 test_overall=0.7197 test_class=0.6183
2026-08-03 16:37:00,559 - INFO - Saved checkpoint to /home/woody/iwnt/iwnt189h/thesis_pointcloud/modelnet40_pointnet2_upsampling/pointnet2_results/x4_two_line_final/mesh_ref_baseline_4096/checkpoints/best_model.pth
2026-08-03 16:39:27,475 - INFO - Epoch 2/200 train_acc=0.7316 test_overall=0.7543 test_class=0.6577
2026-08-03 16:39:27,669 - INFO - Saved checkpoint to /home/woody/iwnt/iwnt189h/thesis_pointcloud/modelnet40_pointnet2_upsampling/pointnet2_results/x4_two_line_final/mesh_ref_baseline_4096/checkpoints/best_model.pth
2026-08-03 16:41:54,324 - INFO - Epoch 3/200 train_acc=0.7710 test_overall=0.7964 test_class=0.7288
2026-08-03 16:41:54,518 - INFO - Saved checkpoint to /home/woody/iwnt/iwnt189h/thesis_pointcloud/modelnet40_pointnet2_upsampling/pointnet2_results/x4_two_line_final/mesh_ref_baseline_4096/checkpoints/best_model.pth
2026-08-03 16:44:19,940 - INFO - Epoch 4/200 train_acc=0.8009 test_overall=0.8397 test_class=0.7586
2026-08-03 16:44:20,131 - INFO - Saved checkpoint to /home/woody/iwnt/iwnt189h/thesis_pointcloud/modelnet40_pointnet2_upsampling/pointnet2_results/x4_two_line_final/mesh_ref_baseline_4096/checkpoints/best_model.pth
2026-08-03 16:46:47,584 - INFO - Epoch 5/200 train_acc=0.8150 test_overall=0.8375 test_class=0.7735
2026-08-03 16:49:13,276 - INFO - Epoch 6/200 train_acc=0.8307 test_overall=0.8578 test_class=0.7966
2026-08-03 16:49:13,468 - INFO - Saved checkpoint to /home/woody/iwnt/iwnt189h/thesis_pointcloud/modelnet40_pointnet2_upsampling/pointnet2_results/x4_two_line_final/mesh_ref_baseline_4096/checkpoints/best_model.pth
2026-08-03 16:51:39,991 - INFO - Epoch 7/200 train_acc=0.8309 test_overall=0.8490 test_class=0.7994
2026-08-03 16:54:06,254 - INFO - Epoch 8/200 train_acc=0.8409 test_overall=0.8489 test_class=0.7712
2026-08-03 16:56:32,725 - INFO - Epoch 9/200 train_acc=0.8472 test_overall=0.8618 test_class=0.8195
2026-08-03 16:56:33,105 - INFO - Saved checkpoint to /home/woody/iwnt/iwnt189h/thesis_pointcloud/modelnet40_pointnet2_upsampling/pointnet2_results/x4_two_line_final/mesh_ref_baseline_4096/checkpoints/best_model.pth
2026-08-03 16:59:02,086 - INFO - Epoch 10/200 train_acc=0.8519 test_overall=0.8668 test_class=0.8209
2026-08-03 16:59:02,283 - INFO - Saved checkpoint to /home/woody/iwnt/iwnt189h/thesis_pointcloud/modelnet40_pointnet2_upsampling/pointnet2_results/x4_two_line_final/mesh_ref_baseline_4096/checkpoints/best_model.pth
2026-08-03 17:01:29,535 - INFO - Epoch 11/200 train_acc=0.8597 test_overall=0.8717 test_class=0.8100
2026-08-03 17:01:29,727 - INFO - Saved checkpoint to /home/woody/iwnt/iwnt189h/thesis_pointcloud/modelnet40_pointnet2_upsampling/pointnet2_results/x4_two_line_final/mesh_ref_baseline_4096/checkpoints/best_model.pth
2026-08-03 17:03:56,851 - INFO - Epoch 12/200 train_acc=0.8600 test_overall=0.8591 test_class=0.8107
2026-08-03 17:06:18,920 - INFO - Epoch 13/200 train_acc=0.8671 test_overall=0.8838 test_class=0.8383
2026-08-03 17:06:19,115 - INFO - Saved checkpoint to /home/woody/iwnt/iwnt189h/thesis_pointcloud/modelnet40_pointnet2_upsampling/pointnet2_results/x4_two_line_final/mesh_ref_baseline_4096/checkpoints/best_model.pth
2026-08-03 17:08:45,221 - INFO - Epoch 14/200 train_acc=0.8662 test_overall=0.8718 test_class=0.8241
2026-08-03 17:11:13,700 - INFO - Epoch 15/200 train_acc=0.8743 test_overall=0.8824 test_class=0.8351
2026-08-03 17:13:38,339 - INFO - Epoch 16/200 train_acc=0.8727 test_overall=0.8824 test_class=0.8412
2026-08-03 17:16:05,961 - INFO - Epoch 17/200 train_acc=0.8794 test_overall=0.8735 test_class=0.8307
2026-08-03 17:18:32,966 - INFO - Epoch 18/200 train_acc=0.8796 test_overall=0.8789 test_class=0.8208
2026-08-03 17:20:59,928 - INFO - Epoch 19/200 train_acc=0.8826 test_overall=0.8668 test_class=0.8175
2026-08-03 17:23:27,278 - INFO - Epoch 20/200 train_acc=0.8965 test_overall=0.9054 test_class=0.8548
2026-08-03 17:23:27,470 - INFO - Saved checkpoint to /home/woody/iwnt/iwnt189h/thesis_pointcloud/modelnet40_pointnet2_upsampling/pointnet2_results/x4_two_line_final/mesh_ref_baseline_4096/checkpoints/best_model.pth
2026-08-03 17:25:53,774 - INFO - Epoch 21/200 train_acc=0.9057 test_overall=0.8985 test_class=0.8663
2026-08-03 17:28:20,087 - INFO - Epoch 22/200 train_acc=0.9053 test_overall=0.8871 test_class=0.8336
2026-08-03 17:30:48,080 - INFO - Epoch 23/200 train_acc=0.9002 test_overall=0.8874 test_class=0.8424
2026-08-03 17:33:13,533 - INFO - Epoch 24/200 train_acc=0.9086 test_overall=0.8891 test_class=0.8273
2026-08-03 17:35:40,293 - INFO - Epoch 25/200 train_acc=0.9096 test_overall=0.8976 test_class=0.8473
2026-08-03 17:38:08,074 - INFO - Epoch 26/200 train_acc=0.9118 test_overall=0.8951 test_class=0.8580
2026-08-03 17:40:38,510 - INFO - Epoch 27/200 train_acc=0.9084 test_overall=0.8788 test_class=0.8565
2026-08-03 17:43:04,405 - INFO - Epoch 28/200 train_acc=0.9124 test_overall=0.8913 test_class=0.8437
2026-08-03 17:45:29,365 - INFO - Epoch 29/200 train_acc=0.9138 test_overall=0.9043 test_class=0.8656
2026-08-03 17:47:57,227 - INFO - Epoch 30/200 train_acc=0.9197 test_overall=0.9041 test_class=0.8593
2026-08-03 17:50:23,357 - INFO - Epoch 31/200 train_acc=0.9144 test_overall=0.9050 test_class=0.8536
2026-08-03 17:52:50,133 - INFO - Epoch 32/200 train_acc=0.9124 test_overall=0.8949 test_class=0.8417
2026-08-03 17:55:19,217 - INFO - Epoch 33/200 train_acc=0.9116 test_overall=0.9052 test_class=0.8639
2026-08-03 17:57:49,173 - INFO - Epoch 34/200 train_acc=0.9119 test_overall=0.8988 test_class=0.8396
2026-08-03 18:00:15,158 - INFO - Epoch 35/200 train_acc=0.9185 test_overall=0.8890 test_class=0.8396
2026-08-03 18:02:41,763 - INFO - Epoch 36/200 train_acc=0.9198 test_overall=0.8837 test_class=0.8418
2026-08-03 18:05:07,994 - INFO - Epoch 37/200 train_acc=0.9176 test_overall=0.8936 test_class=0.8622
2026-08-03 18:07:34,730 - INFO - Epoch 38/200 train_acc=0.9266 test_overall=0.9000 test_class=0.8715
2026-08-03 18:10:01,744 - INFO - Epoch 39/200 train_acc=0.9223 test_overall=0.9099 test_class=0.8615
2026-08-03 18:10:01,937 - INFO - Saved checkpoint to /home/woody/iwnt/iwnt189h/thesis_pointcloud/modelnet40_pointnet2_upsampling/pointnet2_results/x4_two_line_final/mesh_ref_baseline_4096/checkpoints/best_model.pth
2026-08-03 18:12:29,120 - INFO - Epoch 40/200 train_acc=0.9302 test_overall=0.9108 test_class=0.8685
2026-08-03 18:12:29,314 - INFO - Saved checkpoint to /home/woody/iwnt/iwnt189h/thesis_pointcloud/modelnet40_pointnet2_upsampling/pointnet2_results/x4_two_line_final/mesh_ref_baseline_4096/checkpoints/best_model.pth
2026-08-03 18:14:55,913 - INFO - Epoch 41/200 train_acc=0.9389 test_overall=0.9090 test_class=0.8612
2026-08-03 18:17:22,883 - INFO - Epoch 42/200 train_acc=0.9368 test_overall=0.9068 test_class=0.8594
2026-08-03 18:19:48,595 - INFO - Epoch 43/200 train_acc=0.9372 test_overall=0.9134 test_class=0.8590
2026-08-03 18:19:48,812 - INFO - Saved checkpoint to /home/woody/iwnt/iwnt189h/thesis_pointcloud/modelnet40_pointnet2_upsampling/pointnet2_results/x4_two_line_final/mesh_ref_baseline_4096/checkpoints/best_model.pth
2026-08-03 18:22:15,776 - INFO - Epoch 44/200 train_acc=0.9366 test_overall=0.9141 test_class=0.8633
2026-08-03 18:22:15,968 - INFO - Saved checkpoint to /home/woody/iwnt/iwnt189h/thesis_pointcloud/modelnet40_pointnet2_upsampling/pointnet2_results/x4_two_line_final/mesh_ref_baseline_4096/checkpoints/best_model.pth
2026-08-03 18:24:42,319 - INFO - Epoch 45/200 train_acc=0.9370 test_overall=0.9051 test_class=0.8572
2026-08-03 18:27:10,007 - INFO - Epoch 46/200 train_acc=0.9392 test_overall=0.9080 test_class=0.8666
2026-08-03 18:29:36,034 - INFO - Epoch 47/200 train_acc=0.9435 test_overall=0.9085 test_class=0.8676
2026-08-03 18:32:03,527 - INFO - Epoch 48/200 train_acc=0.9413 test_overall=0.9088 test_class=0.8668
2026-08-03 18:34:30,807 - INFO - Epoch 49/200 train_acc=0.9429 test_overall=0.9123 test_class=0.8771
2026-08-03 18:36:56,570 - INFO - Epoch 50/200 train_acc=0.9394 test_overall=0.8957 test_class=0.8588
2026-08-03 18:39:22,351 - INFO - Epoch 51/200 train_acc=0.9387 test_overall=0.9008 test_class=0.8542
2026-08-03 18:41:48,832 - INFO - Epoch 52/200 train_acc=0.9414 test_overall=0.9050 test_class=0.8711
2026-08-03 18:44:15,704 - INFO - Epoch 53/200 train_acc=0.9427 test_overall=0.8977 test_class=0.8638
2026-08-03 18:46:41,807 - INFO - Epoch 54/200 train_acc=0.9421 test_overall=0.8980 test_class=0.8617
2026-08-03 18:49:07,816 - INFO - Epoch 55/200 train_acc=0.9472 test_overall=0.9066 test_class=0.8739
2026-08-03 18:51:33,359 - INFO - Epoch 56/200 train_acc=0.9431 test_overall=0.9131 test_class=0.8672
2026-08-03 18:53:59,614 - INFO - Epoch 57/200 train_acc=0.9405 test_overall=0.9040 test_class=0.8614
2026-08-03 18:56:26,489 - INFO - Epoch 58/200 train_acc=0.9464 test_overall=0.9028 test_class=0.8518
2026-08-03 18:58:52,569 - INFO - Epoch 59/200 train_acc=0.9455 test_overall=0.9061 test_class=0.8685
2026-08-03 19:01:18,710 - INFO - Epoch 60/200 train_acc=0.9532 test_overall=0.9066 test_class=0.8581
2026-08-03 19:03:45,057 - INFO - Epoch 61/200 train_acc=0.9557 test_overall=0.9040 test_class=0.8754
2026-08-03 19:06:12,321 - INFO - Epoch 62/200 train_acc=0.9556 test_overall=0.9052 test_class=0.8785
2026-08-03 19:08:44,840 - INFO - Epoch 63/200 train_acc=0.9525 test_overall=0.9085 test_class=0.8673
2026-08-03 19:11:13,883 - INFO - Epoch 64/200 train_acc=0.9571 test_overall=0.9091 test_class=0.8730
2026-08-03 19:13:40,650 - INFO - Epoch 65/200 train_acc=0.9574 test_overall=0.9068 test_class=0.8658
2026-08-03 19:16:05,777 - INFO - Epoch 66/200 train_acc=0.9607 test_overall=0.9070 test_class=0.8693
2026-08-03 19:18:25,371 - INFO - Epoch 67/200 train_acc=0.9572 test_overall=0.9045 test_class=0.8757
2026-08-03 19:20:54,904 - INFO - Epoch 68/200 train_acc=0.9575 test_overall=0.9094 test_class=0.8632
2026-08-03 19:23:20,998 - INFO - Epoch 69/200 train_acc=0.9596 test_overall=0.9045 test_class=0.8637
2026-08-03 19:25:47,425 - INFO - Epoch 70/200 train_acc=0.9610 test_overall=0.9150 test_class=0.8859
2026-08-03 19:25:47,619 - INFO - Saved checkpoint to /home/woody/iwnt/iwnt189h/thesis_pointcloud/modelnet40_pointnet2_upsampling/pointnet2_results/x4_two_line_final/mesh_ref_baseline_4096/checkpoints/best_model.pth
2026-08-03 19:28:13,451 - INFO - Epoch 71/200 train_acc=0.9597 test_overall=0.9163 test_class=0.8753
2026-08-03 19:28:13,644 - INFO - Saved checkpoint to /home/woody/iwnt/iwnt189h/thesis_pointcloud/modelnet40_pointnet2_upsampling/pointnet2_results/x4_two_line_final/mesh_ref_baseline_4096/checkpoints/best_model.pth
2026-08-03 19:30:39,830 - INFO - Epoch 72/200 train_acc=0.9596 test_overall=0.9125 test_class=0.8609
2026-08-03 19:33:04,957 - INFO - Epoch 73/200 train_acc=0.9630 test_overall=0.9141 test_class=0.8703
2026-08-03 19:35:31,922 - INFO - Epoch 74/200 train_acc=0.9586 test_overall=0.9136 test_class=0.8786
2026-08-03 19:37:59,212 - INFO - Epoch 75/200 train_acc=0.9589 test_overall=0.9117 test_class=0.8742
2026-08-03 19:40:21,499 - INFO - Epoch 76/200 train_acc=0.9646 test_overall=0.9046 test_class=0.8797
2026-08-03 19:42:48,557 - INFO - Epoch 77/200 train_acc=0.9610 test_overall=0.9059 test_class=0.8554
2026-08-03 19:45:15,304 - INFO - Epoch 78/200 train_acc=0.9585 test_overall=0.9006 test_class=0.8729
2026-08-03 19:47:40,605 - INFO - Epoch 79/200 train_acc=0.9600 test_overall=0.9146 test_class=0.8785
2026-08-03 19:50:04,643 - INFO - Epoch 80/200 train_acc=0.9672 test_overall=0.9116 test_class=0.8656
2026-08-03 19:52:29,857 - INFO - Epoch 81/200 train_acc=0.9674 test_overall=0.9109 test_class=0.8635
2026-08-03 19:54:56,872 - INFO - Epoch 82/200 train_acc=0.9699 test_overall=0.9109 test_class=0.8826
2026-08-03 19:57:23,496 - INFO - Epoch 83/200 train_acc=0.9687 test_overall=0.9083 test_class=0.8642
2026-08-03 19:59:50,818 - INFO - Epoch 84/200 train_acc=0.9693 test_overall=0.9066 test_class=0.8793
2026-08-03 20:02:17,743 - INFO - Epoch 85/200 train_acc=0.9717 test_overall=0.9084 test_class=0.8705
2026-08-03 20:04:43,831 - INFO - Epoch 86/200 train_acc=0.9727 test_overall=0.9108 test_class=0.8762
2026-08-03 20:07:09,652 - INFO - Epoch 87/200 train_acc=0.9678 test_overall=0.9072 test_class=0.8682
2026-08-03 20:09:36,274 - INFO - Epoch 88/200 train_acc=0.9702 test_overall=0.9127 test_class=0.8698
2026-08-03 20:12:02,198 - INFO - Epoch 89/200 train_acc=0.9739 test_overall=0.9006 test_class=0.8558
2026-08-03 20:14:28,634 - INFO - Epoch 90/200 train_acc=0.9705 test_overall=0.9090 test_class=0.8778
2026-08-03 20:16:55,818 - INFO - Epoch 91/200 train_acc=0.9680 test_overall=0.9091 test_class=0.8897
2026-08-03 20:19:27,232 - INFO - Epoch 92/200 train_acc=0.9733 test_overall=0.9070 test_class=0.8773
2026-08-03 20:21:51,133 - INFO - Epoch 93/200 train_acc=0.9696 test_overall=0.9056 test_class=0.8685
2026-08-03 20:24:17,341 - INFO - Epoch 94/200 train_acc=0.9701 test_overall=0.9163 test_class=0.8836
2026-08-03 20:24:17,532 - INFO - Saved checkpoint to /home/woody/iwnt/iwnt189h/thesis_pointcloud/modelnet40_pointnet2_upsampling/pointnet2_results/x4_two_line_final/mesh_ref_baseline_4096/checkpoints/best_model.pth
2026-08-03 20:26:43,681 - INFO - Epoch 95/200 train_acc=0.9736 test_overall=0.9127 test_class=0.8749
2026-08-03 20:29:07,263 - INFO - Epoch 96/200 train_acc=0.9742 test_overall=0.9097 test_class=0.8689
2026-08-03 20:31:34,706 - INFO - Epoch 97/200 train_acc=0.9746 test_overall=0.9119 test_class=0.8856
2026-08-03 20:33:59,592 - INFO - Epoch 98/200 train_acc=0.9728 test_overall=0.9098 test_class=0.8698
2026-08-03 20:36:10,591 - INFO - Epoch 99/200 train_acc=0.9706 test_overall=0.9111 test_class=0.8804
2026-08-03 20:38:37,805 - INFO - Epoch 100/200 train_acc=0.9748 test_overall=0.9135 test_class=0.8756
2026-08-03 20:41:03,830 - INFO - Epoch 101/200 train_acc=0.9778 test_overall=0.9134 test_class=0.8831
2026-08-03 20:43:30,502 - INFO - Epoch 102/200 train_acc=0.9758 test_overall=0.9159 test_class=0.8772
2026-08-03 20:45:57,016 - INFO - Epoch 103/200 train_acc=0.9783 test_overall=0.9147 test_class=0.8780
2026-08-03 20:48:24,018 - INFO - Epoch 104/200 train_acc=0.9805 test_overall=0.9129 test_class=0.8835
2026-08-03 20:50:49,692 - INFO - Epoch 105/200 train_acc=0.9803 test_overall=0.9086 test_class=0.8732
2026-08-03 20:53:15,615 - INFO - Epoch 106/200 train_acc=0.9777 test_overall=0.9102 test_class=0.8808
2026-08-03 20:55:41,516 - INFO - Epoch 107/200 train_acc=0.9767 test_overall=0.9121 test_class=0.8756
2026-08-03 20:58:07,504 - INFO - Epoch 108/200 train_acc=0.9807 test_overall=0.9108 test_class=0.8769
2026-08-03 21:00:35,259 - INFO - Epoch 109/200 train_acc=0.9771 test_overall=0.9117 test_class=0.8782
2026-08-03 21:03:01,591 - INFO - Epoch 110/200 train_acc=0.9827 test_overall=0.9094 test_class=0.8825
2026-08-03 21:05:27,893 - INFO - Epoch 111/200 train_acc=0.9790 test_overall=0.9098 test_class=0.8726
2026-08-03 21:07:55,296 - INFO - Epoch 112/200 train_acc=0.9792 test_overall=0.9142 test_class=0.8728
2026-08-03 21:10:23,044 - INFO - Epoch 113/200 train_acc=0.9819 test_overall=0.9115 test_class=0.8685
2026-08-03 21:12:48,865 - INFO - Epoch 114/200 train_acc=0.9794 test_overall=0.9143 test_class=0.8746
2026-08-03 21:15:15,113 - INFO - Epoch 115/200 train_acc=0.9818 test_overall=0.9107 test_class=0.8803
2026-08-03 21:17:42,136 - INFO - Epoch 116/200 train_acc=0.9807 test_overall=0.9053 test_class=0.8757
2026-08-03 21:20:10,045 - INFO - Epoch 117/200 train_acc=0.9796 test_overall=0.9130 test_class=0.8741
2026-08-03 21:22:37,119 - INFO - Epoch 118/200 train_acc=0.9792 test_overall=0.9132 test_class=0.8752
2026-08-03 21:25:03,625 - INFO - Epoch 119/200 train_acc=0.9807 test_overall=0.9125 test_class=0.8837
2026-08-03 21:27:31,008 - INFO - Epoch 120/200 train_acc=0.9833 test_overall=0.9094 test_class=0.8684
2026-08-03 21:29:57,765 - INFO - Epoch 121/200 train_acc=0.9824 test_overall=0.9070 test_class=0.8688
2026-08-03 21:32:24,266 - INFO - Epoch 122/200 train_acc=0.9845 test_overall=0.9121 test_class=0.8793
2026-08-03 21:34:49,864 - INFO - Epoch 123/200 train_acc=0.9848 test_overall=0.9071 test_class=0.8747
2026-08-03 21:37:16,156 - INFO - Epoch 124/200 train_acc=0.9852 test_overall=0.9159 test_class=0.8760
2026-08-03 21:39:41,305 - INFO - Epoch 125/200 train_acc=0.9849 test_overall=0.9087 test_class=0.8847
2026-08-03 21:42:12,065 - INFO - Epoch 126/200 train_acc=0.9853 test_overall=0.9056 test_class=0.8680
2026-08-03 21:44:39,308 - INFO - Epoch 127/200 train_acc=0.9839 test_overall=0.9025 test_class=0.8711
2026-08-03 21:47:05,717 - INFO - Epoch 128/200 train_acc=0.9861 test_overall=0.9143 test_class=0.8741
2026-08-03 21:49:32,981 - INFO - Epoch 129/200 train_acc=0.9840 test_overall=0.9172 test_class=0.8854
2026-08-03 21:49:33,176 - INFO - Saved checkpoint to /home/woody/iwnt/iwnt189h/thesis_pointcloud/modelnet40_pointnet2_upsampling/pointnet2_results/x4_two_line_final/mesh_ref_baseline_4096/checkpoints/best_model.pth
2026-08-03 21:51:59,963 - INFO - Epoch 130/200 train_acc=0.9828 test_overall=0.9098 test_class=0.8767
2026-08-03 21:54:26,316 - INFO - Epoch 131/200 train_acc=0.9861 test_overall=0.9126 test_class=0.8773
2026-08-03 21:56:52,708 - INFO - Epoch 132/200 train_acc=0.9864 test_overall=0.9151 test_class=0.8862
2026-08-03 21:59:19,716 - INFO - Epoch 133/200 train_acc=0.9863 test_overall=0.9111 test_class=0.8698
2026-08-03 22:01:46,342 - INFO - Epoch 134/200 train_acc=0.9840 test_overall=0.9180 test_class=0.8843
2026-08-03 22:01:46,536 - INFO - Saved checkpoint to /home/woody/iwnt/iwnt189h/thesis_pointcloud/modelnet40_pointnet2_upsampling/pointnet2_results/x4_two_line_final/mesh_ref_baseline_4096/checkpoints/best_model.pth
2026-08-03 22:04:13,708 - INFO - Epoch 135/200 train_acc=0.9865 test_overall=0.9134 test_class=0.8784
2026-08-03 22:06:40,687 - INFO - Epoch 136/200 train_acc=0.9877 test_overall=0.9103 test_class=0.8785
2026-08-03 22:09:07,550 - INFO - Epoch 137/200 train_acc=0.9837 test_overall=0.9066 test_class=0.8710
2026-08-03 22:11:34,949 - INFO - Epoch 138/200 train_acc=0.9840 test_overall=0.9143 test_class=0.8829
2026-08-03 22:14:02,227 - INFO - Epoch 139/200 train_acc=0.9848 test_overall=0.9069 test_class=0.8723
2026-08-03 22:16:29,950 - INFO - Epoch 140/200 train_acc=0.9864 test_overall=0.9188 test_class=0.8894
2026-08-03 22:16:30,144 - INFO - Saved checkpoint to /home/woody/iwnt/iwnt189h/thesis_pointcloud/modelnet40_pointnet2_upsampling/pointnet2_results/x4_two_line_final/mesh_ref_baseline_4096/checkpoints/best_model.pth
2026-08-03 22:18:56,536 - INFO - Epoch 141/200 train_acc=0.9875 test_overall=0.9102 test_class=0.8741
2026-08-03 22:21:23,488 - INFO - Epoch 142/200 train_acc=0.9876 test_overall=0.9102 test_class=0.8850
2026-08-03 22:23:48,897 - INFO - Epoch 143/200 train_acc=0.9883 test_overall=0.9162 test_class=0.8805
2026-08-03 22:26:16,325 - INFO - Epoch 144/200 train_acc=0.9891 test_overall=0.9184 test_class=0.8783
2026-08-03 22:28:37,680 - INFO - Epoch 145/200 train_acc=0.9874 test_overall=0.9143 test_class=0.8879
2026-08-03 22:31:05,429 - INFO - Epoch 146/200 train_acc=0.9900 test_overall=0.9167 test_class=0.8785
2026-08-03 22:33:32,181 - INFO - Epoch 147/200 train_acc=0.9878 test_overall=0.9183 test_class=0.8865
2026-08-03 22:35:58,873 - INFO - Epoch 148/200 train_acc=0.9888 test_overall=0.9200 test_class=0.8870
2026-08-03 22:35:59,067 - INFO - Saved checkpoint to /home/woody/iwnt/iwnt189h/thesis_pointcloud/modelnet40_pointnet2_upsampling/pointnet2_results/x4_two_line_final/mesh_ref_baseline_4096/checkpoints/best_model.pth
2026-08-03 22:38:25,232 - INFO - Epoch 149/200 train_acc=0.9892 test_overall=0.9111 test_class=0.8793
2026-08-03 22:40:51,603 - INFO - Epoch 150/200 train_acc=0.9892 test_overall=0.9094 test_class=0.8789
2026-08-03 22:43:17,659 - INFO - Epoch 151/200 train_acc=0.9891 test_overall=0.9146 test_class=0.8802
2026-08-03 22:45:44,053 - INFO - Epoch 152/200 train_acc=0.9882 test_overall=0.9132 test_class=0.8855
2026-08-03 22:48:11,139 - INFO - Epoch 153/200 train_acc=0.9902 test_overall=0.9155 test_class=0.8852
2026-08-03 22:50:38,286 - INFO - Epoch 154/200 train_acc=0.9897 test_overall=0.9138 test_class=0.8831
2026-08-03 22:53:03,840 - INFO - Epoch 155/200 train_acc=0.9876 test_overall=0.9187 test_class=0.8814
2026-08-03 22:55:30,810 - INFO - Epoch 156/200 train_acc=0.9890 test_overall=0.9134 test_class=0.8807
2026-08-03 22:57:56,990 - INFO - Epoch 157/200 train_acc=0.9888 test_overall=0.9147 test_class=0.8839
2026-08-03 23:00:23,641 - INFO - Epoch 158/200 train_acc=0.9879 test_overall=0.9134 test_class=0.8729
2026-08-03 23:02:47,571 - INFO - Epoch 159/200 train_acc=0.9909 test_overall=0.9163 test_class=0.8835
2026-08-03 23:05:13,640 - INFO - Epoch 160/200 train_acc=0.9891 test_overall=0.9098 test_class=0.8778
2026-08-03 23:07:40,109 - INFO - Epoch 161/200 train_acc=0.9907 test_overall=0.9126 test_class=0.8858
2026-08-03 23:10:05,954 - INFO - Epoch 162/200 train_acc=0.9910 test_overall=0.9106 test_class=0.8831
2026-08-03 23:12:32,089 - INFO - Epoch 163/200 train_acc=0.9894 test_overall=0.9125 test_class=0.8806
2026-08-03 23:14:59,746 - INFO - Epoch 164/200 train_acc=0.9894 test_overall=0.9159 test_class=0.8781
2026-08-03 23:17:26,194 - INFO - Epoch 165/200 train_acc=0.9910 test_overall=0.9138 test_class=0.8838
2026-08-03 23:19:51,997 - INFO - Epoch 166/200 train_acc=0.9920 test_overall=0.9117 test_class=0.8806
2026-08-03 23:22:18,770 - INFO - Epoch 167/200 train_acc=0.9910 test_overall=0.9132 test_class=0.8867
2026-08-03 23:24:42,379 - INFO - Epoch 168/200 train_acc=0.9916 test_overall=0.9142 test_class=0.8829
2026-08-03 23:27:06,448 - INFO - Epoch 169/200 train_acc=0.9913 test_overall=0.9140 test_class=0.8834
2026-08-03 23:29:32,116 - INFO - Epoch 170/200 train_acc=0.9928 test_overall=0.9147 test_class=0.8807
2026-08-03 23:31:58,757 - INFO - Epoch 171/200 train_acc=0.9920 test_overall=0.9126 test_class=0.8806
2026-08-03 23:34:25,824 - INFO - Epoch 172/200 train_acc=0.9917 test_overall=0.9111 test_class=0.8783
2026-08-03 23:36:52,916 - INFO - Epoch 173/200 train_acc=0.9902 test_overall=0.9159 test_class=0.8830
2026-08-03 23:39:19,761 - INFO - Epoch 174/200 train_acc=0.9902 test_overall=0.9126 test_class=0.8809
2026-08-03 23:41:46,123 - INFO - Epoch 175/200 train_acc=0.9913 test_overall=0.9151 test_class=0.8881
2026-08-03 23:44:12,717 - INFO - Epoch 176/200 train_acc=0.9905 test_overall=0.9160 test_class=0.8857
2026-08-03 23:46:39,524 - INFO - Epoch 177/200 train_acc=0.9931 test_overall=0.9130 test_class=0.8809
2026-08-03 23:49:06,135 - INFO - Epoch 178/200 train_acc=0.9909 test_overall=0.9102 test_class=0.8764
2026-08-03 23:51:32,718 - INFO - Epoch 179/200 train_acc=0.9917 test_overall=0.9115 test_class=0.8807
2026-08-03 23:53:59,048 - INFO - Epoch 180/200 train_acc=0.9911 test_overall=0.9114 test_class=0.8774
2026-08-03 23:56:25,974 - INFO - Epoch 181/200 train_acc=0.9921 test_overall=0.9095 test_class=0.8733
2026-08-03 23:58:52,064 - INFO - Epoch 182/200 train_acc=0.9926 test_overall=0.9103 test_class=0.8762
2026-08-04 00:01:19,241 - INFO - Epoch 183/200 train_acc=0.9920 test_overall=0.9140 test_class=0.8854
2026-08-04 00:03:45,820 - INFO - Epoch 184/200 train_acc=0.9922 test_overall=0.9135 test_class=0.8834
2026-08-04 00:06:13,975 - INFO - Epoch 185/200 train_acc=0.9930 test_overall=0.9134 test_class=0.8748
2026-08-04 00:08:40,883 - INFO - Epoch 186/200 train_acc=0.9933 test_overall=0.9118 test_class=0.8768
2026-08-04 00:11:08,474 - INFO - Epoch 187/200 train_acc=0.9925 test_overall=0.9142 test_class=0.8763
2026-08-04 00:13:35,354 - INFO - Epoch 188/200 train_acc=0.9919 test_overall=0.9102 test_class=0.8814
2026-08-04 00:16:02,086 - INFO - Epoch 189/200 train_acc=0.9928 test_overall=0.9121 test_class=0.8759
2026-08-04 00:18:27,409 - INFO - Epoch 190/200 train_acc=0.9945 test_overall=0.9151 test_class=0.8860
2026-08-04 00:20:53,852 - INFO - Epoch 191/200 train_acc=0.9931 test_overall=0.9111 test_class=0.8795
2026-08-04 00:23:19,889 - INFO - Epoch 192/200 train_acc=0.9929 test_overall=0.9069 test_class=0.8733
2026-08-04 00:25:46,810 - INFO - Epoch 193/200 train_acc=0.9933 test_overall=0.9094 test_class=0.8766
2026-08-04 00:28:12,544 - INFO - Epoch 194/200 train_acc=0.9912 test_overall=0.9115 test_class=0.8847
2026-08-04 00:30:39,679 - INFO - Epoch 195/200 train_acc=0.9935 test_overall=0.9111 test_class=0.8815
2026-08-04 00:33:05,664 - INFO - Epoch 196/200 train_acc=0.9928 test_overall=0.9159 test_class=0.8813
2026-08-04 00:35:31,863 - INFO - Epoch 197/200 train_acc=0.9920 test_overall=0.9097 test_class=0.8734
2026-08-04 00:37:58,127 - INFO - Epoch 198/200 train_acc=0.9933 test_overall=0.9159 test_class=0.8859
2026-08-04 00:40:24,895 - INFO - Epoch 199/200 train_acc=0.9932 test_overall=0.9135 test_class=0.8869
2026-08-04 00:42:50,275 - INFO - Epoch 200/200 train_acc=0.9949 test_overall=0.9118 test_class=0.8797
2026-08-04 00:42:50,283 - INFO - Training finished. best_overall=0.9200 best_class=0.8870
