2026-07-07 15:05:04,287 - INFO - Args: Namespace(variant='lineB_downsampled_x4_up_pu_gcn', data_root=PosixPath('/home/woody/iwnt/iwnt189h/thesis_pointcloud/modelnet40_pointnet2_upsampling/pointnet2_inputs/lineB_downsampled_x4_up/pu_gcn'), output_dir=PosixPath('/home/woody/iwnt/iwnt189h/thesis_pointcloud/modelnet40_pointnet2_upsampling/pointnet2_results/x4_two_line_final/lineB_downsampled_x4_up/pu_gcn'), log_file=PosixPath('/home/woody/iwnt/iwnt189h/thesis_pointcloud/modelnet40_pointnet2_upsampling/pointnet2_results/x4_two_line_final/lineB_downsampled_x4_up/pu_gcn/train.log'), model='pointnet2_cls_ssg', num_category=40, num_point=1024, allow_resample=False, reports_dir=PosixPath('/home/woody/iwnt/iwnt189h/thesis_pointcloud/modelnet40_pointnet2_upsampling/pointnet2_results/x4_two_line_final/lineB_downsampled_x4_up/pu_gcn'), batch_size=24, epoch=200, learning_rate=0.001, decay_rate=0.0001, optimizer='Adam', seed=42, gpu='0', use_cpu=False, num_workers=4, max_train_batches=0, max_eval_batches=0)
2026-07-07 15:05:04,288 - INFO - PointNet++ repo: /home/woody/iwnt/iwnt189h/thesis_pointcloud/modelnet40_pointnet2_upsampling/external/Pointnet_Pointnet2_pytorch
2026-07-07 15:05:04,288 - INFO - Data root: /home/woody/iwnt/iwnt189h/thesis_pointcloud/modelnet40_pointnet2_upsampling/pointnet2_inputs/lineB_downsampled_x4_up/pu_gcn
2026-07-07 15:05:04,288 - INFO - num_point=1024 allow_resample=False
2026-07-07 15:05:04,669 - INFO - First train sample shape after loader: (1024, 3)
2026-07-07 15:05:04,669 - INFO - Dataset sizes: train=9843 test=2468
2026-07-07 15:05:09,391 - INFO - First train batch tensor shape before device move: (24, 3, 1024) (batch=24, channels=3, points=1024)
2026-07-07 15:05:11,206 - INFO - First train batch loss: 3.785210
2026-07-07 15:06:44,977 - INFO - Epoch 1/200 train_acc=0.4975 test_overall=0.5077 test_class=0.4427
2026-07-07 15:06:45,189 - INFO - Saved checkpoint to /home/woody/iwnt/iwnt189h/thesis_pointcloud/modelnet40_pointnet2_upsampling/pointnet2_results/x4_two_line_final/lineB_downsampled_x4_up/pu_gcn/checkpoints/best_model.pth
2026-07-07 15:08:16,967 - INFO - Epoch 2/200 train_acc=0.6377 test_overall=0.6849 test_class=0.6089
2026-07-07 15:08:17,187 - INFO - Saved checkpoint to /home/woody/iwnt/iwnt189h/thesis_pointcloud/modelnet40_pointnet2_upsampling/pointnet2_results/x4_two_line_final/lineB_downsampled_x4_up/pu_gcn/checkpoints/best_model.pth
2026-07-07 15:09:48,714 - INFO - Epoch 3/200 train_acc=0.6863 test_overall=0.7436 test_class=0.6633
2026-07-07 15:09:48,924 - INFO - Saved checkpoint to /home/woody/iwnt/iwnt189h/thesis_pointcloud/modelnet40_pointnet2_upsampling/pointnet2_results/x4_two_line_final/lineB_downsampled_x4_up/pu_gcn/checkpoints/best_model.pth
2026-07-07 15:11:20,625 - INFO - Epoch 4/200 train_acc=0.7186 test_overall=0.7550 test_class=0.6922
2026-07-07 15:11:20,828 - INFO - Saved checkpoint to /home/woody/iwnt/iwnt189h/thesis_pointcloud/modelnet40_pointnet2_upsampling/pointnet2_results/x4_two_line_final/lineB_downsampled_x4_up/pu_gcn/checkpoints/best_model.pth
2026-07-07 15:12:52,187 - INFO - Epoch 5/200 train_acc=0.7430 test_overall=0.7940 test_class=0.7218
2026-07-07 15:12:52,405 - INFO - Saved checkpoint to /home/woody/iwnt/iwnt189h/thesis_pointcloud/modelnet40_pointnet2_upsampling/pointnet2_results/x4_two_line_final/lineB_downsampled_x4_up/pu_gcn/checkpoints/best_model.pth
2026-07-07 15:14:23,658 - INFO - Epoch 6/200 train_acc=0.7600 test_overall=0.8048 test_class=0.7432
2026-07-07 15:14:23,879 - INFO - Saved checkpoint to /home/woody/iwnt/iwnt189h/thesis_pointcloud/modelnet40_pointnet2_upsampling/pointnet2_results/x4_two_line_final/lineB_downsampled_x4_up/pu_gcn/checkpoints/best_model.pth
2026-07-07 15:15:55,584 - INFO - Epoch 7/200 train_acc=0.7770 test_overall=0.8094 test_class=0.7459
2026-07-07 15:15:55,801 - INFO - Saved checkpoint to /home/woody/iwnt/iwnt189h/thesis_pointcloud/modelnet40_pointnet2_upsampling/pointnet2_results/x4_two_line_final/lineB_downsampled_x4_up/pu_gcn/checkpoints/best_model.pth
2026-07-07 15:17:27,407 - INFO - Epoch 8/200 train_acc=0.7805 test_overall=0.7493 test_class=0.6930
2026-07-07 15:18:59,243 - INFO - Epoch 9/200 train_acc=0.7933 test_overall=0.8186 test_class=0.7636
2026-07-07 15:18:59,465 - INFO - Saved checkpoint to /home/woody/iwnt/iwnt189h/thesis_pointcloud/modelnet40_pointnet2_upsampling/pointnet2_results/x4_two_line_final/lineB_downsampled_x4_up/pu_gcn/checkpoints/best_model.pth
2026-07-07 15:20:31,063 - INFO - Epoch 10/200 train_acc=0.7932 test_overall=0.8308 test_class=0.7769
2026-07-07 15:20:31,264 - INFO - Saved checkpoint to /home/woody/iwnt/iwnt189h/thesis_pointcloud/modelnet40_pointnet2_upsampling/pointnet2_results/x4_two_line_final/lineB_downsampled_x4_up/pu_gcn/checkpoints/best_model.pth
2026-07-07 15:22:02,924 - INFO - Epoch 11/200 train_acc=0.8060 test_overall=0.8107 test_class=0.7518
2026-07-07 15:23:35,267 - INFO - Epoch 12/200 train_acc=0.8091 test_overall=0.8356 test_class=0.7795
2026-07-07 15:23:35,471 - INFO - Saved checkpoint to /home/woody/iwnt/iwnt189h/thesis_pointcloud/modelnet40_pointnet2_upsampling/pointnet2_results/x4_two_line_final/lineB_downsampled_x4_up/pu_gcn/checkpoints/best_model.pth
2026-07-07 15:25:07,697 - INFO - Epoch 13/200 train_acc=0.8179 test_overall=0.8436 test_class=0.8014
2026-07-07 15:25:07,891 - INFO - Saved checkpoint to /home/woody/iwnt/iwnt189h/thesis_pointcloud/modelnet40_pointnet2_upsampling/pointnet2_results/x4_two_line_final/lineB_downsampled_x4_up/pu_gcn/checkpoints/best_model.pth
2026-07-07 15:26:39,514 - INFO - Epoch 14/200 train_acc=0.8190 test_overall=0.8528 test_class=0.7891
2026-07-07 15:26:39,714 - INFO - Saved checkpoint to /home/woody/iwnt/iwnt189h/thesis_pointcloud/modelnet40_pointnet2_upsampling/pointnet2_results/x4_two_line_final/lineB_downsampled_x4_up/pu_gcn/checkpoints/best_model.pth
2026-07-07 15:28:11,533 - INFO - Epoch 15/200 train_acc=0.8147 test_overall=0.8316 test_class=0.7762
2026-07-07 15:29:43,199 - INFO - Epoch 16/200 train_acc=0.8316 test_overall=0.8410 test_class=0.7958
2026-07-07 15:31:14,598 - INFO - Epoch 17/200 train_acc=0.8320 test_overall=0.8467 test_class=0.7889
2026-07-07 15:32:46,066 - INFO - Epoch 18/200 train_acc=0.8389 test_overall=0.8273 test_class=0.7847
2026-07-07 15:34:17,150 - INFO - Epoch 19/200 train_acc=0.8396 test_overall=0.8477 test_class=0.8008
2026-07-07 15:35:48,301 - INFO - Epoch 20/200 train_acc=0.8525 test_overall=0.8794 test_class=0.8250
2026-07-07 15:35:48,507 - INFO - Saved checkpoint to /home/woody/iwnt/iwnt189h/thesis_pointcloud/modelnet40_pointnet2_upsampling/pointnet2_results/x4_two_line_final/lineB_downsampled_x4_up/pu_gcn/checkpoints/best_model.pth
2026-07-07 15:37:19,880 - INFO - Epoch 21/200 train_acc=0.8611 test_overall=0.8617 test_class=0.8162
2026-07-07 15:38:51,221 - INFO - Epoch 22/200 train_acc=0.8648 test_overall=0.8660 test_class=0.8278
2026-07-07 15:40:22,507 - INFO - Epoch 23/200 train_acc=0.8577 test_overall=0.8760 test_class=0.8164
2026-07-07 15:41:54,214 - INFO - Epoch 24/200 train_acc=0.8665 test_overall=0.8570 test_class=0.8173
2026-07-07 15:43:24,962 - INFO - Epoch 25/200 train_acc=0.8658 test_overall=0.8767 test_class=0.8314
2026-07-07 15:44:56,656 - INFO - Epoch 26/200 train_acc=0.8712 test_overall=0.8590 test_class=0.8086
2026-07-07 15:46:28,258 - INFO - Epoch 27/200 train_acc=0.8639 test_overall=0.8663 test_class=0.8251
2026-07-07 15:47:59,601 - INFO - Epoch 28/200 train_acc=0.8728 test_overall=0.8603 test_class=0.8131
2026-07-07 15:49:31,062 - INFO - Epoch 29/200 train_acc=0.8720 test_overall=0.8570 test_class=0.8108
2026-07-07 15:51:02,146 - INFO - Epoch 30/200 train_acc=0.8737 test_overall=0.8629 test_class=0.8160
2026-07-07 15:52:33,117 - INFO - Epoch 31/200 train_acc=0.8711 test_overall=0.8685 test_class=0.8363
2026-07-07 15:54:05,047 - INFO - Epoch 32/200 train_acc=0.8821 test_overall=0.8730 test_class=0.8294
2026-07-07 15:55:36,648 - INFO - Epoch 33/200 train_acc=0.8723 test_overall=0.8799 test_class=0.8428
2026-07-07 15:55:36,878 - INFO - Saved checkpoint to /home/woody/iwnt/iwnt189h/thesis_pointcloud/modelnet40_pointnet2_upsampling/pointnet2_results/x4_two_line_final/lineB_downsampled_x4_up/pu_gcn/checkpoints/best_model.pth
2026-07-07 15:57:08,148 - INFO - Epoch 34/200 train_acc=0.8867 test_overall=0.8811 test_class=0.8393
2026-07-07 15:57:08,367 - INFO - Saved checkpoint to /home/woody/iwnt/iwnt189h/thesis_pointcloud/modelnet40_pointnet2_upsampling/pointnet2_results/x4_two_line_final/lineB_downsampled_x4_up/pu_gcn/checkpoints/best_model.pth
2026-07-07 15:58:39,743 - INFO - Epoch 35/200 train_acc=0.8806 test_overall=0.8817 test_class=0.8323
2026-07-07 15:58:39,950 - INFO - Saved checkpoint to /home/woody/iwnt/iwnt189h/thesis_pointcloud/modelnet40_pointnet2_upsampling/pointnet2_results/x4_two_line_final/lineB_downsampled_x4_up/pu_gcn/checkpoints/best_model.pth
2026-07-07 16:00:11,481 - INFO - Epoch 36/200 train_acc=0.8760 test_overall=0.8786 test_class=0.8434
2026-07-07 16:01:43,061 - INFO - Epoch 37/200 train_acc=0.8821 test_overall=0.8782 test_class=0.8315
2026-07-07 16:03:14,680 - INFO - Epoch 38/200 train_acc=0.8825 test_overall=0.8778 test_class=0.8486
2026-07-07 16:04:46,838 - INFO - Epoch 39/200 train_acc=0.8820 test_overall=0.8838 test_class=0.8360
2026-07-07 16:04:47,046 - INFO - Saved checkpoint to /home/woody/iwnt/iwnt189h/thesis_pointcloud/modelnet40_pointnet2_upsampling/pointnet2_results/x4_two_line_final/lineB_downsampled_x4_up/pu_gcn/checkpoints/best_model.pth
2026-07-07 16:06:18,683 - INFO - Epoch 40/200 train_acc=0.8926 test_overall=0.8873 test_class=0.8440
2026-07-07 16:06:18,875 - INFO - Saved checkpoint to /home/woody/iwnt/iwnt189h/thesis_pointcloud/modelnet40_pointnet2_upsampling/pointnet2_results/x4_two_line_final/lineB_downsampled_x4_up/pu_gcn/checkpoints/best_model.pth
2026-07-07 16:07:50,596 - INFO - Epoch 41/200 train_acc=0.9010 test_overall=0.8907 test_class=0.8552
2026-07-07 16:07:50,822 - INFO - Saved checkpoint to /home/woody/iwnt/iwnt189h/thesis_pointcloud/modelnet40_pointnet2_upsampling/pointnet2_results/x4_two_line_final/lineB_downsampled_x4_up/pu_gcn/checkpoints/best_model.pth
2026-07-07 16:09:22,051 - INFO - Epoch 42/200 train_acc=0.8968 test_overall=0.8805 test_class=0.8502
2026-07-07 16:10:53,178 - INFO - Epoch 43/200 train_acc=0.8994 test_overall=0.8907 test_class=0.8395
2026-07-07 16:12:24,516 - INFO - Epoch 44/200 train_acc=0.9006 test_overall=0.8917 test_class=0.8427
2026-07-07 16:12:24,725 - INFO - Saved checkpoint to /home/woody/iwnt/iwnt189h/thesis_pointcloud/modelnet40_pointnet2_upsampling/pointnet2_results/x4_two_line_final/lineB_downsampled_x4_up/pu_gcn/checkpoints/best_model.pth
2026-07-07 16:13:55,968 - INFO - Epoch 45/200 train_acc=0.9030 test_overall=0.8909 test_class=0.8375
2026-07-07 16:15:27,161 - INFO - Epoch 46/200 train_acc=0.9043 test_overall=0.8862 test_class=0.8470
2026-07-07 16:16:59,048 - INFO - Epoch 47/200 train_acc=0.9038 test_overall=0.8839 test_class=0.8480
2026-07-07 16:18:30,724 - INFO - Epoch 48/200 train_acc=0.9028 test_overall=0.8764 test_class=0.8447
2026-07-07 16:20:02,011 - INFO - Epoch 49/200 train_acc=0.9076 test_overall=0.8861 test_class=0.8432
2026-07-07 16:21:33,269 - INFO - Epoch 50/200 train_acc=0.9081 test_overall=0.8840 test_class=0.8494
2026-07-07 16:23:04,388 - INFO - Epoch 51/200 train_acc=0.9041 test_overall=0.8900 test_class=0.8401
2026-07-07 16:24:35,454 - INFO - Epoch 52/200 train_acc=0.9078 test_overall=0.8929 test_class=0.8565
2026-07-07 16:24:35,661 - INFO - Saved checkpoint to /home/woody/iwnt/iwnt189h/thesis_pointcloud/modelnet40_pointnet2_upsampling/pointnet2_results/x4_two_line_final/lineB_downsampled_x4_up/pu_gcn/checkpoints/best_model.pth
2026-07-07 16:26:36,377 - INFO - Epoch 53/200 train_acc=0.9057 test_overall=0.8909 test_class=0.8522
2026-07-07 16:28:08,010 - INFO - Epoch 54/200 train_acc=0.9064 test_overall=0.8816 test_class=0.8517
2026-07-07 16:29:39,838 - INFO - Epoch 55/200 train_acc=0.9109 test_overall=0.8807 test_class=0.8483
2026-07-07 16:31:11,264 - INFO - Epoch 56/200 train_acc=0.9075 test_overall=0.8807 test_class=0.8375
2026-07-07 16:32:42,400 - INFO - Epoch 57/200 train_acc=0.9136 test_overall=0.8892 test_class=0.8333
2026-07-07 16:34:13,636 - INFO - Epoch 58/200 train_acc=0.9124 test_overall=0.8754 test_class=0.8416
2026-07-07 16:35:44,543 - INFO - Epoch 59/200 train_acc=0.9120 test_overall=0.8853 test_class=0.8499
2026-07-07 16:37:15,716 - INFO - Epoch 60/200 train_acc=0.9198 test_overall=0.8981 test_class=0.8570
2026-07-07 16:37:15,934 - INFO - Saved checkpoint to /home/woody/iwnt/iwnt189h/thesis_pointcloud/modelnet40_pointnet2_upsampling/pointnet2_results/x4_two_line_final/lineB_downsampled_x4_up/pu_gcn/checkpoints/best_model.pth
2026-07-07 16:38:47,411 - INFO - Epoch 61/200 train_acc=0.9252 test_overall=0.8939 test_class=0.8553
2026-07-07 16:40:19,263 - INFO - Epoch 62/200 train_acc=0.9238 test_overall=0.8851 test_class=0.8494
2026-07-07 16:41:50,967 - INFO - Epoch 63/200 train_acc=0.9269 test_overall=0.8843 test_class=0.8494
2026-07-07 16:43:22,303 - INFO - Epoch 64/200 train_acc=0.9273 test_overall=0.8890 test_class=0.8481
2026-07-07 16:44:53,339 - INFO - Epoch 65/200 train_acc=0.9255 test_overall=0.8917 test_class=0.8552
2026-07-07 16:46:24,895 - INFO - Epoch 66/200 train_acc=0.9238 test_overall=0.8980 test_class=0.8632
2026-07-07 16:47:56,258 - INFO - Epoch 67/200 train_acc=0.9233 test_overall=0.8850 test_class=0.8517
2026-07-07 16:49:27,980 - INFO - Epoch 68/200 train_acc=0.9283 test_overall=0.8916 test_class=0.8576
2026-07-07 16:50:59,458 - INFO - Epoch 69/200 train_acc=0.9264 test_overall=0.8912 test_class=0.8563
2026-07-07 16:52:31,175 - INFO - Epoch 70/200 train_acc=0.9261 test_overall=0.8794 test_class=0.8477
2026-07-07 16:54:04,617 - INFO - Epoch 71/200 train_acc=0.9303 test_overall=0.8917 test_class=0.8553
2026-07-07 16:55:37,574 - INFO - Epoch 72/200 train_acc=0.9258 test_overall=0.8984 test_class=0.8550
2026-07-07 16:55:37,779 - INFO - Saved checkpoint to /home/woody/iwnt/iwnt189h/thesis_pointcloud/modelnet40_pointnet2_upsampling/pointnet2_results/x4_two_line_final/lineB_downsampled_x4_up/pu_gcn/checkpoints/best_model.pth
2026-07-07 16:57:10,833 - INFO - Epoch 73/200 train_acc=0.9270 test_overall=0.8895 test_class=0.8475
2026-07-07 16:58:44,014 - INFO - Epoch 74/200 train_acc=0.9312 test_overall=0.8909 test_class=0.8540
2026-07-07 17:00:18,102 - INFO - Epoch 75/200 train_acc=0.9310 test_overall=0.8846 test_class=0.8559
2026-07-07 17:01:51,744 - INFO - Epoch 76/200 train_acc=0.9317 test_overall=0.8871 test_class=0.8510
2026-07-07 17:03:24,608 - INFO - Epoch 77/200 train_acc=0.9285 test_overall=0.8907 test_class=0.8475
2026-07-07 17:04:58,892 - INFO - Epoch 78/200 train_acc=0.9245 test_overall=0.8872 test_class=0.8551
2026-07-07 17:06:32,022 - INFO - Epoch 79/200 train_acc=0.9315 test_overall=0.8886 test_class=0.8486
2026-07-07 17:08:08,604 - INFO - Epoch 80/200 train_acc=0.9363 test_overall=0.8918 test_class=0.8638
2026-07-07 17:09:41,531 - INFO - Epoch 81/200 train_acc=0.9402 test_overall=0.8959 test_class=0.8584
2026-07-07 17:11:13,859 - INFO - Epoch 82/200 train_acc=0.9417 test_overall=0.8956 test_class=0.8585
2026-07-07 17:12:47,022 - INFO - Epoch 83/200 train_acc=0.9412 test_overall=0.8960 test_class=0.8643
2026-07-07 17:14:20,368 - INFO - Epoch 84/200 train_acc=0.9405 test_overall=0.8957 test_class=0.8603
2026-07-07 17:15:53,769 - INFO - Epoch 85/200 train_acc=0.9432 test_overall=0.8948 test_class=0.8550
2026-07-07 17:17:26,701 - INFO - Epoch 86/200 train_acc=0.9433 test_overall=0.8906 test_class=0.8581
2026-07-07 17:18:59,462 - INFO - Epoch 87/200 train_acc=0.9425 test_overall=0.8940 test_class=0.8589
2026-07-07 17:20:32,439 - INFO - Epoch 88/200 train_acc=0.9425 test_overall=0.8968 test_class=0.8626
2026-07-07 17:22:05,764 - INFO - Epoch 89/200 train_acc=0.9485 test_overall=0.8960 test_class=0.8612
2026-07-07 17:23:38,149 - INFO - Epoch 90/200 train_acc=0.9431 test_overall=0.8904 test_class=0.8584
2026-07-07 17:25:15,272 - INFO - Epoch 91/200 train_acc=0.9432 test_overall=0.8890 test_class=0.8641
2026-07-07 17:26:53,261 - INFO - Epoch 92/200 train_acc=0.9411 test_overall=0.8947 test_class=0.8592
2026-07-07 17:28:30,790 - INFO - Epoch 93/200 train_acc=0.9471 test_overall=0.8949 test_class=0.8544
2026-07-07 17:30:07,871 - INFO - Epoch 94/200 train_acc=0.9446 test_overall=0.8892 test_class=0.8579
2026-07-07 17:31:44,706 - INFO - Epoch 95/200 train_acc=0.9455 test_overall=0.8867 test_class=0.8635
2026-07-07 17:33:21,947 - INFO - Epoch 96/200 train_acc=0.9487 test_overall=0.8895 test_class=0.8519
2026-07-07 17:34:59,587 - INFO - Epoch 97/200 train_acc=0.9460 test_overall=0.8892 test_class=0.8492
2026-07-07 17:36:37,066 - INFO - Epoch 98/200 train_acc=0.9433 test_overall=0.8871 test_class=0.8440
2026-07-07 17:38:14,684 - INFO - Epoch 99/200 train_acc=0.9502 test_overall=0.8919 test_class=0.8575
2026-07-07 17:39:57,541 - INFO - Epoch 100/200 train_acc=0.9510 test_overall=0.8921 test_class=0.8524
2026-07-07 17:41:34,668 - INFO - Epoch 101/200 train_acc=0.9518 test_overall=0.8931 test_class=0.8611
2026-07-07 17:43:12,827 - INFO - Epoch 102/200 train_acc=0.9522 test_overall=0.8940 test_class=0.8515
2026-07-07 17:44:50,837 - INFO - Epoch 103/200 train_acc=0.9526 test_overall=0.9000 test_class=0.8630
2026-07-07 17:44:51,056 - INFO - Saved checkpoint to /home/woody/iwnt/iwnt189h/thesis_pointcloud/modelnet40_pointnet2_upsampling/pointnet2_results/x4_two_line_final/lineB_downsampled_x4_up/pu_gcn/checkpoints/best_model.pth
2026-07-07 17:46:27,515 - INFO - Epoch 104/200 train_acc=0.9576 test_overall=0.8926 test_class=0.8627
2026-07-07 17:49:59,296 - INFO - Epoch 105/200 train_acc=0.9520 test_overall=0.8896 test_class=0.8574
2026-07-07 17:51:36,829 - INFO - Epoch 106/200 train_acc=0.9523 test_overall=0.8887 test_class=0.8512
2026-07-07 17:53:13,836 - INFO - Epoch 107/200 train_acc=0.9571 test_overall=0.8997 test_class=0.8568
2026-07-07 17:54:50,914 - INFO - Epoch 108/200 train_acc=0.9564 test_overall=0.8960 test_class=0.8637
2026-07-07 17:56:28,123 - INFO - Epoch 109/200 train_acc=0.9573 test_overall=0.8959 test_class=0.8595
2026-07-07 17:58:05,674 - INFO - Epoch 110/200 train_acc=0.9565 test_overall=0.8943 test_class=0.8549
2026-07-07 17:59:42,394 - INFO - Epoch 111/200 train_acc=0.9546 test_overall=0.8934 test_class=0.8582
2026-07-07 18:01:20,019 - INFO - Epoch 112/200 train_acc=0.9591 test_overall=0.8923 test_class=0.8555
2026-07-07 18:02:57,630 - INFO - Epoch 113/200 train_acc=0.9599 test_overall=0.8868 test_class=0.8629
2026-07-07 18:04:35,056 - INFO - Epoch 114/200 train_acc=0.9583 test_overall=0.8930 test_class=0.8616
2026-07-07 18:06:12,401 - INFO - Epoch 115/200 train_acc=0.9588 test_overall=0.8931 test_class=0.8606
2026-07-07 18:07:48,745 - INFO - Epoch 116/200 train_acc=0.9587 test_overall=0.8960 test_class=0.8541
2026-07-07 18:09:24,108 - INFO - Epoch 117/200 train_acc=0.9607 test_overall=0.8899 test_class=0.8509
2026-07-07 18:11:00,682 - INFO - Epoch 118/200 train_acc=0.9582 test_overall=0.8945 test_class=0.8564
2026-07-07 18:12:37,002 - INFO - Epoch 119/200 train_acc=0.9585 test_overall=0.8953 test_class=0.8650
2026-07-07 18:14:13,411 - INFO - Epoch 120/200 train_acc=0.9627 test_overall=0.8939 test_class=0.8551
2026-07-07 18:15:48,698 - INFO - Epoch 121/200 train_acc=0.9613 test_overall=0.8918 test_class=0.8524
2026-07-07 18:17:24,726 - INFO - Epoch 122/200 train_acc=0.9627 test_overall=0.8948 test_class=0.8576
2026-07-07 18:19:01,123 - INFO - Epoch 123/200 train_acc=0.9626 test_overall=0.8962 test_class=0.8577
2026-07-07 18:21:39,258 - INFO - Epoch 124/200 train_acc=0.9645 test_overall=0.8951 test_class=0.8585
2026-07-07 18:23:28,417 - INFO - Epoch 125/200 train_acc=0.9657 test_overall=0.8969 test_class=0.8601
2026-07-07 18:25:41,666 - INFO - Epoch 126/200 train_acc=0.9645 test_overall=0.8908 test_class=0.8531
2026-07-07 18:27:31,142 - INFO - Epoch 127/200 train_acc=0.9666 test_overall=0.8972 test_class=0.8648
2026-07-07 18:29:43,027 - INFO - Epoch 128/200 train_acc=0.9660 test_overall=0.8984 test_class=0.8644
2026-07-07 18:31:21,487 - INFO - Epoch 129/200 train_acc=0.9657 test_overall=0.8932 test_class=0.8564
2026-07-07 18:33:31,863 - INFO - Epoch 130/200 train_acc=0.9661 test_overall=0.8942 test_class=0.8558
2026-07-07 18:35:08,924 - INFO - Epoch 131/200 train_acc=0.9644 test_overall=0.8936 test_class=0.8612
2026-07-07 18:37:13,851 - INFO - Epoch 132/200 train_acc=0.9665 test_overall=0.8908 test_class=0.8592
2026-07-07 18:38:48,811 - INFO - Epoch 133/200 train_acc=0.9643 test_overall=0.8931 test_class=0.8566
2026-07-07 18:40:55,744 - INFO - Epoch 134/200 train_acc=0.9654 test_overall=0.8944 test_class=0.8576
2026-07-07 18:42:29,116 - INFO - Epoch 135/200 train_acc=0.9684 test_overall=0.8926 test_class=0.8545
2026-07-07 18:44:02,081 - INFO - Epoch 136/200 train_acc=0.9661 test_overall=0.8939 test_class=0.8575
2026-07-07 18:45:35,198 - INFO - Epoch 137/200 train_acc=0.9652 test_overall=0.8871 test_class=0.8523
2026-07-07 18:47:08,559 - INFO - Epoch 138/200 train_acc=0.9672 test_overall=0.8941 test_class=0.8511
2026-07-07 18:48:41,695 - INFO - Epoch 139/200 train_acc=0.9660 test_overall=0.8910 test_class=0.8503
2026-07-07 18:50:14,946 - INFO - Epoch 140/200 train_acc=0.9685 test_overall=0.8996 test_class=0.8601
2026-07-07 18:52:20,343 - INFO - Epoch 141/200 train_acc=0.9701 test_overall=0.8945 test_class=0.8556
2026-07-07 18:54:02,598 - INFO - Epoch 142/200 train_acc=0.9687 test_overall=0.8943 test_class=0.8551
2026-07-07 18:55:44,792 - INFO - Epoch 143/200 train_acc=0.9724 test_overall=0.8951 test_class=0.8527
2026-07-07 18:57:23,820 - INFO - Epoch 144/200 train_acc=0.9711 test_overall=0.8949 test_class=0.8563
2026-07-07 18:59:05,520 - INFO - Epoch 145/200 train_acc=0.9687 test_overall=0.8856 test_class=0.8436
2026-07-07 19:00:48,281 - INFO - Epoch 146/200 train_acc=0.9724 test_overall=0.8973 test_class=0.8591
2026-07-07 19:02:27,894 - INFO - Epoch 147/200 train_acc=0.9721 test_overall=0.8878 test_class=0.8515
2026-07-07 19:04:10,513 - INFO - Epoch 148/200 train_acc=0.9753 test_overall=0.8977 test_class=0.8587
2026-07-07 19:05:52,707 - INFO - Epoch 149/200 train_acc=0.9706 test_overall=0.8932 test_class=0.8537
2026-07-07 19:07:32,163 - INFO - Epoch 150/200 train_acc=0.9743 test_overall=0.8906 test_class=0.8503
2026-07-07 19:09:10,847 - INFO - Epoch 151/200 train_acc=0.9724 test_overall=0.8912 test_class=0.8514
2026-07-07 19:10:46,437 - INFO - Epoch 152/200 train_acc=0.9705 test_overall=0.8898 test_class=0.8475
2026-07-07 19:12:19,751 - INFO - Epoch 153/200 train_acc=0.9694 test_overall=0.8951 test_class=0.8561
2026-07-07 19:13:54,686 - INFO - Epoch 154/200 train_acc=0.9725 test_overall=0.8935 test_class=0.8541
2026-07-07 19:15:29,578 - INFO - Epoch 155/200 train_acc=0.9725 test_overall=0.8968 test_class=0.8560
2026-07-07 19:17:03,692 - INFO - Epoch 156/200 train_acc=0.9750 test_overall=0.8989 test_class=0.8608
2026-07-07 19:18:37,734 - INFO - Epoch 157/200 train_acc=0.9717 test_overall=0.8898 test_class=0.8494
2026-07-07 19:20:11,892 - INFO - Epoch 158/200 train_acc=0.9730 test_overall=0.8928 test_class=0.8543
2026-07-07 19:21:45,480 - INFO - Epoch 159/200 train_acc=0.9709 test_overall=0.8928 test_class=0.8511
2026-07-07 19:23:19,866 - INFO - Epoch 160/200 train_acc=0.9739 test_overall=0.8978 test_class=0.8579
2026-07-07 19:24:53,670 - INFO - Epoch 161/200 train_acc=0.9742 test_overall=0.8975 test_class=0.8550
2026-07-07 19:26:27,320 - INFO - Epoch 162/200 train_acc=0.9729 test_overall=0.8979 test_class=0.8571
2026-07-07 19:28:04,524 - INFO - Epoch 163/200 train_acc=0.9742 test_overall=0.8981 test_class=0.8624
2026-07-07 19:29:41,728 - INFO - Epoch 164/200 train_acc=0.9745 test_overall=0.9006 test_class=0.8641
2026-07-07 19:29:41,947 - INFO - Saved checkpoint to /home/woody/iwnt/iwnt189h/thesis_pointcloud/modelnet40_pointnet2_upsampling/pointnet2_results/x4_two_line_final/lineB_downsampled_x4_up/pu_gcn/checkpoints/best_model.pth
2026-07-07 19:31:18,473 - INFO - Epoch 165/200 train_acc=0.9759 test_overall=0.8951 test_class=0.8566
2026-07-07 19:32:55,825 - INFO - Epoch 166/200 train_acc=0.9759 test_overall=0.8922 test_class=0.8557
2026-07-07 19:34:51,523 - INFO - Epoch 167/200 train_acc=0.9751 test_overall=0.8937 test_class=0.8496
2026-07-07 19:36:29,974 - INFO - Epoch 168/200 train_acc=0.9746 test_overall=0.8975 test_class=0.8609
2026-07-07 19:38:06,002 - INFO - Epoch 169/200 train_acc=0.9768 test_overall=0.8905 test_class=0.8533
2026-07-07 19:39:41,866 - INFO - Epoch 170/200 train_acc=0.9748 test_overall=0.8904 test_class=0.8532
2026-07-07 19:41:18,472 - INFO - Epoch 171/200 train_acc=0.9769 test_overall=0.8901 test_class=0.8463
2026-07-07 19:42:53,903 - INFO - Epoch 172/200 train_acc=0.9757 test_overall=0.8893 test_class=0.8486
2026-07-07 19:44:30,646 - INFO - Epoch 173/200 train_acc=0.9783 test_overall=0.8968 test_class=0.8541
2026-07-07 19:46:06,981 - INFO - Epoch 174/200 train_acc=0.9731 test_overall=0.8955 test_class=0.8523
2026-07-07 19:47:41,877 - INFO - Epoch 175/200 train_acc=0.9793 test_overall=0.8959 test_class=0.8560
2026-07-07 19:49:17,928 - INFO - Epoch 176/200 train_acc=0.9762 test_overall=0.8934 test_class=0.8512
2026-07-07 19:50:54,297 - INFO - Epoch 177/200 train_acc=0.9775 test_overall=0.8943 test_class=0.8554
2026-07-07 19:52:30,318 - INFO - Epoch 178/200 train_acc=0.9787 test_overall=0.8950 test_class=0.8538
2026-07-07 19:54:06,173 - INFO - Epoch 179/200 train_acc=0.9779 test_overall=0.8909 test_class=0.8428
2026-07-07 19:55:42,539 - INFO - Epoch 180/200 train_acc=0.9742 test_overall=0.8980 test_class=0.8581
2026-07-07 19:57:19,287 - INFO - Epoch 181/200 train_acc=0.9775 test_overall=0.8943 test_class=0.8519
2026-07-07 19:58:55,674 - INFO - Epoch 182/200 train_acc=0.9792 test_overall=0.8951 test_class=0.8585
2026-07-07 20:00:31,704 - INFO - Epoch 183/200 train_acc=0.9794 test_overall=0.8974 test_class=0.8568
2026-07-07 20:02:07,366 - INFO - Epoch 184/200 train_acc=0.9763 test_overall=0.8980 test_class=0.8521
2026-07-07 20:03:43,554 - INFO - Epoch 185/200 train_acc=0.9794 test_overall=0.8959 test_class=0.8524
2026-07-07 20:05:19,412 - INFO - Epoch 186/200 train_acc=0.9799 test_overall=0.8957 test_class=0.8541
2026-07-07 20:06:55,795 - INFO - Epoch 187/200 train_acc=0.9782 test_overall=0.8947 test_class=0.8542
2026-07-07 20:08:31,696 - INFO - Epoch 188/200 train_acc=0.9788 test_overall=0.8947 test_class=0.8577
2026-07-07 20:10:07,784 - INFO - Epoch 189/200 train_acc=0.9794 test_overall=0.8930 test_class=0.8496
2026-07-07 20:11:44,112 - INFO - Epoch 190/200 train_acc=0.9791 test_overall=0.8937 test_class=0.8595
2026-07-07 20:13:19,857 - INFO - Epoch 191/200 train_acc=0.9803 test_overall=0.8964 test_class=0.8524
2026-07-07 20:14:55,989 - INFO - Epoch 192/200 train_acc=0.9792 test_overall=0.8959 test_class=0.8599
2026-07-07 20:16:32,793 - INFO - Epoch 193/200 train_acc=0.9813 test_overall=0.8972 test_class=0.8572
2026-07-07 20:18:08,812 - INFO - Epoch 194/200 train_acc=0.9777 test_overall=0.8980 test_class=0.8599
2026-07-07 20:19:45,064 - INFO - Epoch 195/200 train_acc=0.9831 test_overall=0.8930 test_class=0.8504
2026-07-07 20:21:21,140 - INFO - Epoch 196/200 train_acc=0.9799 test_overall=0.8943 test_class=0.8492
2026-07-07 20:22:56,951 - INFO - Epoch 197/200 train_acc=0.9814 test_overall=0.8980 test_class=0.8583
2026-07-07 20:24:33,247 - INFO - Epoch 198/200 train_acc=0.9813 test_overall=0.8948 test_class=0.8550
2026-07-07 20:26:09,447 - INFO - Epoch 199/200 train_acc=0.9797 test_overall=0.8951 test_class=0.8545
2026-07-07 20:27:45,856 - INFO - Epoch 200/200 train_acc=0.9778 test_overall=0.8963 test_class=0.8525
2026-07-07 20:27:45,885 - INFO - Training finished. best_overall=0.9006 best_class=0.8641
