2026-07-16 21:32:20,403 - INFO - Args: Namespace(variant='lineA_original_up_pu_edgeformer', data_root=PosixPath('/home/woody/iwnt/iwnt189h/thesis_pointcloud/modelnet40_pointnet2_upsampling/pointnet2_inputs/lineA_original_up/pu_edgeformer'), output_dir=PosixPath('/home/woody/iwnt/iwnt189h/thesis_pointcloud/modelnet40_pointnet2_upsampling/pointnet2_results/x4_two_line_final/lineA_original_up/pu_edgeformer'), log_file=PosixPath('/home/woody/iwnt/iwnt189h/thesis_pointcloud/modelnet40_pointnet2_upsampling/pointnet2_results/x4_two_line_final/lineA_original_up/pu_edgeformer/train.log'), model='pointnet2_cls_ssg', num_category=40, num_point=4096, allow_resample=False, reports_dir=PosixPath('/home/woody/iwnt/iwnt189h/thesis_pointcloud/modelnet40_pointnet2_upsampling/pointnet2_results/x4_two_line_final/lineA_original_up/pu_edgeformer'), batch_size=24, epoch=200, learning_rate=0.001, decay_rate=0.0001, optimizer='Adam', seed=42, gpu='0', use_cpu=False, num_workers=4, max_train_batches=0, max_eval_batches=0)
2026-07-16 21:32:20,404 - INFO - PointNet++ repo: /home/woody/iwnt/iwnt189h/thesis_pointcloud/modelnet40_pointnet2_upsampling/external/Pointnet_Pointnet2_pytorch
2026-07-16 21:32:20,404 - INFO - Data root: /home/woody/iwnt/iwnt189h/thesis_pointcloud/modelnet40_pointnet2_upsampling/pointnet2_inputs/lineA_original_up/pu_edgeformer
2026-07-16 21:32:20,404 - INFO - num_point=4096 allow_resample=False
2026-07-16 21:32:20,693 - INFO - First train sample shape after loader: (4096, 3)
2026-07-16 21:32:20,693 - INFO - Dataset sizes: train=9843 test=2468
2026-07-16 21:32:24,794 - INFO - First train batch tensor shape before device move: (24, 3, 4096) (batch=24, channels=3, points=4096)
2026-07-16 21:32:26,735 - INFO - First train batch loss: 3.753759
2026-07-16 21:35:11,305 - INFO - Epoch 1/200 train_acc=0.5420 test_overall=0.6587 test_class=0.5229
2026-07-16 21:35:11,495 - INFO - Saved checkpoint to /home/woody/iwnt/iwnt189h/thesis_pointcloud/modelnet40_pointnet2_upsampling/pointnet2_results/x4_two_line_final/lineA_original_up/pu_edgeformer/checkpoints/best_model.pth
2026-07-16 21:37:43,178 - INFO - Epoch 2/200 train_acc=0.7004 test_overall=0.6741 test_class=0.6145
2026-07-16 21:37:43,370 - INFO - Saved checkpoint to /home/woody/iwnt/iwnt189h/thesis_pointcloud/modelnet40_pointnet2_upsampling/pointnet2_results/x4_two_line_final/lineA_original_up/pu_edgeformer/checkpoints/best_model.pth
2026-07-16 21:40:15,829 - INFO - Epoch 3/200 train_acc=0.7422 test_overall=0.6983 test_class=0.6217
2026-07-16 21:40:16,022 - INFO - Saved checkpoint to /home/woody/iwnt/iwnt189h/thesis_pointcloud/modelnet40_pointnet2_upsampling/pointnet2_results/x4_two_line_final/lineA_original_up/pu_edgeformer/checkpoints/best_model.pth
2026-07-16 21:42:50,169 - INFO - Epoch 4/200 train_acc=0.7785 test_overall=0.7607 test_class=0.7011
2026-07-16 21:42:50,362 - INFO - Saved checkpoint to /home/woody/iwnt/iwnt189h/thesis_pointcloud/modelnet40_pointnet2_upsampling/pointnet2_results/x4_two_line_final/lineA_original_up/pu_edgeformer/checkpoints/best_model.pth
2026-07-16 21:45:25,486 - INFO - Epoch 5/200 train_acc=0.7940 test_overall=0.7839 test_class=0.7265
2026-07-16 21:45:25,679 - INFO - Saved checkpoint to /home/woody/iwnt/iwnt189h/thesis_pointcloud/modelnet40_pointnet2_upsampling/pointnet2_results/x4_two_line_final/lineA_original_up/pu_edgeformer/checkpoints/best_model.pth
2026-07-16 21:48:02,102 - INFO - Epoch 6/200 train_acc=0.8049 test_overall=0.8112 test_class=0.7435
2026-07-16 21:48:02,315 - INFO - Saved checkpoint to /home/woody/iwnt/iwnt189h/thesis_pointcloud/modelnet40_pointnet2_upsampling/pointnet2_results/x4_two_line_final/lineA_original_up/pu_edgeformer/checkpoints/best_model.pth
2026-07-16 21:50:36,806 - INFO - Epoch 7/200 train_acc=0.8206 test_overall=0.8143 test_class=0.7555
2026-07-16 21:50:36,999 - INFO - Saved checkpoint to /home/woody/iwnt/iwnt189h/thesis_pointcloud/modelnet40_pointnet2_upsampling/pointnet2_results/x4_two_line_final/lineA_original_up/pu_edgeformer/checkpoints/best_model.pth
2026-07-16 21:53:10,381 - INFO - Epoch 8/200 train_acc=0.8233 test_overall=0.7856 test_class=0.7151
2026-07-16 21:55:46,571 - INFO - Epoch 9/200 train_acc=0.8262 test_overall=0.8339 test_class=0.7727
2026-07-16 21:55:46,762 - INFO - Saved checkpoint to /home/woody/iwnt/iwnt189h/thesis_pointcloud/modelnet40_pointnet2_upsampling/pointnet2_results/x4_two_line_final/lineA_original_up/pu_edgeformer/checkpoints/best_model.pth
2026-07-16 21:58:20,966 - INFO - Epoch 10/200 train_acc=0.8376 test_overall=0.8400 test_class=0.7930
2026-07-16 21:58:21,160 - INFO - Saved checkpoint to /home/woody/iwnt/iwnt189h/thesis_pointcloud/modelnet40_pointnet2_upsampling/pointnet2_results/x4_two_line_final/lineA_original_up/pu_edgeformer/checkpoints/best_model.pth
2026-07-16 22:00:56,006 - INFO - Epoch 11/200 train_acc=0.8465 test_overall=0.8361 test_class=0.7880
2026-07-16 22:03:30,485 - INFO - Epoch 12/200 train_acc=0.8480 test_overall=0.8506 test_class=0.8003
2026-07-16 22:03:30,677 - INFO - Saved checkpoint to /home/woody/iwnt/iwnt189h/thesis_pointcloud/modelnet40_pointnet2_upsampling/pointnet2_results/x4_two_line_final/lineA_original_up/pu_edgeformer/checkpoints/best_model.pth
2026-07-16 22:06:05,995 - INFO - Epoch 13/200 train_acc=0.8550 test_overall=0.8406 test_class=0.7883
2026-07-16 22:08:39,672 - INFO - Epoch 14/200 train_acc=0.8488 test_overall=0.8604 test_class=0.8097
2026-07-16 22:08:39,867 - INFO - Saved checkpoint to /home/woody/iwnt/iwnt189h/thesis_pointcloud/modelnet40_pointnet2_upsampling/pointnet2_results/x4_two_line_final/lineA_original_up/pu_edgeformer/checkpoints/best_model.pth
2026-07-16 22:11:14,149 - INFO - Epoch 15/200 train_acc=0.8590 test_overall=0.8325 test_class=0.7915
2026-07-16 22:13:50,344 - INFO - Epoch 16/200 train_acc=0.8643 test_overall=0.8504 test_class=0.8041
2026-07-16 22:16:25,677 - INFO - Epoch 17/200 train_acc=0.8666 test_overall=0.8665 test_class=0.8162
2026-07-16 22:16:25,869 - INFO - Saved checkpoint to /home/woody/iwnt/iwnt189h/thesis_pointcloud/modelnet40_pointnet2_upsampling/pointnet2_results/x4_two_line_final/lineA_original_up/pu_edgeformer/checkpoints/best_model.pth
2026-07-16 22:18:58,202 - INFO - Epoch 18/200 train_acc=0.8710 test_overall=0.8414 test_class=0.7892
2026-07-16 22:21:34,392 - INFO - Epoch 19/200 train_acc=0.8739 test_overall=0.8484 test_class=0.7872
2026-07-16 22:24:09,516 - INFO - Epoch 20/200 train_acc=0.8846 test_overall=0.8904 test_class=0.8506
2026-07-16 22:24:09,708 - INFO - Saved checkpoint to /home/woody/iwnt/iwnt189h/thesis_pointcloud/modelnet40_pointnet2_upsampling/pointnet2_results/x4_two_line_final/lineA_original_up/pu_edgeformer/checkpoints/best_model.pth
2026-07-16 22:26:41,814 - INFO - Epoch 21/200 train_acc=0.8943 test_overall=0.8729 test_class=0.8328
2026-07-16 22:29:14,698 - INFO - Epoch 22/200 train_acc=0.8998 test_overall=0.8739 test_class=0.8351
2026-07-16 22:31:48,683 - INFO - Epoch 23/200 train_acc=0.8923 test_overall=0.8784 test_class=0.8404
2026-07-16 22:34:25,027 - INFO - Epoch 24/200 train_acc=0.8981 test_overall=0.8727 test_class=0.8388
2026-07-16 22:37:01,616 - INFO - Epoch 25/200 train_acc=0.8971 test_overall=0.8740 test_class=0.8344
2026-07-16 22:39:37,161 - INFO - Epoch 26/200 train_acc=0.8958 test_overall=0.8742 test_class=0.8429
2026-07-16 22:42:13,518 - INFO - Epoch 27/200 train_acc=0.8982 test_overall=0.8651 test_class=0.8266
2026-07-16 22:44:50,327 - INFO - Epoch 28/200 train_acc=0.8996 test_overall=0.8800 test_class=0.8344
2026-07-16 22:47:27,060 - INFO - Epoch 29/200 train_acc=0.9043 test_overall=0.8721 test_class=0.8244
2026-07-16 22:49:57,383 - INFO - Epoch 30/200 train_acc=0.9030 test_overall=0.8910 test_class=0.8498
2026-07-16 22:49:57,577 - INFO - Saved checkpoint to /home/woody/iwnt/iwnt189h/thesis_pointcloud/modelnet40_pointnet2_upsampling/pointnet2_results/x4_two_line_final/lineA_original_up/pu_edgeformer/checkpoints/best_model.pth
2026-07-16 22:52:33,459 - INFO - Epoch 31/200 train_acc=0.9073 test_overall=0.8826 test_class=0.8380
2026-07-16 22:55:08,688 - INFO - Epoch 32/200 train_acc=0.9120 test_overall=0.8805 test_class=0.8264
2026-07-16 22:57:43,915 - INFO - Epoch 33/200 train_acc=0.9071 test_overall=0.8933 test_class=0.8576
2026-07-16 22:57:44,105 - INFO - Saved checkpoint to /home/woody/iwnt/iwnt189h/thesis_pointcloud/modelnet40_pointnet2_upsampling/pointnet2_results/x4_two_line_final/lineA_original_up/pu_edgeformer/checkpoints/best_model.pth
2026-07-16 23:00:19,946 - INFO - Epoch 34/200 train_acc=0.9120 test_overall=0.8726 test_class=0.8291
2026-07-16 23:02:57,574 - INFO - Epoch 35/200 train_acc=0.9122 test_overall=0.8641 test_class=0.8118
2026-07-16 23:05:33,304 - INFO - Epoch 36/200 train_acc=0.9062 test_overall=0.8854 test_class=0.8473
2026-07-16 23:08:09,561 - INFO - Epoch 37/200 train_acc=0.9134 test_overall=0.8835 test_class=0.8448
2026-07-16 23:10:46,376 - INFO - Epoch 38/200 train_acc=0.9130 test_overall=0.8699 test_class=0.8431
2026-07-16 23:13:23,760 - INFO - Epoch 39/200 train_acc=0.9137 test_overall=0.8832 test_class=0.8347
2026-07-16 23:16:00,315 - INFO - Epoch 40/200 train_acc=0.9261 test_overall=0.8962 test_class=0.8596
2026-07-16 23:16:00,511 - INFO - Saved checkpoint to /home/woody/iwnt/iwnt189h/thesis_pointcloud/modelnet40_pointnet2_upsampling/pointnet2_results/x4_two_line_final/lineA_original_up/pu_edgeformer/checkpoints/best_model.pth
2026-07-16 23:18:37,138 - INFO - Epoch 41/200 train_acc=0.9334 test_overall=0.8984 test_class=0.8522
2026-07-16 23:18:37,329 - INFO - Saved checkpoint to /home/woody/iwnt/iwnt189h/thesis_pointcloud/modelnet40_pointnet2_upsampling/pointnet2_results/x4_two_line_final/lineA_original_up/pu_edgeformer/checkpoints/best_model.pth
2026-07-16 23:21:14,182 - INFO - Epoch 42/200 train_acc=0.9324 test_overall=0.8853 test_class=0.8457
2026-07-16 23:23:50,542 - INFO - Epoch 43/200 train_acc=0.9293 test_overall=0.8888 test_class=0.8430
2026-07-16 23:26:24,845 - INFO - Epoch 44/200 train_acc=0.9279 test_overall=0.8969 test_class=0.8503
2026-07-16 23:29:00,961 - INFO - Epoch 45/200 train_acc=0.9284 test_overall=0.8850 test_class=0.8378
2026-07-16 23:31:33,904 - INFO - Epoch 46/200 train_acc=0.9393 test_overall=0.8917 test_class=0.8424
2026-07-16 23:34:09,184 - INFO - Epoch 47/200 train_acc=0.9376 test_overall=0.8967 test_class=0.8585
2026-07-16 23:36:45,442 - INFO - Epoch 48/200 train_acc=0.9342 test_overall=0.8851 test_class=0.8378
2026-07-16 23:39:15,459 - INFO - Epoch 49/200 train_acc=0.9341 test_overall=0.8896 test_class=0.8385
2026-07-16 23:41:49,349 - INFO - Epoch 50/200 train_acc=0.9348 test_overall=0.8917 test_class=0.8517
2026-07-16 23:44:26,221 - INFO - Epoch 51/200 train_acc=0.9402 test_overall=0.8909 test_class=0.8586
2026-07-16 23:47:02,003 - INFO - Epoch 52/200 train_acc=0.9367 test_overall=0.8915 test_class=0.8430
2026-07-16 23:49:34,601 - INFO - Epoch 53/200 train_acc=0.9399 test_overall=0.8896 test_class=0.8424
2026-07-16 23:52:08,315 - INFO - Epoch 54/200 train_acc=0.9359 test_overall=0.8873 test_class=0.8543
2026-07-16 23:54:41,758 - INFO - Epoch 55/200 train_acc=0.9409 test_overall=0.8876 test_class=0.8480
2026-07-16 23:57:17,511 - INFO - Epoch 56/200 train_acc=0.9411 test_overall=0.8790 test_class=0.8260
2026-07-16 23:59:53,629 - INFO - Epoch 57/200 train_acc=0.9421 test_overall=0.8969 test_class=0.8393
2026-07-17 00:02:29,415 - INFO - Epoch 58/200 train_acc=0.9442 test_overall=0.8913 test_class=0.8578
2026-07-17 00:05:05,475 - INFO - Epoch 59/200 train_acc=0.9414 test_overall=0.8947 test_class=0.8623
2026-07-17 00:07:42,190 - INFO - Epoch 60/200 train_acc=0.9519 test_overall=0.9016 test_class=0.8539
2026-07-17 00:07:42,403 - INFO - Saved checkpoint to /home/woody/iwnt/iwnt189h/thesis_pointcloud/modelnet40_pointnet2_upsampling/pointnet2_results/x4_two_line_final/lineA_original_up/pu_edgeformer/checkpoints/best_model.pth
2026-07-17 00:10:18,656 - INFO - Epoch 61/200 train_acc=0.9545 test_overall=0.9045 test_class=0.8720
2026-07-17 00:10:18,850 - INFO - Saved checkpoint to /home/woody/iwnt/iwnt189h/thesis_pointcloud/modelnet40_pointnet2_upsampling/pointnet2_results/x4_two_line_final/lineA_original_up/pu_edgeformer/checkpoints/best_model.pth
2026-07-17 00:12:55,787 - INFO - Epoch 62/200 train_acc=0.9532 test_overall=0.8957 test_class=0.8485
2026-07-17 00:15:32,192 - INFO - Epoch 63/200 train_acc=0.9553 test_overall=0.8896 test_class=0.8470
2026-07-17 00:18:07,519 - INFO - Epoch 64/200 train_acc=0.9529 test_overall=0.8928 test_class=0.8495
2026-07-17 00:20:42,565 - INFO - Epoch 65/200 train_acc=0.9527 test_overall=0.8956 test_class=0.8497
2026-07-17 00:23:17,186 - INFO - Epoch 66/200 train_acc=0.9569 test_overall=0.8985 test_class=0.8552
2026-07-17 00:25:55,196 - INFO - Epoch 67/200 train_acc=0.9534 test_overall=0.8968 test_class=0.8580
2026-07-17 00:28:31,549 - INFO - Epoch 68/200 train_acc=0.9577 test_overall=0.8828 test_class=0.8348
2026-07-17 00:31:07,658 - INFO - Epoch 69/200 train_acc=0.9588 test_overall=0.8943 test_class=0.8503
2026-07-17 00:33:44,684 - INFO - Epoch 70/200 train_acc=0.9556 test_overall=0.8968 test_class=0.8549
2026-07-17 00:36:20,670 - INFO - Epoch 71/200 train_acc=0.9586 test_overall=0.9026 test_class=0.8629
2026-07-17 00:38:56,229 - INFO - Epoch 72/200 train_acc=0.9590 test_overall=0.8926 test_class=0.8478
2026-07-17 00:41:33,842 - INFO - Epoch 73/200 train_acc=0.9574 test_overall=0.8956 test_class=0.8519
2026-07-17 00:44:09,553 - INFO - Epoch 74/200 train_acc=0.9621 test_overall=0.9012 test_class=0.8577
2026-07-17 00:46:45,214 - INFO - Epoch 75/200 train_acc=0.9597 test_overall=0.8930 test_class=0.8540
2026-07-17 00:49:17,635 - INFO - Epoch 76/200 train_acc=0.9613 test_overall=0.8896 test_class=0.8521
2026-07-17 00:51:51,153 - INFO - Epoch 77/200 train_acc=0.9589 test_overall=0.8921 test_class=0.8636
2026-07-17 00:54:23,985 - INFO - Epoch 78/200 train_acc=0.9578 test_overall=0.8927 test_class=0.8495
2026-07-17 00:57:00,773 - INFO - Epoch 79/200 train_acc=0.9618 test_overall=0.8925 test_class=0.8501
2026-07-17 00:59:37,069 - INFO - Epoch 80/200 train_acc=0.9676 test_overall=0.8933 test_class=0.8533
2026-07-17 01:02:12,382 - INFO - Epoch 81/200 train_acc=0.9665 test_overall=0.8972 test_class=0.8516
2026-07-17 01:04:49,014 - INFO - Epoch 82/200 train_acc=0.9684 test_overall=0.8983 test_class=0.8523
2026-07-17 01:07:12,101 - INFO - Epoch 83/200 train_acc=0.9700 test_overall=0.9054 test_class=0.8635
2026-07-17 01:07:12,293 - INFO - Saved checkpoint to /home/woody/iwnt/iwnt189h/thesis_pointcloud/modelnet40_pointnet2_upsampling/pointnet2_results/x4_two_line_final/lineA_original_up/pu_edgeformer/checkpoints/best_model.pth
2026-07-17 01:09:47,705 - INFO - Epoch 84/200 train_acc=0.9721 test_overall=0.9017 test_class=0.8608
2026-07-17 01:12:21,304 - INFO - Epoch 85/200 train_acc=0.9703 test_overall=0.9015 test_class=0.8535
2026-07-17 01:14:57,773 - INFO - Epoch 86/200 train_acc=0.9701 test_overall=0.8956 test_class=0.8513
2026-07-17 01:17:33,602 - INFO - Epoch 87/200 train_acc=0.9732 test_overall=0.9014 test_class=0.8592
2026-07-17 01:20:05,857 - INFO - Epoch 88/200 train_acc=0.9712 test_overall=0.8968 test_class=0.8556
2026-07-17 01:22:40,243 - INFO - Epoch 89/200 train_acc=0.9665 test_overall=0.8916 test_class=0.8422
2026-07-17 01:25:11,849 - INFO - Epoch 90/200 train_acc=0.9737 test_overall=0.8963 test_class=0.8527
2026-07-17 01:27:44,905 - INFO - Epoch 91/200 train_acc=0.9696 test_overall=0.9008 test_class=0.8578
2026-07-17 01:30:20,145 - INFO - Epoch 92/200 train_acc=0.9718 test_overall=0.8939 test_class=0.8521
2026-07-17 01:32:55,315 - INFO - Epoch 93/200 train_acc=0.9729 test_overall=0.8957 test_class=0.8566
2026-07-17 01:35:28,549 - INFO - Epoch 94/200 train_acc=0.9711 test_overall=0.8960 test_class=0.8516
2026-07-17 01:38:03,724 - INFO - Epoch 95/200 train_acc=0.9714 test_overall=0.8906 test_class=0.8600
2026-07-17 01:40:28,422 - INFO - Epoch 96/200 train_acc=0.9724 test_overall=0.8939 test_class=0.8519
2026-07-17 01:42:54,090 - INFO - Epoch 97/200 train_acc=0.9726 test_overall=0.8878 test_class=0.8444
2026-07-17 01:45:27,901 - INFO - Epoch 98/200 train_acc=0.9737 test_overall=0.8906 test_class=0.8520
2026-07-17 01:48:02,257 - INFO - Epoch 99/200 train_acc=0.9717 test_overall=0.8986 test_class=0.8575
2026-07-17 01:50:36,756 - INFO - Epoch 100/200 train_acc=0.9773 test_overall=0.8949 test_class=0.8527
2026-07-17 01:53:09,089 - INFO - Epoch 101/200 train_acc=0.9752 test_overall=0.9049 test_class=0.8682
2026-07-17 01:55:45,593 - INFO - Epoch 102/200 train_acc=0.9787 test_overall=0.8966 test_class=0.8480
2026-07-17 01:58:19,635 - INFO - Epoch 103/200 train_acc=0.9806 test_overall=0.9022 test_class=0.8656
2026-07-17 02:00:55,086 - INFO - Epoch 104/200 train_acc=0.9790 test_overall=0.8983 test_class=0.8544
2026-07-17 02:03:31,363 - INFO - Epoch 105/200 train_acc=0.9801 test_overall=0.8981 test_class=0.8637
2026-07-17 02:06:06,222 - INFO - Epoch 106/200 train_acc=0.9766 test_overall=0.8920 test_class=0.8604
2026-07-17 02:08:40,037 - INFO - Epoch 107/200 train_acc=0.9816 test_overall=0.8989 test_class=0.8546
2026-07-17 02:11:06,895 - INFO - Epoch 108/200 train_acc=0.9803 test_overall=0.8940 test_class=0.8588
2026-07-17 02:13:38,071 - INFO - Epoch 109/200 train_acc=0.9775 test_overall=0.8963 test_class=0.8532
2026-07-17 02:16:12,335 - INFO - Epoch 110/200 train_acc=0.9832 test_overall=0.9026 test_class=0.8622
2026-07-17 02:18:43,182 - INFO - Epoch 111/200 train_acc=0.9799 test_overall=0.8924 test_class=0.8484
2026-07-17 02:21:19,071 - INFO - Epoch 112/200 train_acc=0.9792 test_overall=0.8964 test_class=0.8545
2026-07-17 02:23:54,366 - INFO - Epoch 113/200 train_acc=0.9831 test_overall=0.8924 test_class=0.8505
2026-07-17 02:26:27,994 - INFO - Epoch 114/200 train_acc=0.9802 test_overall=0.8983 test_class=0.8520
2026-07-17 02:28:59,370 - INFO - Epoch 115/200 train_acc=0.9817 test_overall=0.9049 test_class=0.8609
2026-07-17 02:31:32,350 - INFO - Epoch 116/200 train_acc=0.9831 test_overall=0.8998 test_class=0.8583
2026-07-17 02:34:08,096 - INFO - Epoch 117/200 train_acc=0.9820 test_overall=0.8988 test_class=0.8560
2026-07-17 02:36:44,842 - INFO - Epoch 118/200 train_acc=0.9824 test_overall=0.8916 test_class=0.8539
2026-07-17 02:39:19,555 - INFO - Epoch 119/200 train_acc=0.9805 test_overall=0.8940 test_class=0.8546
2026-07-17 02:41:53,731 - INFO - Epoch 120/200 train_acc=0.9828 test_overall=0.9048 test_class=0.8630
2026-07-17 02:44:29,636 - INFO - Epoch 121/200 train_acc=0.9867 test_overall=0.8960 test_class=0.8549
2026-07-17 02:46:59,811 - INFO - Epoch 122/200 train_acc=0.9862 test_overall=0.8989 test_class=0.8618
2026-07-17 02:49:34,141 - INFO - Epoch 123/200 train_acc=0.9854 test_overall=0.9011 test_class=0.8560
2026-07-17 02:52:10,894 - INFO - Epoch 124/200 train_acc=0.9857 test_overall=0.9035 test_class=0.8710
2026-07-17 02:54:46,909 - INFO - Epoch 125/200 train_acc=0.9857 test_overall=0.8977 test_class=0.8572
2026-07-17 02:57:21,747 - INFO - Epoch 126/200 train_acc=0.9851 test_overall=0.8921 test_class=0.8513
2026-07-17 02:59:56,742 - INFO - Epoch 127/200 train_acc=0.9841 test_overall=0.9009 test_class=0.8622
2026-07-17 03:02:29,226 - INFO - Epoch 128/200 train_acc=0.9889 test_overall=0.8899 test_class=0.8504
2026-07-17 03:05:02,117 - INFO - Epoch 129/200 train_acc=0.9877 test_overall=0.8945 test_class=0.8579
2026-07-17 03:07:36,270 - INFO - Epoch 130/200 train_acc=0.9869 test_overall=0.8980 test_class=0.8561
2026-07-17 03:10:11,131 - INFO - Epoch 131/200 train_acc=0.9890 test_overall=0.8981 test_class=0.8622
2026-07-17 03:12:46,334 - INFO - Epoch 132/200 train_acc=0.9872 test_overall=0.8934 test_class=0.8476
2026-07-17 03:15:22,099 - INFO - Epoch 133/200 train_acc=0.9867 test_overall=0.8995 test_class=0.8611
2026-07-17 03:17:57,587 - INFO - Epoch 134/200 train_acc=0.9874 test_overall=0.8981 test_class=0.8641
2026-07-17 03:20:31,595 - INFO - Epoch 135/200 train_acc=0.9886 test_overall=0.8989 test_class=0.8570
2026-07-17 03:23:06,043 - INFO - Epoch 136/200 train_acc=0.9875 test_overall=0.8935 test_class=0.8491
2026-07-17 03:25:39,975 - INFO - Epoch 137/200 train_acc=0.9887 test_overall=0.8949 test_class=0.8459
2026-07-17 03:28:13,486 - INFO - Epoch 138/200 train_acc=0.9843 test_overall=0.8992 test_class=0.8573
2026-07-17 03:30:46,192 - INFO - Epoch 139/200 train_acc=0.9887 test_overall=0.8946 test_class=0.8492
2026-07-17 03:33:20,495 - INFO - Epoch 140/200 train_acc=0.9896 test_overall=0.8947 test_class=0.8583
2026-07-17 03:35:54,804 - INFO - Epoch 141/200 train_acc=0.9910 test_overall=0.9028 test_class=0.8612
2026-07-17 03:38:28,180 - INFO - Epoch 142/200 train_acc=0.9895 test_overall=0.9041 test_class=0.8626
2026-07-17 03:41:02,614 - INFO - Epoch 143/200 train_acc=0.9918 test_overall=0.8957 test_class=0.8568
2026-07-17 03:43:34,229 - INFO - Epoch 144/200 train_acc=0.9894 test_overall=0.8935 test_class=0.8543
2026-07-17 03:46:09,515 - INFO - Epoch 145/200 train_acc=0.9916 test_overall=0.8972 test_class=0.8539
2026-07-17 03:48:41,327 - INFO - Epoch 146/200 train_acc=0.9897 test_overall=0.8980 test_class=0.8568
2026-07-17 03:51:12,213 - INFO - Epoch 147/200 train_acc=0.9885 test_overall=0.8934 test_class=0.8508
2026-07-17 03:53:41,790 - INFO - Epoch 148/200 train_acc=0.9914 test_overall=0.8994 test_class=0.8629
2026-07-17 03:56:12,019 - INFO - Epoch 149/200 train_acc=0.9900 test_overall=0.8992 test_class=0.8585
2026-07-17 03:58:43,006 - INFO - Epoch 150/200 train_acc=0.9896 test_overall=0.8989 test_class=0.8553
2026-07-17 04:01:18,321 - INFO - Epoch 151/200 train_acc=0.9900 test_overall=0.8930 test_class=0.8536
2026-07-17 04:03:49,426 - INFO - Epoch 152/200 train_acc=0.9919 test_overall=0.9033 test_class=0.8629
2026-07-17 04:06:20,509 - INFO - Epoch 153/200 train_acc=0.9909 test_overall=0.8979 test_class=0.8560
2026-07-17 04:08:52,006 - INFO - Epoch 154/200 train_acc=0.9903 test_overall=0.9017 test_class=0.8590
2026-07-17 04:11:24,637 - INFO - Epoch 155/200 train_acc=0.9924 test_overall=0.8972 test_class=0.8509
2026-07-17 04:13:59,695 - INFO - Epoch 156/200 train_acc=0.9928 test_overall=0.8976 test_class=0.8531
2026-07-17 04:16:29,894 - INFO - Epoch 157/200 train_acc=0.9903 test_overall=0.8981 test_class=0.8522
2026-07-17 04:18:59,442 - INFO - Epoch 158/200 train_acc=0.9894 test_overall=0.8996 test_class=0.8606
2026-07-17 04:21:34,960 - INFO - Epoch 159/200 train_acc=0.9911 test_overall=0.8879 test_class=0.8426
2026-07-17 04:24:09,466 - INFO - Epoch 160/200 train_acc=0.9920 test_overall=0.8952 test_class=0.8566
2026-07-17 04:26:44,074 - INFO - Epoch 161/200 train_acc=0.9933 test_overall=0.8958 test_class=0.8585
2026-07-17 04:29:18,437 - INFO - Epoch 162/200 train_acc=0.9924 test_overall=0.9006 test_class=0.8610
2026-07-17 04:31:53,661 - INFO - Epoch 163/200 train_acc=0.9934 test_overall=0.8948 test_class=0.8510
2026-07-17 04:34:26,017 - INFO - Epoch 164/200 train_acc=0.9911 test_overall=0.8998 test_class=0.8595
2026-07-17 04:36:52,690 - INFO - Epoch 165/200 train_acc=0.9929 test_overall=0.9002 test_class=0.8638
2026-07-17 04:39:24,872 - INFO - Epoch 166/200 train_acc=0.9917 test_overall=0.9016 test_class=0.8622
2026-07-17 04:41:59,561 - INFO - Epoch 167/200 train_acc=0.9935 test_overall=0.9017 test_class=0.8636
2026-07-17 04:44:33,417 - INFO - Epoch 168/200 train_acc=0.9907 test_overall=0.8948 test_class=0.8572
2026-07-17 04:47:07,254 - INFO - Epoch 169/200 train_acc=0.9916 test_overall=0.9008 test_class=0.8634
2026-07-17 04:49:40,561 - INFO - Epoch 170/200 train_acc=0.9912 test_overall=0.9005 test_class=0.8616
2026-07-17 04:52:16,089 - INFO - Epoch 171/200 train_acc=0.9938 test_overall=0.9005 test_class=0.8622
2026-07-17 04:54:50,323 - INFO - Epoch 172/200 train_acc=0.9938 test_overall=0.9016 test_class=0.8612
2026-07-17 04:57:25,535 - INFO - Epoch 173/200 train_acc=0.9911 test_overall=0.8956 test_class=0.8583
2026-07-17 05:00:01,093 - INFO - Epoch 174/200 train_acc=0.9932 test_overall=0.9025 test_class=0.8567
2026-07-17 05:02:36,211 - INFO - Epoch 175/200 train_acc=0.9908 test_overall=0.9042 test_class=0.8702
2026-07-17 05:05:09,815 - INFO - Epoch 176/200 train_acc=0.9949 test_overall=0.9007 test_class=0.8572
2026-07-17 05:07:45,741 - INFO - Epoch 177/200 train_acc=0.9930 test_overall=0.8941 test_class=0.8461
2026-07-17 05:10:19,737 - INFO - Epoch 178/200 train_acc=0.9937 test_overall=0.8981 test_class=0.8577
2026-07-17 05:12:55,329 - INFO - Epoch 179/200 train_acc=0.9920 test_overall=0.9008 test_class=0.8567
2026-07-17 05:15:29,471 - INFO - Epoch 180/200 train_acc=0.9938 test_overall=0.9021 test_class=0.8658
2026-07-17 05:18:03,600 - INFO - Epoch 181/200 train_acc=0.9948 test_overall=0.8972 test_class=0.8548
2026-07-17 05:20:37,238 - INFO - Epoch 182/200 train_acc=0.9952 test_overall=0.9025 test_class=0.8613
2026-07-17 05:23:08,378 - INFO - Epoch 183/200 train_acc=0.9945 test_overall=0.8991 test_class=0.8606
2026-07-17 05:25:42,807 - INFO - Epoch 184/200 train_acc=0.9930 test_overall=0.8989 test_class=0.8568
2026-07-17 05:28:16,258 - INFO - Epoch 185/200 train_acc=0.9935 test_overall=0.9017 test_class=0.8587
2026-07-17 05:30:48,820 - INFO - Epoch 186/200 train_acc=0.9938 test_overall=0.9005 test_class=0.8655
2026-07-17 05:33:19,296 - INFO - Epoch 187/200 train_acc=0.9934 test_overall=0.8985 test_class=0.8635
2026-07-17 05:35:48,935 - INFO - Epoch 188/200 train_acc=0.9944 test_overall=0.9011 test_class=0.8603
2026-07-17 05:38:24,331 - INFO - Epoch 189/200 train_acc=0.9956 test_overall=0.9037 test_class=0.8624
2026-07-17 05:40:56,526 - INFO - Epoch 190/200 train_acc=0.9959 test_overall=0.9019 test_class=0.8540
2026-07-17 05:43:32,117 - INFO - Epoch 191/200 train_acc=0.9944 test_overall=0.9000 test_class=0.8598
2026-07-17 05:46:04,362 - INFO - Epoch 192/200 train_acc=0.9950 test_overall=0.9033 test_class=0.8599
2026-07-17 05:48:35,675 - INFO - Epoch 193/200 train_acc=0.9930 test_overall=0.9007 test_class=0.8582
2026-07-17 05:51:06,797 - INFO - Epoch 194/200 train_acc=0.9940 test_overall=0.9028 test_class=0.8606
2026-07-17 05:53:41,433 - INFO - Epoch 195/200 train_acc=0.9948 test_overall=0.9007 test_class=0.8593
2026-07-17 05:56:15,764 - INFO - Epoch 196/200 train_acc=0.9941 test_overall=0.8979 test_class=0.8575
2026-07-17 05:58:50,687 - INFO - Epoch 197/200 train_acc=0.9951 test_overall=0.8986 test_class=0.8574
2026-07-17 06:01:16,324 - INFO - Epoch 198/200 train_acc=0.9951 test_overall=0.9034 test_class=0.8621
2026-07-17 06:03:46,384 - INFO - Epoch 199/200 train_acc=0.9949 test_overall=0.9018 test_class=0.8625
2026-07-17 06:06:16,925 - INFO - Epoch 200/200 train_acc=0.9951 test_overall=0.9013 test_class=0.8641
2026-07-17 06:06:16,945 - INFO - Training finished. best_overall=0.9054 best_class=0.8635
