2026-07-07 22:27:14,190 - INFO - Args: Namespace(variant='lineA_original_up_pu_net', data_root=PosixPath('/home/woody/iwnt/iwnt189h/thesis_pointcloud/modelnet40_pointnet2_upsampling/pointnet2_inputs/lineA_original_up/pu_net'), output_dir=PosixPath('/home/woody/iwnt/iwnt189h/thesis_pointcloud/modelnet40_pointnet2_upsampling/pointnet2_results/x4_two_line_final/lineA_original_up/pu_net'), log_file=PosixPath('/home/woody/iwnt/iwnt189h/thesis_pointcloud/modelnet40_pointnet2_upsampling/pointnet2_results/x4_two_line_final/lineA_original_up/pu_net/train.log'), model='pointnet2_cls_ssg', num_category=40, num_point=4096, allow_resample=False, reports_dir=PosixPath('/home/woody/iwnt/iwnt189h/thesis_pointcloud/modelnet40_pointnet2_upsampling/pointnet2_results/x4_two_line_final/lineA_original_up/pu_net'), batch_size=24, epoch=200, learning_rate=0.001, decay_rate=0.0001, optimizer='Adam', seed=42, gpu='0', use_cpu=False, num_workers=4, max_train_batches=0, max_eval_batches=0)
2026-07-07 22:27:14,190 - INFO - PointNet++ repo: /home/woody/iwnt/iwnt189h/thesis_pointcloud/modelnet40_pointnet2_upsampling/external/Pointnet_Pointnet2_pytorch
2026-07-07 22:27:14,191 - INFO - Data root: /home/woody/iwnt/iwnt189h/thesis_pointcloud/modelnet40_pointnet2_upsampling/pointnet2_inputs/lineA_original_up/pu_net
2026-07-07 22:27:14,191 - INFO - num_point=4096 allow_resample=False
2026-07-07 22:27:14,630 - INFO - First train sample shape after loader: (4096, 3)
2026-07-07 22:27:14,631 - INFO - Dataset sizes: train=9843 test=2468
2026-07-07 22:27:19,295 - INFO - First train batch tensor shape before device move: (24, 3, 4096) (batch=24, channels=3, points=4096)
2026-07-07 22:27:21,274 - INFO - First train batch loss: 3.716941
2026-07-07 22:30:07,938 - INFO - Epoch 1/200 train_acc=0.5669 test_overall=0.6337 test_class=0.5465
2026-07-07 22:30:08,128 - INFO - Saved checkpoint to /home/woody/iwnt/iwnt189h/thesis_pointcloud/modelnet40_pointnet2_upsampling/pointnet2_results/x4_two_line_final/lineA_original_up/pu_net/checkpoints/best_model.pth
2026-07-07 22:32:47,578 - INFO - Epoch 2/200 train_acc=0.7141 test_overall=0.7183 test_class=0.6590
2026-07-07 22:32:47,773 - INFO - Saved checkpoint to /home/woody/iwnt/iwnt189h/thesis_pointcloud/modelnet40_pointnet2_upsampling/pointnet2_results/x4_two_line_final/lineA_original_up/pu_net/checkpoints/best_model.pth
2026-07-07 22:35:18,739 - INFO - Epoch 3/200 train_acc=0.7619 test_overall=0.7991 test_class=0.7173
2026-07-07 22:35:18,932 - INFO - Saved checkpoint to /home/woody/iwnt/iwnt189h/thesis_pointcloud/modelnet40_pointnet2_upsampling/pointnet2_results/x4_two_line_final/lineA_original_up/pu_net/checkpoints/best_model.pth
2026-07-07 22:37:54,667 - INFO - Epoch 4/200 train_acc=0.7860 test_overall=0.7846 test_class=0.7314
2026-07-07 22:40:29,959 - INFO - Epoch 5/200 train_acc=0.8098 test_overall=0.8201 test_class=0.7699
2026-07-07 22:40:30,155 - INFO - Saved checkpoint to /home/woody/iwnt/iwnt189h/thesis_pointcloud/modelnet40_pointnet2_upsampling/pointnet2_results/x4_two_line_final/lineA_original_up/pu_net/checkpoints/best_model.pth
2026-07-07 22:43:13,183 - INFO - Epoch 6/200 train_acc=0.8186 test_overall=0.8167 test_class=0.7552
2026-07-07 22:45:55,387 - INFO - Epoch 7/200 train_acc=0.8226 test_overall=0.8316 test_class=0.7750
2026-07-07 22:45:55,581 - INFO - Saved checkpoint to /home/woody/iwnt/iwnt189h/thesis_pointcloud/modelnet40_pointnet2_upsampling/pointnet2_results/x4_two_line_final/lineA_original_up/pu_net/checkpoints/best_model.pth
2026-07-07 22:48:30,920 - INFO - Epoch 8/200 train_acc=0.8317 test_overall=0.8584 test_class=0.7964
2026-07-07 22:48:31,111 - INFO - Saved checkpoint to /home/woody/iwnt/iwnt189h/thesis_pointcloud/modelnet40_pointnet2_upsampling/pointnet2_results/x4_two_line_final/lineA_original_up/pu_net/checkpoints/best_model.pth
2026-07-07 22:51:06,542 - INFO - Epoch 9/200 train_acc=0.8347 test_overall=0.8251 test_class=0.7772
2026-07-07 22:53:40,990 - INFO - Epoch 10/200 train_acc=0.8408 test_overall=0.8293 test_class=0.7967
2026-07-07 22:56:15,959 - INFO - Epoch 11/200 train_acc=0.8508 test_overall=0.8409 test_class=0.8067
2026-07-07 22:58:51,724 - INFO - Epoch 12/200 train_acc=0.8535 test_overall=0.8667 test_class=0.8098
2026-07-07 22:58:51,918 - INFO - Saved checkpoint to /home/woody/iwnt/iwnt189h/thesis_pointcloud/modelnet40_pointnet2_upsampling/pointnet2_results/x4_two_line_final/lineA_original_up/pu_net/checkpoints/best_model.pth
2026-07-07 23:01:27,014 - INFO - Epoch 13/200 train_acc=0.8543 test_overall=0.8570 test_class=0.8122
2026-07-07 23:04:02,731 - INFO - Epoch 14/200 train_acc=0.8633 test_overall=0.8540 test_class=0.8029
2026-07-07 23:06:38,178 - INFO - Epoch 15/200 train_acc=0.8655 test_overall=0.8578 test_class=0.8111
2026-07-07 23:09:13,894 - INFO - Epoch 16/200 train_acc=0.8630 test_overall=0.8570 test_class=0.8156
2026-07-07 23:11:48,432 - INFO - Epoch 17/200 train_acc=0.8672 test_overall=0.8667 test_class=0.8250
2026-07-07 23:14:22,101 - INFO - Epoch 18/200 train_acc=0.8703 test_overall=0.8544 test_class=0.7969
2026-07-07 23:16:56,752 - INFO - Epoch 19/200 train_acc=0.8717 test_overall=0.8610 test_class=0.8296
2026-07-07 23:19:40,874 - INFO - Epoch 20/200 train_acc=0.8900 test_overall=0.8836 test_class=0.8475
2026-07-07 23:19:41,069 - INFO - Saved checkpoint to /home/woody/iwnt/iwnt189h/thesis_pointcloud/modelnet40_pointnet2_upsampling/pointnet2_results/x4_two_line_final/lineA_original_up/pu_net/checkpoints/best_model.pth
2026-07-07 23:22:16,468 - INFO - Epoch 21/200 train_acc=0.8960 test_overall=0.8749 test_class=0.8236
2026-07-07 23:24:53,364 - INFO - Epoch 22/200 train_acc=0.8985 test_overall=0.8722 test_class=0.8458
2026-07-07 23:27:29,226 - INFO - Epoch 23/200 train_acc=0.9000 test_overall=0.8794 test_class=0.8479
2026-07-07 23:30:03,886 - INFO - Epoch 24/200 train_acc=0.8984 test_overall=0.8854 test_class=0.8557
2026-07-07 23:30:04,080 - INFO - Saved checkpoint to /home/woody/iwnt/iwnt189h/thesis_pointcloud/modelnet40_pointnet2_upsampling/pointnet2_results/x4_two_line_final/lineA_original_up/pu_net/checkpoints/best_model.pth
2026-07-07 23:32:38,037 - INFO - Epoch 25/200 train_acc=0.9027 test_overall=0.8642 test_class=0.8276
2026-07-07 23:35:13,474 - INFO - Epoch 26/200 train_acc=0.9012 test_overall=0.8776 test_class=0.8353
2026-07-07 23:37:49,687 - INFO - Epoch 27/200 train_acc=0.9039 test_overall=0.8862 test_class=0.8525
2026-07-07 23:37:49,879 - INFO - Saved checkpoint to /home/woody/iwnt/iwnt189h/thesis_pointcloud/modelnet40_pointnet2_upsampling/pointnet2_results/x4_two_line_final/lineA_original_up/pu_net/checkpoints/best_model.pth
2026-07-07 23:40:23,852 - INFO - Epoch 28/200 train_acc=0.8992 test_overall=0.8759 test_class=0.8345
2026-07-07 23:42:59,038 - INFO - Epoch 29/200 train_acc=0.9048 test_overall=0.8779 test_class=0.8428
2026-07-07 23:45:34,268 - INFO - Epoch 30/200 train_acc=0.9078 test_overall=0.8845 test_class=0.8539
2026-07-07 23:48:08,508 - INFO - Epoch 31/200 train_acc=0.9074 test_overall=0.8728 test_class=0.8353
2026-07-07 23:50:44,406 - INFO - Epoch 32/200 train_acc=0.9099 test_overall=0.8746 test_class=0.8465
2026-07-07 23:53:19,724 - INFO - Epoch 33/200 train_acc=0.9082 test_overall=0.8843 test_class=0.8440
2026-07-07 23:55:53,613 - INFO - Epoch 34/200 train_acc=0.9078 test_overall=0.8849 test_class=0.8531
2026-07-07 23:58:29,909 - INFO - Epoch 35/200 train_acc=0.9150 test_overall=0.8943 test_class=0.8567
2026-07-07 23:58:30,120 - INFO - Saved checkpoint to /home/woody/iwnt/iwnt189h/thesis_pointcloud/modelnet40_pointnet2_upsampling/pointnet2_results/x4_two_line_final/lineA_original_up/pu_net/checkpoints/best_model.pth
2026-07-08 00:01:06,000 - INFO - Epoch 36/200 train_acc=0.9110 test_overall=0.8891 test_class=0.8591
2026-07-08 00:03:41,635 - INFO - Epoch 37/200 train_acc=0.9134 test_overall=0.8871 test_class=0.8431
2026-07-08 00:06:16,779 - INFO - Epoch 38/200 train_acc=0.9160 test_overall=0.8843 test_class=0.8427
2026-07-08 00:08:54,435 - INFO - Epoch 39/200 train_acc=0.9152 test_overall=0.8838 test_class=0.8375
2026-07-08 00:11:27,347 - INFO - Epoch 40/200 train_acc=0.9284 test_overall=0.8950 test_class=0.8605
2026-07-08 00:11:27,541 - INFO - Saved checkpoint to /home/woody/iwnt/iwnt189h/thesis_pointcloud/modelnet40_pointnet2_upsampling/pointnet2_results/x4_two_line_final/lineA_original_up/pu_net/checkpoints/best_model.pth
2026-07-08 00:14:09,782 - INFO - Epoch 41/200 train_acc=0.9335 test_overall=0.8956 test_class=0.8580
2026-07-08 00:14:09,982 - INFO - Saved checkpoint to /home/woody/iwnt/iwnt189h/thesis_pointcloud/modelnet40_pointnet2_upsampling/pointnet2_results/x4_two_line_final/lineA_original_up/pu_net/checkpoints/best_model.pth
2026-07-08 00:16:45,985 - INFO - Epoch 42/200 train_acc=0.9345 test_overall=0.8926 test_class=0.8622
2026-07-08 00:19:21,119 - INFO - Epoch 43/200 train_acc=0.9278 test_overall=0.8932 test_class=0.8453
2026-07-08 00:22:00,292 - INFO - Epoch 44/200 train_acc=0.9305 test_overall=0.9055 test_class=0.8615
2026-07-08 00:22:00,493 - INFO - Saved checkpoint to /home/woody/iwnt/iwnt189h/thesis_pointcloud/modelnet40_pointnet2_upsampling/pointnet2_results/x4_two_line_final/lineA_original_up/pu_net/checkpoints/best_model.pth
2026-07-08 00:24:44,602 - INFO - Epoch 45/200 train_acc=0.9328 test_overall=0.8930 test_class=0.8502
2026-07-08 00:27:28,835 - INFO - Epoch 46/200 train_acc=0.9353 test_overall=0.9008 test_class=0.8598
2026-07-08 00:31:09,722 - INFO - Epoch 47/200 train_acc=0.9388 test_overall=0.8878 test_class=0.8466
2026-07-08 00:33:46,183 - INFO - Epoch 48/200 train_acc=0.9343 test_overall=0.8872 test_class=0.8487
2026-07-08 00:36:22,470 - INFO - Epoch 49/200 train_acc=0.9354 test_overall=0.8900 test_class=0.8574
2026-07-08 00:38:58,104 - INFO - Epoch 50/200 train_acc=0.9359 test_overall=0.8937 test_class=0.8584
2026-07-08 00:41:33,590 - INFO - Epoch 51/200 train_acc=0.9419 test_overall=0.9006 test_class=0.8657
2026-07-08 00:44:09,129 - INFO - Epoch 52/200 train_acc=0.9354 test_overall=0.8904 test_class=0.8482
2026-07-08 00:46:45,396 - INFO - Epoch 53/200 train_acc=0.9393 test_overall=0.8718 test_class=0.8318
2026-07-08 00:49:21,192 - INFO - Epoch 54/200 train_acc=0.9396 test_overall=0.8985 test_class=0.8791
2026-07-08 00:51:58,373 - INFO - Epoch 55/200 train_acc=0.9411 test_overall=0.8890 test_class=0.8517
2026-07-08 00:54:35,620 - INFO - Epoch 56/200 train_acc=0.9372 test_overall=0.8869 test_class=0.8453
2026-07-08 00:57:08,177 - INFO - Epoch 57/200 train_acc=0.9405 test_overall=0.9006 test_class=0.8636
2026-07-08 00:59:43,598 - INFO - Epoch 58/200 train_acc=0.9433 test_overall=0.8898 test_class=0.8613
2026-07-08 01:02:18,148 - INFO - Epoch 59/200 train_acc=0.9397 test_overall=0.8926 test_class=0.8638
2026-07-08 01:04:52,409 - INFO - Epoch 60/200 train_acc=0.9484 test_overall=0.8998 test_class=0.8630
2026-07-08 01:07:27,584 - INFO - Epoch 61/200 train_acc=0.9520 test_overall=0.8949 test_class=0.8571
2026-07-08 01:10:02,665 - INFO - Epoch 62/200 train_acc=0.9497 test_overall=0.8961 test_class=0.8586
2026-07-08 01:12:37,319 - INFO - Epoch 63/200 train_acc=0.9519 test_overall=0.8940 test_class=0.8599
2026-07-08 01:15:13,545 - INFO - Epoch 64/200 train_acc=0.9548 test_overall=0.8963 test_class=0.8473
2026-07-08 01:17:51,088 - INFO - Epoch 65/200 train_acc=0.9569 test_overall=0.8952 test_class=0.8588
2026-07-08 01:20:26,139 - INFO - Epoch 66/200 train_acc=0.9523 test_overall=0.9014 test_class=0.8653
2026-07-08 01:22:59,975 - INFO - Epoch 67/200 train_acc=0.9555 test_overall=0.8954 test_class=0.8686
2026-07-08 01:25:34,868 - INFO - Epoch 68/200 train_acc=0.9590 test_overall=0.8972 test_class=0.8575
2026-07-08 01:28:10,782 - INFO - Epoch 69/200 train_acc=0.9612 test_overall=0.8989 test_class=0.8611
2026-07-08 01:30:44,754 - INFO - Epoch 70/200 train_acc=0.9566 test_overall=0.8885 test_class=0.8585
2026-07-08 01:33:19,670 - INFO - Epoch 71/200 train_acc=0.9569 test_overall=0.8963 test_class=0.8524
2026-07-08 01:35:56,079 - INFO - Epoch 72/200 train_acc=0.9576 test_overall=0.9077 test_class=0.8736
2026-07-08 01:35:56,299 - INFO - Saved checkpoint to /home/woody/iwnt/iwnt189h/thesis_pointcloud/modelnet40_pointnet2_upsampling/pointnet2_results/x4_two_line_final/lineA_original_up/pu_net/checkpoints/best_model.pth
2026-07-08 01:38:37,369 - INFO - Epoch 73/200 train_acc=0.9573 test_overall=0.8928 test_class=0.8661
2026-07-08 01:41:12,504 - INFO - Epoch 74/200 train_acc=0.9621 test_overall=0.8964 test_class=0.8540
2026-07-08 01:43:48,919 - INFO - Epoch 75/200 train_acc=0.9624 test_overall=0.8939 test_class=0.8617
2026-07-08 01:46:25,714 - INFO - Epoch 76/200 train_acc=0.9577 test_overall=0.8994 test_class=0.8675
2026-07-08 01:49:01,062 - INFO - Epoch 77/200 train_acc=0.9551 test_overall=0.9019 test_class=0.8671
2026-07-08 01:51:36,620 - INFO - Epoch 78/200 train_acc=0.9571 test_overall=0.8949 test_class=0.8574
2026-07-08 01:54:17,490 - INFO - Epoch 79/200 train_acc=0.9613 test_overall=0.8997 test_class=0.8566
2026-07-08 01:56:55,425 - INFO - Epoch 80/200 train_acc=0.9673 test_overall=0.9006 test_class=0.8655
2026-07-08 01:59:31,147 - INFO - Epoch 81/200 train_acc=0.9673 test_overall=0.8980 test_class=0.8584
2026-07-08 02:02:05,865 - INFO - Epoch 82/200 train_acc=0.9678 test_overall=0.9005 test_class=0.8607
2026-07-08 02:04:41,425 - INFO - Epoch 83/200 train_acc=0.9676 test_overall=0.8941 test_class=0.8511
2026-07-08 02:07:16,806 - INFO - Epoch 84/200 train_acc=0.9660 test_overall=0.9049 test_class=0.8687
2026-07-08 02:09:52,132 - INFO - Epoch 85/200 train_acc=0.9672 test_overall=0.9048 test_class=0.8684
2026-07-08 02:12:27,294 - INFO - Epoch 86/200 train_acc=0.9713 test_overall=0.8917 test_class=0.8601
2026-07-08 02:15:00,356 - INFO - Epoch 87/200 train_acc=0.9685 test_overall=0.8985 test_class=0.8627
2026-07-08 02:17:31,320 - INFO - Epoch 88/200 train_acc=0.9724 test_overall=0.8931 test_class=0.8542
2026-07-08 02:20:06,123 - INFO - Epoch 89/200 train_acc=0.9693 test_overall=0.8947 test_class=0.8612
2026-07-08 02:22:41,255 - INFO - Epoch 90/200 train_acc=0.9721 test_overall=0.8972 test_class=0.8635
2026-07-08 02:25:17,347 - INFO - Epoch 91/200 train_acc=0.9728 test_overall=0.8986 test_class=0.8509
2026-07-08 02:27:52,219 - INFO - Epoch 92/200 train_acc=0.9713 test_overall=0.8998 test_class=0.8582
2026-07-08 02:30:24,162 - INFO - Epoch 93/200 train_acc=0.9703 test_overall=0.8981 test_class=0.8591
2026-07-08 02:32:59,378 - INFO - Epoch 94/200 train_acc=0.9740 test_overall=0.8985 test_class=0.8574
2026-07-08 02:35:36,779 - INFO - Epoch 95/200 train_acc=0.9727 test_overall=0.8964 test_class=0.8613
2026-07-08 02:38:14,155 - INFO - Epoch 96/200 train_acc=0.9722 test_overall=0.9002 test_class=0.8702
2026-07-08 02:40:53,575 - INFO - Epoch 97/200 train_acc=0.9730 test_overall=0.9066 test_class=0.8680
2026-07-08 02:43:28,373 - INFO - Epoch 98/200 train_acc=0.9713 test_overall=0.8954 test_class=0.8652
2026-07-08 02:46:07,298 - INFO - Epoch 99/200 train_acc=0.9701 test_overall=0.8973 test_class=0.8622
2026-07-08 02:48:46,147 - INFO - Epoch 100/200 train_acc=0.9774 test_overall=0.9041 test_class=0.8691
2026-07-08 02:51:29,047 - INFO - Epoch 101/200 train_acc=0.9784 test_overall=0.8956 test_class=0.8510
2026-07-08 02:54:02,078 - INFO - Epoch 102/200 train_acc=0.9783 test_overall=0.9023 test_class=0.8611
2026-07-08 02:56:36,233 - INFO - Epoch 103/200 train_acc=0.9775 test_overall=0.8998 test_class=0.8610
2026-07-08 02:59:05,936 - INFO - Epoch 104/200 train_acc=0.9770 test_overall=0.8998 test_class=0.8590
2026-07-08 03:01:40,694 - INFO - Epoch 105/200 train_acc=0.9774 test_overall=0.8940 test_class=0.8589
2026-07-08 03:04:15,447 - INFO - Epoch 106/200 train_acc=0.9797 test_overall=0.8986 test_class=0.8721
2026-07-08 03:06:51,127 - INFO - Epoch 107/200 train_acc=0.9771 test_overall=0.9017 test_class=0.8633
2026-07-08 03:09:25,141 - INFO - Epoch 108/200 train_acc=0.9816 test_overall=0.8930 test_class=0.8555
2026-07-08 03:12:00,985 - INFO - Epoch 109/200 train_acc=0.9811 test_overall=0.8934 test_class=0.8602
2026-07-08 03:14:33,966 - INFO - Epoch 110/200 train_acc=0.9820 test_overall=0.9014 test_class=0.8608
2026-07-08 03:17:09,507 - INFO - Epoch 111/200 train_acc=0.9795 test_overall=0.8995 test_class=0.8671
2026-07-08 03:19:45,015 - INFO - Epoch 112/200 train_acc=0.9783 test_overall=0.8963 test_class=0.8529
2026-07-08 03:22:19,565 - INFO - Epoch 113/200 train_acc=0.9810 test_overall=0.8876 test_class=0.8599
2026-07-08 03:24:54,183 - INFO - Epoch 114/200 train_acc=0.9807 test_overall=0.9006 test_class=0.8620
2026-07-08 03:27:29,988 - INFO - Epoch 115/200 train_acc=0.9804 test_overall=0.8963 test_class=0.8695
2026-07-08 03:30:04,992 - INFO - Epoch 116/200 train_acc=0.9797 test_overall=0.9002 test_class=0.8613
2026-07-08 03:32:40,193 - INFO - Epoch 117/200 train_acc=0.9837 test_overall=0.9046 test_class=0.8631
2026-07-08 03:35:14,922 - INFO - Epoch 118/200 train_acc=0.9792 test_overall=0.8989 test_class=0.8643
2026-07-08 03:37:49,609 - INFO - Epoch 119/200 train_acc=0.9808 test_overall=0.8913 test_class=0.8621
2026-07-08 03:40:23,010 - INFO - Epoch 120/200 train_acc=0.9825 test_overall=0.9004 test_class=0.8679
2026-07-08 03:42:56,684 - INFO - Epoch 121/200 train_acc=0.9842 test_overall=0.8957 test_class=0.8631
2026-07-08 03:45:31,464 - INFO - Epoch 122/200 train_acc=0.9849 test_overall=0.9010 test_class=0.8652
2026-07-08 03:48:05,938 - INFO - Epoch 123/200 train_acc=0.9859 test_overall=0.9053 test_class=0.8728
2026-07-08 03:50:41,116 - INFO - Epoch 124/200 train_acc=0.9847 test_overall=0.8990 test_class=0.8641
2026-07-08 03:53:16,239 - INFO - Epoch 125/200 train_acc=0.9825 test_overall=0.8977 test_class=0.8662
2026-07-08 03:55:50,744 - INFO - Epoch 126/200 train_acc=0.9863 test_overall=0.8986 test_class=0.8663
2026-07-08 03:58:25,649 - INFO - Epoch 127/200 train_acc=0.9865 test_overall=0.8978 test_class=0.8671
2026-07-08 04:01:00,175 - INFO - Epoch 128/200 train_acc=0.9863 test_overall=0.8977 test_class=0.8546
2026-07-08 04:03:35,760 - INFO - Epoch 129/200 train_acc=0.9823 test_overall=0.9024 test_class=0.8610
2026-07-08 04:06:11,420 - INFO - Epoch 130/200 train_acc=0.9841 test_overall=0.9002 test_class=0.8597
2026-07-08 04:08:47,188 - INFO - Epoch 131/200 train_acc=0.9863 test_overall=0.9008 test_class=0.8590
2026-07-08 04:11:21,318 - INFO - Epoch 132/200 train_acc=0.9868 test_overall=0.8973 test_class=0.8621
2026-07-08 04:13:57,553 - INFO - Epoch 133/200 train_acc=0.9847 test_overall=0.9002 test_class=0.8735
2026-07-08 04:16:32,125 - INFO - Epoch 134/200 train_acc=0.9855 test_overall=0.8960 test_class=0.8655
2026-07-08 04:19:07,151 - INFO - Epoch 135/200 train_acc=0.9851 test_overall=0.8989 test_class=0.8566
2026-07-08 04:21:44,697 - INFO - Epoch 136/200 train_acc=0.9876 test_overall=0.8982 test_class=0.8677
2026-07-08 04:24:21,466 - INFO - Epoch 137/200 train_acc=0.9847 test_overall=0.8962 test_class=0.8576
2026-07-08 04:26:54,798 - INFO - Epoch 138/200 train_acc=0.9881 test_overall=0.9038 test_class=0.8626
2026-07-08 04:29:29,332 - INFO - Epoch 139/200 train_acc=0.9858 test_overall=0.9029 test_class=0.8633
2026-07-08 04:32:03,978 - INFO - Epoch 140/200 train_acc=0.9904 test_overall=0.8985 test_class=0.8764
2026-07-08 04:34:38,114 - INFO - Epoch 141/200 train_acc=0.9882 test_overall=0.8985 test_class=0.8615
2026-07-08 04:37:13,290 - INFO - Epoch 142/200 train_acc=0.9875 test_overall=0.8979 test_class=0.8605
2026-07-08 04:39:49,574 - INFO - Epoch 143/200 train_acc=0.9903 test_overall=0.9026 test_class=0.8600
2026-07-08 04:42:24,114 - INFO - Epoch 144/200 train_acc=0.9881 test_overall=0.8993 test_class=0.8646
2026-07-08 04:44:58,175 - INFO - Epoch 145/200 train_acc=0.9904 test_overall=0.9022 test_class=0.8683
2026-07-08 04:47:31,658 - INFO - Epoch 146/200 train_acc=0.9908 test_overall=0.9041 test_class=0.8600
2026-07-08 04:50:05,169 - INFO - Epoch 147/200 train_acc=0.9873 test_overall=0.9028 test_class=0.8633
2026-07-08 04:52:40,260 - INFO - Epoch 148/200 train_acc=0.9908 test_overall=0.9009 test_class=0.8622
2026-07-08 04:55:21,878 - INFO - Epoch 149/200 train_acc=0.9897 test_overall=0.9006 test_class=0.8609
2026-07-08 04:57:59,763 - INFO - Epoch 150/200 train_acc=0.9907 test_overall=0.9022 test_class=0.8691
2026-07-08 05:00:38,402 - INFO - Epoch 151/200 train_acc=0.9913 test_overall=0.9009 test_class=0.8600
2026-07-08 05:03:13,049 - INFO - Epoch 152/200 train_acc=0.9909 test_overall=0.8965 test_class=0.8588
2026-07-08 05:05:48,211 - INFO - Epoch 153/200 train_acc=0.9896 test_overall=0.8985 test_class=0.8546
2026-07-08 05:08:29,791 - INFO - Epoch 154/200 train_acc=0.9896 test_overall=0.8990 test_class=0.8616
2026-07-08 05:11:15,300 - INFO - Epoch 155/200 train_acc=0.9908 test_overall=0.8990 test_class=0.8616
2026-07-08 05:13:48,719 - INFO - Epoch 156/200 train_acc=0.9923 test_overall=0.8961 test_class=0.8583
2026-07-08 05:16:23,474 - INFO - Epoch 157/200 train_acc=0.9899 test_overall=0.8994 test_class=0.8607
2026-07-08 05:18:58,817 - INFO - Epoch 158/200 train_acc=0.9912 test_overall=0.8997 test_class=0.8666
2026-07-08 05:21:34,367 - INFO - Epoch 159/200 train_acc=0.9911 test_overall=0.8994 test_class=0.8610
2026-07-08 05:24:09,572 - INFO - Epoch 160/200 train_acc=0.9911 test_overall=0.9006 test_class=0.8589
2026-07-08 05:26:45,630 - INFO - Epoch 161/200 train_acc=0.9910 test_overall=0.9026 test_class=0.8647
2026-07-08 05:29:21,282 - INFO - Epoch 162/200 train_acc=0.9910 test_overall=0.9026 test_class=0.8596
2026-07-08 05:31:56,350 - INFO - Epoch 163/200 train_acc=0.9919 test_overall=0.9018 test_class=0.8597
2026-07-08 05:34:28,448 - INFO - Epoch 164/200 train_acc=0.9919 test_overall=0.9056 test_class=0.8675
2026-07-08 05:37:03,471 - INFO - Epoch 165/200 train_acc=0.9915 test_overall=0.9055 test_class=0.8671
2026-07-08 05:39:39,427 - INFO - Epoch 166/200 train_acc=0.9934 test_overall=0.9053 test_class=0.8659
2026-07-08 05:42:13,837 - INFO - Epoch 167/200 train_acc=0.9937 test_overall=0.9062 test_class=0.8712
2026-07-08 05:44:51,316 - INFO - Epoch 168/200 train_acc=0.9901 test_overall=0.9066 test_class=0.8746
2026-07-08 05:47:27,690 - INFO - Epoch 169/200 train_acc=0.9908 test_overall=0.9034 test_class=0.8671
2026-07-08 05:50:04,887 - INFO - Epoch 170/200 train_acc=0.9933 test_overall=0.9031 test_class=0.8745
2026-07-08 05:52:39,966 - INFO - Epoch 171/200 train_acc=0.9925 test_overall=0.8986 test_class=0.8697
2026-07-08 05:55:15,090 - INFO - Epoch 172/200 train_acc=0.9911 test_overall=0.9042 test_class=0.8721
2026-07-08 05:57:51,083 - INFO - Epoch 173/200 train_acc=0.9941 test_overall=0.8979 test_class=0.8589
2026-07-08 06:00:23,279 - INFO - Epoch 174/200 train_acc=0.9922 test_overall=0.8979 test_class=0.8610
2026-07-08 06:02:59,605 - INFO - Epoch 175/200 train_acc=0.9915 test_overall=0.9039 test_class=0.8727
2026-07-08 06:05:37,686 - INFO - Epoch 176/200 train_acc=0.9940 test_overall=0.9042 test_class=0.8684
2026-07-08 06:08:20,542 - INFO - Epoch 177/200 train_acc=0.9920 test_overall=0.9066 test_class=0.8751
2026-07-08 06:10:56,258 - INFO - Epoch 178/200 train_acc=0.9914 test_overall=0.9021 test_class=0.8752
2026-07-08 06:13:34,096 - INFO - Epoch 179/200 train_acc=0.9924 test_overall=0.9026 test_class=0.8687
2026-07-08 06:16:10,120 - INFO - Epoch 180/200 train_acc=0.9939 test_overall=0.9061 test_class=0.8806
2026-07-08 06:18:42,736 - INFO - Epoch 181/200 train_acc=0.9931 test_overall=0.9039 test_class=0.8749
2026-07-08 06:21:25,268 - INFO - Epoch 182/200 train_acc=0.9933 test_overall=0.9011 test_class=0.8791
2026-07-08 06:24:07,656 - INFO - Epoch 183/200 train_acc=0.9949 test_overall=0.9026 test_class=0.8693
2026-07-08 06:26:45,445 - INFO - Epoch 184/200 train_acc=0.9931 test_overall=0.8972 test_class=0.8663
2026-07-08 06:29:21,954 - INFO - Epoch 185/200 train_acc=0.9945 test_overall=0.9054 test_class=0.8727
2026-07-08 06:31:55,106 - INFO - Epoch 186/200 train_acc=0.9925 test_overall=0.9001 test_class=0.8689
2026-07-08 06:34:30,750 - INFO - Epoch 187/200 train_acc=0.9933 test_overall=0.9020 test_class=0.8614
2026-07-08 06:37:09,308 - INFO - Epoch 188/200 train_acc=0.9948 test_overall=0.9022 test_class=0.8748
2026-07-08 06:39:46,753 - INFO - Epoch 189/200 train_acc=0.9933 test_overall=0.9095 test_class=0.8746
2026-07-08 06:39:46,943 - INFO - Saved checkpoint to /home/woody/iwnt/iwnt189h/thesis_pointcloud/modelnet40_pointnet2_upsampling/pointnet2_results/x4_two_line_final/lineA_original_up/pu_net/checkpoints/best_model.pth
2026-07-08 06:42:22,580 - INFO - Epoch 190/200 train_acc=0.9947 test_overall=0.9039 test_class=0.8704
2026-07-08 06:44:57,768 - INFO - Epoch 191/200 train_acc=0.9942 test_overall=0.9060 test_class=0.8750
2026-07-08 06:47:33,267 - INFO - Epoch 192/200 train_acc=0.9931 test_overall=0.9040 test_class=0.8646
2026-07-08 06:50:08,954 - INFO - Epoch 193/200 train_acc=0.9942 test_overall=0.9066 test_class=0.8722
2026-07-08 06:52:42,686 - INFO - Epoch 194/200 train_acc=0.9925 test_overall=0.9007 test_class=0.8578
2026-07-08 06:55:17,140 - INFO - Epoch 195/200 train_acc=0.9944 test_overall=0.9057 test_class=0.8803
2026-07-08 06:57:53,373 - INFO - Epoch 196/200 train_acc=0.9932 test_overall=0.9024 test_class=0.8642
2026-07-08 07:00:29,126 - INFO - Epoch 197/200 train_acc=0.9937 test_overall=0.9046 test_class=0.8753
2026-07-08 07:03:01,526 - INFO - Epoch 198/200 train_acc=0.9945 test_overall=0.9032 test_class=0.8714
2026-07-08 07:05:35,110 - INFO - Epoch 199/200 train_acc=0.9941 test_overall=0.9038 test_class=0.8716
2026-07-08 07:08:10,126 - INFO - Epoch 200/200 train_acc=0.9951 test_overall=0.9055 test_class=0.8704
2026-07-08 07:08:10,146 - INFO - Training finished. best_overall=0.9095 best_class=0.8746
