2026-07-07 22:27:14,189 - INFO - Args: Namespace(variant='lineA_original_up_pu_gcn', data_root=PosixPath('/home/woody/iwnt/iwnt189h/thesis_pointcloud/modelnet40_pointnet2_upsampling/pointnet2_inputs/lineA_original_up/pu_gcn'), output_dir=PosixPath('/home/woody/iwnt/iwnt189h/thesis_pointcloud/modelnet40_pointnet2_upsampling/pointnet2_results/x4_two_line_final/lineA_original_up/pu_gcn'), log_file=PosixPath('/home/woody/iwnt/iwnt189h/thesis_pointcloud/modelnet40_pointnet2_upsampling/pointnet2_results/x4_two_line_final/lineA_original_up/pu_gcn/train.log'), model='pointnet2_cls_ssg', num_category=40, num_point=4096, allow_resample=False, reports_dir=PosixPath('/home/woody/iwnt/iwnt189h/thesis_pointcloud/modelnet40_pointnet2_upsampling/pointnet2_results/x4_two_line_final/lineA_original_up/pu_gcn'), batch_size=24, epoch=200, learning_rate=0.001, decay_rate=0.0001, optimizer='Adam', seed=42, gpu='0', use_cpu=False, num_workers=4, max_train_batches=0, max_eval_batches=0)
2026-07-07 22:27:14,189 - INFO - PointNet++ repo: /home/woody/iwnt/iwnt189h/thesis_pointcloud/modelnet40_pointnet2_upsampling/external/Pointnet_Pointnet2_pytorch
2026-07-07 22:27:14,190 - INFO - Data root: /home/woody/iwnt/iwnt189h/thesis_pointcloud/modelnet40_pointnet2_upsampling/pointnet2_inputs/lineA_original_up/pu_gcn
2026-07-07 22:27:14,190 - INFO - num_point=4096 allow_resample=False
2026-07-07 22:27:14,642 - INFO - First train sample shape after loader: (4096, 3)
2026-07-07 22:27:14,642 - INFO - Dataset sizes: train=9843 test=2468
2026-07-07 22:27:19,376 - INFO - First train batch tensor shape before device move: (24, 3, 4096) (batch=24, channels=3, points=4096)
2026-07-07 22:27:21,274 - INFO - First train batch loss: 3.685437
2026-07-07 22:29:51,264 - INFO - Epoch 1/200 train_acc=0.5737 test_overall=0.6735 test_class=0.5843
2026-07-07 22:29:51,467 - INFO - Saved checkpoint to /home/woody/iwnt/iwnt189h/thesis_pointcloud/modelnet40_pointnet2_upsampling/pointnet2_results/x4_two_line_final/lineA_original_up/pu_gcn/checkpoints/best_model.pth
2026-07-07 22:32:26,315 - INFO - Epoch 2/200 train_acc=0.7405 test_overall=0.7680 test_class=0.7055
2026-07-07 22:32:26,532 - INFO - Saved checkpoint to /home/woody/iwnt/iwnt189h/thesis_pointcloud/modelnet40_pointnet2_upsampling/pointnet2_results/x4_two_line_final/lineA_original_up/pu_gcn/checkpoints/best_model.pth
2026-07-07 22:35:00,304 - INFO - Epoch 3/200 train_acc=0.7769 test_overall=0.8068 test_class=0.7396
2026-07-07 22:35:00,497 - INFO - Saved checkpoint to /home/woody/iwnt/iwnt189h/thesis_pointcloud/modelnet40_pointnet2_upsampling/pointnet2_results/x4_two_line_final/lineA_original_up/pu_gcn/checkpoints/best_model.pth
2026-07-07 22:37:33,012 - INFO - Epoch 4/200 train_acc=0.7984 test_overall=0.8328 test_class=0.7705
2026-07-07 22:37:33,206 - INFO - Saved checkpoint to /home/woody/iwnt/iwnt189h/thesis_pointcloud/modelnet40_pointnet2_upsampling/pointnet2_results/x4_two_line_final/lineA_original_up/pu_gcn/checkpoints/best_model.pth
2026-07-07 22:40:07,194 - INFO - Epoch 5/200 train_acc=0.8115 test_overall=0.8464 test_class=0.7754
2026-07-07 22:40:07,386 - INFO - Saved checkpoint to /home/woody/iwnt/iwnt189h/thesis_pointcloud/modelnet40_pointnet2_upsampling/pointnet2_results/x4_two_line_final/lineA_original_up/pu_gcn/checkpoints/best_model.pth
2026-07-07 22:42:37,326 - INFO - Epoch 6/200 train_acc=0.8268 test_overall=0.8369 test_class=0.7871
2026-07-07 22:45:09,173 - INFO - Epoch 7/200 train_acc=0.8338 test_overall=0.8466 test_class=0.8004
2026-07-07 22:45:09,365 - INFO - Saved checkpoint to /home/woody/iwnt/iwnt189h/thesis_pointcloud/modelnet40_pointnet2_upsampling/pointnet2_results/x4_two_line_final/lineA_original_up/pu_gcn/checkpoints/best_model.pth
2026-07-07 22:47:42,042 - INFO - Epoch 8/200 train_acc=0.8372 test_overall=0.8512 test_class=0.7943
2026-07-07 22:47:42,236 - INFO - Saved checkpoint to /home/woody/iwnt/iwnt189h/thesis_pointcloud/modelnet40_pointnet2_upsampling/pointnet2_results/x4_two_line_final/lineA_original_up/pu_gcn/checkpoints/best_model.pth
2026-07-07 22:50:15,753 - INFO - Epoch 9/200 train_acc=0.8471 test_overall=0.8556 test_class=0.8204
2026-07-07 22:50:15,948 - INFO - Saved checkpoint to /home/woody/iwnt/iwnt189h/thesis_pointcloud/modelnet40_pointnet2_upsampling/pointnet2_results/x4_two_line_final/lineA_original_up/pu_gcn/checkpoints/best_model.pth
2026-07-07 22:52:48,080 - INFO - Epoch 10/200 train_acc=0.8571 test_overall=0.8550 test_class=0.8112
2026-07-07 22:55:14,718 - INFO - Epoch 11/200 train_acc=0.8496 test_overall=0.8766 test_class=0.8311
2026-07-07 22:55:14,912 - INFO - Saved checkpoint to /home/woody/iwnt/iwnt189h/thesis_pointcloud/modelnet40_pointnet2_upsampling/pointnet2_results/x4_two_line_final/lineA_original_up/pu_gcn/checkpoints/best_model.pth
2026-07-07 22:57:47,507 - INFO - Epoch 12/200 train_acc=0.8579 test_overall=0.8684 test_class=0.8266
2026-07-07 23:00:21,367 - INFO - Epoch 13/200 train_acc=0.8616 test_overall=0.8646 test_class=0.8283
2026-07-07 23:02:51,731 - INFO - Epoch 14/200 train_acc=0.8649 test_overall=0.8684 test_class=0.8131
2026-07-07 23:05:25,666 - INFO - Epoch 15/200 train_acc=0.8725 test_overall=0.8668 test_class=0.8136
2026-07-07 23:07:55,029 - INFO - Epoch 16/200 train_acc=0.8703 test_overall=0.8760 test_class=0.8266
2026-07-07 23:10:27,748 - INFO - Epoch 17/200 train_acc=0.8735 test_overall=0.8606 test_class=0.8216
2026-07-07 23:13:00,569 - INFO - Epoch 18/200 train_acc=0.8778 test_overall=0.8876 test_class=0.8341
2026-07-07 23:13:00,788 - INFO - Saved checkpoint to /home/woody/iwnt/iwnt189h/thesis_pointcloud/modelnet40_pointnet2_upsampling/pointnet2_results/x4_two_line_final/lineA_original_up/pu_gcn/checkpoints/best_model.pth
2026-07-07 23:15:34,017 - INFO - Epoch 19/200 train_acc=0.8813 test_overall=0.8718 test_class=0.8262
2026-07-07 23:18:04,650 - INFO - Epoch 20/200 train_acc=0.8907 test_overall=0.8966 test_class=0.8469
2026-07-07 23:18:04,845 - INFO - Saved checkpoint to /home/woody/iwnt/iwnt189h/thesis_pointcloud/modelnet40_pointnet2_upsampling/pointnet2_results/x4_two_line_final/lineA_original_up/pu_gcn/checkpoints/best_model.pth
2026-07-07 23:20:37,582 - INFO - Epoch 21/200 train_acc=0.8975 test_overall=0.8837 test_class=0.8539
2026-07-07 23:23:09,677 - INFO - Epoch 22/200 train_acc=0.9029 test_overall=0.8888 test_class=0.8568
2026-07-07 23:25:40,312 - INFO - Epoch 23/200 train_acc=0.8968 test_overall=0.8893 test_class=0.8465
2026-07-07 23:28:13,962 - INFO - Epoch 24/200 train_acc=0.8998 test_overall=0.9032 test_class=0.8709
2026-07-07 23:28:14,156 - INFO - Saved checkpoint to /home/woody/iwnt/iwnt189h/thesis_pointcloud/modelnet40_pointnet2_upsampling/pointnet2_results/x4_two_line_final/lineA_original_up/pu_gcn/checkpoints/best_model.pth
2026-07-07 23:30:45,216 - INFO - Epoch 25/200 train_acc=0.9072 test_overall=0.8863 test_class=0.8563
2026-07-07 23:33:18,515 - INFO - Epoch 26/200 train_acc=0.9066 test_overall=0.8977 test_class=0.8554
2026-07-07 23:35:49,670 - INFO - Epoch 27/200 train_acc=0.9063 test_overall=0.8984 test_class=0.8598
2026-07-07 23:38:20,106 - INFO - Epoch 28/200 train_acc=0.9061 test_overall=0.8980 test_class=0.8551
2026-07-07 23:40:52,528 - INFO - Epoch 29/200 train_acc=0.9099 test_overall=0.8837 test_class=0.8450
2026-07-07 23:43:26,033 - INFO - Epoch 30/200 train_acc=0.9090 test_overall=0.8977 test_class=0.8611
2026-07-07 23:45:58,058 - INFO - Epoch 31/200 train_acc=0.9092 test_overall=0.8927 test_class=0.8548
2026-07-07 23:48:33,372 - INFO - Epoch 32/200 train_acc=0.9155 test_overall=0.8922 test_class=0.8534
2026-07-07 23:51:07,793 - INFO - Epoch 33/200 train_acc=0.9123 test_overall=0.8907 test_class=0.8454
2026-07-07 23:53:41,187 - INFO - Epoch 34/200 train_acc=0.9116 test_overall=0.9003 test_class=0.8523
2026-07-07 23:56:15,604 - INFO - Epoch 35/200 train_acc=0.9171 test_overall=0.9028 test_class=0.8635
2026-07-07 23:58:48,753 - INFO - Epoch 36/200 train_acc=0.9143 test_overall=0.9005 test_class=0.8598
2026-07-08 00:01:22,413 - INFO - Epoch 37/200 train_acc=0.9154 test_overall=0.8951 test_class=0.8596
2026-07-08 00:03:51,149 - INFO - Epoch 38/200 train_acc=0.9175 test_overall=0.8963 test_class=0.8645
2026-07-08 00:06:24,145 - INFO - Epoch 39/200 train_acc=0.9182 test_overall=0.8883 test_class=0.8449
2026-07-08 00:08:53,439 - INFO - Epoch 40/200 train_acc=0.9284 test_overall=0.9060 test_class=0.8655
2026-07-08 00:08:53,634 - INFO - Saved checkpoint to /home/woody/iwnt/iwnt189h/thesis_pointcloud/modelnet40_pointnet2_upsampling/pointnet2_results/x4_two_line_final/lineA_original_up/pu_gcn/checkpoints/best_model.pth
2026-07-08 00:11:23,205 - INFO - Epoch 41/200 train_acc=0.9361 test_overall=0.9090 test_class=0.8650
2026-07-08 00:11:23,399 - INFO - Saved checkpoint to /home/woody/iwnt/iwnt189h/thesis_pointcloud/modelnet40_pointnet2_upsampling/pointnet2_results/x4_two_line_final/lineA_original_up/pu_gcn/checkpoints/best_model.pth
2026-07-08 00:13:48,073 - INFO - Epoch 42/200 train_acc=0.9315 test_overall=0.8976 test_class=0.8705
2026-07-08 00:16:18,957 - INFO - Epoch 43/200 train_acc=0.9298 test_overall=0.9084 test_class=0.8573
2026-07-08 00:18:47,709 - INFO - Epoch 44/200 train_acc=0.9338 test_overall=0.9138 test_class=0.8771
2026-07-08 00:18:47,904 - INFO - Saved checkpoint to /home/woody/iwnt/iwnt189h/thesis_pointcloud/modelnet40_pointnet2_upsampling/pointnet2_results/x4_two_line_final/lineA_original_up/pu_gcn/checkpoints/best_model.pth
2026-07-08 00:21:08,474 - INFO - Epoch 45/200 train_acc=0.9359 test_overall=0.9026 test_class=0.8538
2026-07-08 00:23:27,306 - INFO - Epoch 46/200 train_acc=0.9360 test_overall=0.9020 test_class=0.8590
2026-07-08 00:26:02,257 - INFO - Epoch 47/200 train_acc=0.9354 test_overall=0.9105 test_class=0.8662
2026-07-08 00:28:36,068 - INFO - Epoch 48/200 train_acc=0.9376 test_overall=0.9053 test_class=0.8654
2026-07-08 00:31:09,591 - INFO - Epoch 49/200 train_acc=0.9390 test_overall=0.9054 test_class=0.8642
2026-07-08 00:33:42,073 - INFO - Epoch 50/200 train_acc=0.9368 test_overall=0.8981 test_class=0.8548
2026-07-08 00:36:15,608 - INFO - Epoch 51/200 train_acc=0.9403 test_overall=0.9034 test_class=0.8702
2026-07-08 00:38:50,757 - INFO - Epoch 52/200 train_acc=0.9352 test_overall=0.9051 test_class=0.8641
2026-07-08 00:41:25,310 - INFO - Epoch 53/200 train_acc=0.9400 test_overall=0.8993 test_class=0.8620
2026-07-08 00:44:00,659 - INFO - Epoch 54/200 train_acc=0.9360 test_overall=0.9084 test_class=0.8741
2026-07-08 00:46:33,810 - INFO - Epoch 55/200 train_acc=0.9422 test_overall=0.8999 test_class=0.8711
2026-07-08 00:49:08,695 - INFO - Epoch 56/200 train_acc=0.9417 test_overall=0.8979 test_class=0.8614
2026-07-08 00:51:36,441 - INFO - Epoch 57/200 train_acc=0.9398 test_overall=0.9083 test_class=0.8648
2026-07-08 00:54:10,355 - INFO - Epoch 58/200 train_acc=0.9454 test_overall=0.8949 test_class=0.8704
2026-07-08 00:56:45,158 - INFO - Epoch 59/200 train_acc=0.9404 test_overall=0.8968 test_class=0.8777
2026-07-08 00:59:17,039 - INFO - Epoch 60/200 train_acc=0.9495 test_overall=0.9100 test_class=0.8712
2026-07-08 01:01:50,555 - INFO - Epoch 61/200 train_acc=0.9529 test_overall=0.9069 test_class=0.8779
2026-07-08 01:04:25,203 - INFO - Epoch 62/200 train_acc=0.9508 test_overall=0.9031 test_class=0.8801
2026-07-08 01:06:57,710 - INFO - Epoch 63/200 train_acc=0.9530 test_overall=0.9027 test_class=0.8662
2026-07-08 01:09:31,344 - INFO - Epoch 64/200 train_acc=0.9528 test_overall=0.9097 test_class=0.8723
2026-07-08 01:12:04,629 - INFO - Epoch 65/200 train_acc=0.9563 test_overall=0.9121 test_class=0.8746
2026-07-08 01:14:39,340 - INFO - Epoch 66/200 train_acc=0.9556 test_overall=0.9058 test_class=0.8614
2026-07-08 01:17:13,703 - INFO - Epoch 67/200 train_acc=0.9542 test_overall=0.9006 test_class=0.8728
2026-07-08 01:19:47,831 - INFO - Epoch 68/200 train_acc=0.9567 test_overall=0.8975 test_class=0.8730
2026-07-08 01:22:20,570 - INFO - Epoch 69/200 train_acc=0.9548 test_overall=0.9071 test_class=0.8704
2026-07-08 01:24:56,165 - INFO - Epoch 70/200 train_acc=0.9564 test_overall=0.9035 test_class=0.8699
2026-07-08 01:27:31,234 - INFO - Epoch 71/200 train_acc=0.9598 test_overall=0.9087 test_class=0.8649
2026-07-08 01:30:05,740 - INFO - Epoch 72/200 train_acc=0.9556 test_overall=0.9105 test_class=0.8705
2026-07-08 01:32:36,112 - INFO - Epoch 73/200 train_acc=0.9568 test_overall=0.9040 test_class=0.8662
2026-07-08 01:35:09,617 - INFO - Epoch 74/200 train_acc=0.9580 test_overall=0.9119 test_class=0.8742
2026-07-08 01:37:44,131 - INFO - Epoch 75/200 train_acc=0.9585 test_overall=0.9080 test_class=0.8792
2026-07-08 01:40:18,356 - INFO - Epoch 76/200 train_acc=0.9601 test_overall=0.9095 test_class=0.8796
2026-07-08 01:42:54,758 - INFO - Epoch 77/200 train_acc=0.9591 test_overall=0.9091 test_class=0.8799
2026-07-08 01:45:27,820 - INFO - Epoch 78/200 train_acc=0.9596 test_overall=0.9149 test_class=0.8805
2026-07-08 01:45:28,038 - INFO - Saved checkpoint to /home/woody/iwnt/iwnt189h/thesis_pointcloud/modelnet40_pointnet2_upsampling/pointnet2_results/x4_two_line_final/lineA_original_up/pu_gcn/checkpoints/best_model.pth
2026-07-08 01:48:00,934 - INFO - Epoch 79/200 train_acc=0.9569 test_overall=0.9063 test_class=0.8803
2026-07-08 01:50:33,472 - INFO - Epoch 80/200 train_acc=0.9634 test_overall=0.9070 test_class=0.8809
2026-07-08 01:53:06,883 - INFO - Epoch 81/200 train_acc=0.9670 test_overall=0.9163 test_class=0.8774
2026-07-08 01:53:07,077 - INFO - Saved checkpoint to /home/woody/iwnt/iwnt189h/thesis_pointcloud/modelnet40_pointnet2_upsampling/pointnet2_results/x4_two_line_final/lineA_original_up/pu_gcn/checkpoints/best_model.pth
2026-07-08 01:55:42,539 - INFO - Epoch 82/200 train_acc=0.9700 test_overall=0.9071 test_class=0.8729
2026-07-08 01:58:15,328 - INFO - Epoch 83/200 train_acc=0.9695 test_overall=0.9113 test_class=0.8788
2026-07-08 02:00:46,063 - INFO - Epoch 84/200 train_acc=0.9723 test_overall=0.9112 test_class=0.8731
2026-07-08 02:03:21,095 - INFO - Epoch 85/200 train_acc=0.9696 test_overall=0.9042 test_class=0.8639
2026-07-08 02:05:55,458 - INFO - Epoch 86/200 train_acc=0.9675 test_overall=0.9094 test_class=0.8728
2026-07-08 02:08:30,102 - INFO - Epoch 87/200 train_acc=0.9704 test_overall=0.9078 test_class=0.8690
2026-07-08 02:11:05,124 - INFO - Epoch 88/200 train_acc=0.9682 test_overall=0.9060 test_class=0.8722
2026-07-08 02:13:24,820 - INFO - Epoch 89/200 train_acc=0.9681 test_overall=0.9079 test_class=0.8781
2026-07-08 02:16:00,378 - INFO - Epoch 90/200 train_acc=0.9691 test_overall=0.9058 test_class=0.8713
2026-07-08 02:18:34,320 - INFO - Epoch 91/200 train_acc=0.9691 test_overall=0.9104 test_class=0.8693
2026-07-08 02:21:08,484 - INFO - Epoch 92/200 train_acc=0.9712 test_overall=0.9045 test_class=0.8789
2026-07-08 02:23:42,339 - INFO - Epoch 93/200 train_acc=0.9727 test_overall=0.9112 test_class=0.8829
2026-07-08 02:26:15,705 - INFO - Epoch 94/200 train_acc=0.9692 test_overall=0.9026 test_class=0.8678
2026-07-08 02:29:36,002 - INFO - Epoch 95/200 train_acc=0.9713 test_overall=0.9046 test_class=0.8840
2026-07-08 02:32:09,110 - INFO - Epoch 96/200 train_acc=0.9706 test_overall=0.9034 test_class=0.8704
2026-07-08 02:34:40,463 - INFO - Epoch 97/200 train_acc=0.9735 test_overall=0.9079 test_class=0.8710
2026-07-08 02:37:11,554 - INFO - Epoch 98/200 train_acc=0.9728 test_overall=0.8976 test_class=0.8684
2026-07-08 02:39:44,379 - INFO - Epoch 99/200 train_acc=0.9708 test_overall=0.9061 test_class=0.8768
2026-07-08 02:42:18,972 - INFO - Epoch 100/200 train_acc=0.9748 test_overall=0.9030 test_class=0.8695
2026-07-08 02:44:52,727 - INFO - Epoch 101/200 train_acc=0.9759 test_overall=0.9117 test_class=0.8723
2026-07-08 02:47:28,393 - INFO - Epoch 102/200 train_acc=0.9739 test_overall=0.9039 test_class=0.8717
2026-07-08 02:50:01,395 - INFO - Epoch 103/200 train_acc=0.9767 test_overall=0.9086 test_class=0.8706
2026-07-08 02:52:36,295 - INFO - Epoch 104/200 train_acc=0.9764 test_overall=0.9039 test_class=0.8666
2026-07-08 02:55:11,833 - INFO - Epoch 105/200 train_acc=0.9793 test_overall=0.9043 test_class=0.8651
2026-07-08 02:57:46,033 - INFO - Epoch 106/200 train_acc=0.9808 test_overall=0.9049 test_class=0.8746
2026-07-08 03:00:10,815 - INFO - Epoch 107/200 train_acc=0.9771 test_overall=0.9103 test_class=0.8742
2026-07-08 03:02:42,178 - INFO - Epoch 108/200 train_acc=0.9782 test_overall=0.9087 test_class=0.8854
2026-07-08 03:05:15,787 - INFO - Epoch 109/200 train_acc=0.9796 test_overall=0.9034 test_class=0.8771
2026-07-08 03:07:49,432 - INFO - Epoch 110/200 train_acc=0.9816 test_overall=0.9100 test_class=0.8736
2026-07-08 03:10:23,884 - INFO - Epoch 111/200 train_acc=0.9791 test_overall=0.9050 test_class=0.8672
2026-07-08 03:12:58,114 - INFO - Epoch 112/200 train_acc=0.9798 test_overall=0.9080 test_class=0.8717
2026-07-08 03:15:33,107 - INFO - Epoch 113/200 train_acc=0.9801 test_overall=0.9053 test_class=0.8800
2026-07-08 03:18:07,910 - INFO - Epoch 114/200 train_acc=0.9815 test_overall=0.8998 test_class=0.8630
2026-07-08 03:20:41,805 - INFO - Epoch 115/200 train_acc=0.9797 test_overall=0.8989 test_class=0.8617
2026-07-08 03:23:14,824 - INFO - Epoch 116/200 train_acc=0.9798 test_overall=0.9023 test_class=0.8661
2026-07-08 03:25:47,458 - INFO - Epoch 117/200 train_acc=0.9817 test_overall=0.9007 test_class=0.8681
2026-07-08 03:28:16,584 - INFO - Epoch 118/200 train_acc=0.9792 test_overall=0.8987 test_class=0.8718
2026-07-08 03:30:50,125 - INFO - Epoch 119/200 train_acc=0.9805 test_overall=0.9007 test_class=0.8703
2026-07-08 03:33:25,163 - INFO - Epoch 120/200 train_acc=0.9813 test_overall=0.9068 test_class=0.8674
2026-07-08 03:35:57,989 - INFO - Epoch 121/200 train_acc=0.9842 test_overall=0.9041 test_class=0.8680
2026-07-08 03:38:31,163 - INFO - Epoch 122/200 train_acc=0.9838 test_overall=0.9089 test_class=0.8755
2026-07-08 03:41:01,729 - INFO - Epoch 123/200 train_acc=0.9840 test_overall=0.9125 test_class=0.8716
2026-07-08 03:43:33,304 - INFO - Epoch 124/200 train_acc=0.9842 test_overall=0.9048 test_class=0.8673
2026-07-08 03:46:07,612 - INFO - Epoch 125/200 train_acc=0.9841 test_overall=0.9059 test_class=0.8675
2026-07-08 03:48:39,415 - INFO - Epoch 126/200 train_acc=0.9840 test_overall=0.8975 test_class=0.8738
2026-07-08 03:51:13,271 - INFO - Epoch 127/200 train_acc=0.9855 test_overall=0.9071 test_class=0.8697
2026-07-08 03:53:47,022 - INFO - Epoch 128/200 train_acc=0.9830 test_overall=0.9067 test_class=0.8787
2026-07-08 03:56:19,633 - INFO - Epoch 129/200 train_acc=0.9857 test_overall=0.9133 test_class=0.8721
2026-07-08 03:58:51,255 - INFO - Epoch 130/200 train_acc=0.9857 test_overall=0.9095 test_class=0.8683
2026-07-08 04:01:24,600 - INFO - Epoch 131/200 train_acc=0.9865 test_overall=0.8998 test_class=0.8706
2026-07-08 04:03:57,168 - INFO - Epoch 132/200 train_acc=0.9854 test_overall=0.9051 test_class=0.8730
2026-07-08 04:06:30,250 - INFO - Epoch 133/200 train_acc=0.9814 test_overall=0.9072 test_class=0.8729
2026-07-08 04:09:04,951 - INFO - Epoch 134/200 train_acc=0.9841 test_overall=0.9040 test_class=0.8749
2026-07-08 04:11:37,504 - INFO - Epoch 135/200 train_acc=0.9863 test_overall=0.9038 test_class=0.8658
2026-07-08 04:14:10,301 - INFO - Epoch 136/200 train_acc=0.9874 test_overall=0.9133 test_class=0.8841
2026-07-08 04:16:35,241 - INFO - Epoch 137/200 train_acc=0.9856 test_overall=0.9060 test_class=0.8721
2026-07-08 04:19:05,247 - INFO - Epoch 138/200 train_acc=0.9842 test_overall=0.9040 test_class=0.8691
2026-07-08 04:21:40,094 - INFO - Epoch 139/200 train_acc=0.9869 test_overall=0.9074 test_class=0.8712
2026-07-08 04:24:07,561 - INFO - Epoch 140/200 train_acc=0.9888 test_overall=0.9060 test_class=0.8711
2026-07-08 04:26:44,082 - INFO - Epoch 141/200 train_acc=0.9877 test_overall=0.9027 test_class=0.8636
2026-07-08 04:29:18,362 - INFO - Epoch 142/200 train_acc=0.9883 test_overall=0.9080 test_class=0.8751
2026-07-08 04:31:50,552 - INFO - Epoch 143/200 train_acc=0.9866 test_overall=0.9034 test_class=0.8731
2026-07-08 04:34:23,516 - INFO - Epoch 144/200 train_acc=0.9885 test_overall=0.9139 test_class=0.8728
2026-07-08 04:36:57,092 - INFO - Epoch 145/200 train_acc=0.9907 test_overall=0.9131 test_class=0.8748
2026-07-08 04:39:27,930 - INFO - Epoch 146/200 train_acc=0.9880 test_overall=0.9092 test_class=0.8754
2026-07-08 04:42:02,561 - INFO - Epoch 147/200 train_acc=0.9881 test_overall=0.9095 test_class=0.8772
2026-07-08 04:44:35,625 - INFO - Epoch 148/200 train_acc=0.9893 test_overall=0.9104 test_class=0.8740
2026-07-08 04:47:08,757 - INFO - Epoch 149/200 train_acc=0.9879 test_overall=0.9100 test_class=0.8760
2026-07-08 04:49:42,952 - INFO - Epoch 150/200 train_acc=0.9891 test_overall=0.9064 test_class=0.8671
2026-07-08 04:52:16,094 - INFO - Epoch 151/200 train_acc=0.9876 test_overall=0.9088 test_class=0.8745
2026-07-08 04:54:51,007 - INFO - Epoch 152/200 train_acc=0.9876 test_overall=0.9120 test_class=0.8721
2026-07-08 04:57:25,838 - INFO - Epoch 153/200 train_acc=0.9899 test_overall=0.9054 test_class=0.8670
2026-07-08 04:59:57,089 - INFO - Epoch 154/200 train_acc=0.9875 test_overall=0.9107 test_class=0.8768
2026-07-08 05:02:31,272 - INFO - Epoch 155/200 train_acc=0.9881 test_overall=0.9100 test_class=0.8839
2026-07-08 05:05:04,998 - INFO - Epoch 156/200 train_acc=0.9898 test_overall=0.9097 test_class=0.8800
2026-07-08 05:07:38,986 - INFO - Epoch 157/200 train_acc=0.9880 test_overall=0.9142 test_class=0.8812
2026-07-08 05:10:14,328 - INFO - Epoch 158/200 train_acc=0.9868 test_overall=0.9080 test_class=0.8770
2026-07-08 05:12:49,909 - INFO - Epoch 159/200 train_acc=0.9903 test_overall=0.9088 test_class=0.8740
2026-07-08 05:15:24,913 - INFO - Epoch 160/200 train_acc=0.9893 test_overall=0.9050 test_class=0.8717
2026-07-08 05:17:53,928 - INFO - Epoch 161/200 train_acc=0.9904 test_overall=0.9087 test_class=0.8713
2026-07-08 05:20:28,324 - INFO - Epoch 162/200 train_acc=0.9910 test_overall=0.9066 test_class=0.8750
2026-07-08 05:22:59,720 - INFO - Epoch 163/200 train_acc=0.9911 test_overall=0.9116 test_class=0.8799
2026-07-08 05:25:32,399 - INFO - Epoch 164/200 train_acc=0.9910 test_overall=0.9104 test_class=0.8744
2026-07-08 05:28:05,570 - INFO - Epoch 165/200 train_acc=0.9891 test_overall=0.9052 test_class=0.8725
2026-07-08 05:30:38,564 - INFO - Epoch 166/200 train_acc=0.9925 test_overall=0.9092 test_class=0.8794
2026-07-08 05:33:12,777 - INFO - Epoch 167/200 train_acc=0.9923 test_overall=0.9120 test_class=0.8780
2026-07-08 05:35:47,005 - INFO - Epoch 168/200 train_acc=0.9908 test_overall=0.9100 test_class=0.8776
2026-07-08 05:38:07,919 - INFO - Epoch 169/200 train_acc=0.9905 test_overall=0.9066 test_class=0.8724
2026-07-08 05:40:41,978 - INFO - Epoch 170/200 train_acc=0.9905 test_overall=0.9091 test_class=0.8760
2026-07-08 05:43:14,764 - INFO - Epoch 171/200 train_acc=0.9922 test_overall=0.9062 test_class=0.8651
2026-07-08 05:45:46,714 - INFO - Epoch 172/200 train_acc=0.9915 test_overall=0.9107 test_class=0.8767
2026-07-08 05:48:21,697 - INFO - Epoch 173/200 train_acc=0.9929 test_overall=0.9066 test_class=0.8638
2026-07-08 05:50:49,526 - INFO - Epoch 174/200 train_acc=0.9909 test_overall=0.9123 test_class=0.8751
2026-07-08 05:53:24,498 - INFO - Epoch 175/200 train_acc=0.9921 test_overall=0.9143 test_class=0.8816
2026-07-08 05:56:00,084 - INFO - Epoch 176/200 train_acc=0.9917 test_overall=0.9108 test_class=0.8743
2026-07-08 05:58:33,881 - INFO - Epoch 177/200 train_acc=0.9903 test_overall=0.9114 test_class=0.8709
2026-07-08 06:01:07,206 - INFO - Epoch 178/200 train_acc=0.9903 test_overall=0.9111 test_class=0.8771
2026-07-08 06:03:40,669 - INFO - Epoch 179/200 train_acc=0.9924 test_overall=0.9093 test_class=0.8766
2026-07-08 06:06:13,817 - INFO - Epoch 180/200 train_acc=0.9926 test_overall=0.9125 test_class=0.8794
2026-07-08 06:08:47,978 - INFO - Epoch 181/200 train_acc=0.9919 test_overall=0.9085 test_class=0.8778
2026-07-08 06:11:23,983 - INFO - Epoch 182/200 train_acc=0.9923 test_overall=0.9129 test_class=0.8803
2026-07-08 06:13:58,963 - INFO - Epoch 183/200 train_acc=0.9929 test_overall=0.9067 test_class=0.8688
2026-07-08 06:16:33,787 - INFO - Epoch 184/200 train_acc=0.9919 test_overall=0.9083 test_class=0.8739
2026-07-08 06:19:07,830 - INFO - Epoch 185/200 train_acc=0.9931 test_overall=0.9083 test_class=0.8795
2026-07-08 06:21:42,907 - INFO - Epoch 186/200 train_acc=0.9918 test_overall=0.9089 test_class=0.8767
2026-07-08 06:24:16,711 - INFO - Epoch 187/200 train_acc=0.9939 test_overall=0.9080 test_class=0.8753
2026-07-08 06:26:51,875 - INFO - Epoch 188/200 train_acc=0.9933 test_overall=0.9092 test_class=0.8754
2026-07-08 06:29:26,638 - INFO - Epoch 189/200 train_acc=0.9914 test_overall=0.9117 test_class=0.8754
2026-07-08 06:32:02,151 - INFO - Epoch 190/200 train_acc=0.9933 test_overall=0.9042 test_class=0.8692
2026-07-08 06:34:34,766 - INFO - Epoch 191/200 train_acc=0.9936 test_overall=0.9153 test_class=0.8835
2026-07-08 06:37:10,471 - INFO - Epoch 192/200 train_acc=0.9921 test_overall=0.9104 test_class=0.8717
2026-07-08 06:39:43,851 - INFO - Epoch 193/200 train_acc=0.9937 test_overall=0.9153 test_class=0.8817
2026-07-08 06:42:16,819 - INFO - Epoch 194/200 train_acc=0.9929 test_overall=0.9101 test_class=0.8763
2026-07-08 06:44:52,306 - INFO - Epoch 195/200 train_acc=0.9942 test_overall=0.9074 test_class=0.8728
2026-07-08 06:47:26,540 - INFO - Epoch 196/200 train_acc=0.9923 test_overall=0.9028 test_class=0.8660
2026-07-08 06:50:00,488 - INFO - Epoch 197/200 train_acc=0.9939 test_overall=0.9070 test_class=0.8776
2026-07-08 06:52:36,557 - INFO - Epoch 198/200 train_acc=0.9936 test_overall=0.9056 test_class=0.8745
2026-07-08 06:55:05,100 - INFO - Epoch 199/200 train_acc=0.9937 test_overall=0.9083 test_class=0.8728
2026-07-08 06:57:38,135 - INFO - Epoch 200/200 train_acc=0.9936 test_overall=0.9100 test_class=0.8726
2026-07-08 06:57:38,144 - INFO - Training finished. best_overall=0.9163 best_class=0.8774
